2025-01-24 08:32:11.568 [info] [main] Log level: Info
2025-01-24 08:32:11.568 [info] [main] Validating found git in: "git"
2025-01-24 08:32:11.568 [info] [main] Using git "2.30.2" from "git"
2025-01-24 08:32:11.568 [info] [Model][doInitialScan] Initial repository scan started
2025-01-24 08:32:13.094 [info] > git rev-parse --show-toplevel [1539ms]
2025-01-24 08:32:13.384 [info] > git rev-parse --git-dir --git-common-dir [271ms]
2025-01-24 08:32:13.414 [info] [Model][openRepository] Opened repository: /var/www/html/Reservation_Restaurant
2025-01-24 08:32:13.447 [info] > git rev-parse --show-toplevel [16ms]
2025-01-24 08:32:13.448 [info] > git config --get commit.template [22ms]
2025-01-24 08:32:14.078 [info] > git rev-parse --show-toplevel [624ms]
2025-01-24 08:32:14.084 [info] [Model][doInitialScan] Initial repository scan completed - repositories (1), closed repositories (0), parent repositories (0), unsafe repositories (0)
2025-01-24 08:32:14.106 [info] > git for-each-ref --format=%(refname)%00%(upstream:short)%00%(objectname)%00%(upstream:track)%00%(upstream:remotename)%00%(upstream:remoteref) refs/heads/main refs/remotes/main [92ms]
2025-01-24 08:32:14.325 [info] > git status -z -uall [179ms]
2025-01-24 08:32:14.326 [info] > git for-each-ref --sort -committerdate --format %(refname) %(objectname) %(*objectname) [177ms]
2025-01-24 08:32:14.424 [info] > git for-each-ref --format=%(refname)%00%(upstream:short)%00%(objectname)%00%(upstream:track)%00%(upstream:remotename)%00%(upstream:remoteref) refs/heads/main refs/remotes/main [21ms]
2025-01-24 08:32:14.456 [info] > git config --get commit.template [35ms]
2025-01-24 08:32:14.460 [info] > git config --local branch.main.vscode-merge-base [19ms]
2025-01-24 08:32:14.817 [info] > git check-ignore -v -z --stdin [231ms]
2025-01-24 08:32:14.819 [info] > git for-each-ref --format=%(refname)%00%(upstream:short)%00%(objectname)%00%(upstream:track)%00%(upstream:remotename)%00%(upstream:remoteref) refs/heads/main refs/remotes/main [320ms]
2025-01-24 08:32:14.820 [info] > git for-each-ref --format=%(refname)%00%(upstream:short)%00%(objectname)%00%(upstream:track)%00%(upstream:remotename)%00%(upstream:remoteref) refs/heads/origin/main refs/remotes/origin/main [344ms]
2025-01-24 08:32:15.130 [info] > git merge-base refs/heads/main refs/remotes/origin/main [302ms]
2025-01-24 08:32:15.367 [info] > git status -z -uall [218ms]
2025-01-24 08:32:15.367 [info] > git for-each-ref --sort -committerdate --format %(refname) %(objectname) %(*objectname) [212ms]
2025-01-24 08:32:15.380 [info] > git diff --name-status -z --diff-filter=ADMR dc9691f26b43f9dfa71948d7b059699c8f15baa8...refs/remotes/origin/main [245ms]
2025-01-24 08:32:15.520 [info] > git merge-base refs/heads/main refs/remotes/origin/main [145ms]
2025-01-24 08:32:15.525 [info] > git fetch [2112ms]
2025-01-24 08:32:15.664 [info] > git config --get commit.template [129ms]
2025-01-24 08:32:15.664 [info] > git diff --name-status -z --diff-filter=ADMR dc9691f26b43f9dfa71948d7b059699c8f15baa8...refs/remotes/origin/main [139ms]
2025-01-24 08:32:15.752 [info] > git for-each-ref --format=%(refname)%00%(upstream:short)%00%(objectname)%00%(upstream:track)%00%(upstream:remotename)%00%(upstream:remoteref) refs/heads/main refs/remotes/main [17ms]
2025-01-24 08:32:15.886 [info] > git status -z -uall [128ms]
2025-01-24 08:32:15.921 [info] > git for-each-ref --sort -committerdate --format %(refname) %(objectname) %(*objectname) [155ms]
2025-01-24 08:32:46.837 [info] > git check-ignore -v -z --stdin [11ms]
2025-01-24 08:32:51.415 [info] > git show --textconv :front/page.js [2081ms]
2025-01-24 08:32:51.416 [info] > git ls-files --stage -- /var/www/html/Reservation_Restaurant/front/page.js [2049ms]
2025-01-24 08:32:51.674 [info] > git show --textconv :front/index.html [140ms]
2025-01-24 08:32:51.674 [info] > git cat-file -s e69de29bb2d1d6434b8b29ae775ad8c2e48c5391 [199ms]
2025-01-24 08:32:51.798 [info] > git ls-files --stage -- /var/www/html/Reservation_Restaurant/front/index.html [235ms]
2025-01-24 08:32:51.880 [info] > git cat-file -s 0519ecba6ea913e21689ec692e81e9e4973fbf73 [55ms]
2025-01-24 08:34:02.326 [info] > git blame --root --incremental dc9691f26b43f9dfa71948d7b059699c8f15baa8 -- /var/www/html/Reservation_Restaurant/front/index.html [441ms]
2025-01-24 08:34:20.180 [info] > git show --textconv :front/page.css [41ms]
2025-01-24 08:34:20.180 [info] > git ls-files --stage -- /var/www/html/Reservation_Restaurant/front/page.css [32ms]
2025-01-24 08:34:20.296 [info] > git check-ignore -v -z --stdin [19ms]
2025-01-24 08:34:21.129 [info] > git config --get commit.template [22ms]
2025-01-24 08:34:21.200 [info] > git for-each-ref --format=%(refname)%00%(upstream:short)%00%(objectname)%00%(upstream:track)%00%(upstream:remotename)%00%(upstream:remoteref) refs/heads/main refs/remotes/main [74ms]
2025-01-24 08:34:21.238 [info] > git for-each-ref --sort -committerdate --format %(refname) %(objectname) %(*objectname) [21ms]
2025-01-24 08:34:21.265 [info] > git status -z -uall [56ms]
2025-01-24 08:34:21.702 [info] > git show --textconv :front/index.html [12ms]
2025-01-24 08:34:21.706 [info] > git ls-files --stage -- /var/www/html/Reservation_Restaurant/front/index.html [6ms]
2025-01-24 08:34:21.715 [info] > git cat-file -s 0519ecba6ea913e21689ec692e81e9e4973fbf73 [3ms]
2025-01-24 08:34:27.520 [info] > git show --textconv :front/page.js [13ms]
2025-01-24 08:34:27.524 [info] > git ls-files --stage -- /var/www/html/Reservation_Restaurant/front/page.js [6ms]
2025-01-24 08:34:27.533 [info] > git cat-file -s e69de29bb2d1d6434b8b29ae775ad8c2e48c5391 [3ms]
2025-01-24 08:34:28.128 [info] > git show --textconv :front/page.css [16ms]
2025-01-24 08:34:28.139 [info] > git ls-files --stage -- /var/www/html/Reservation_Restaurant/front/page.css [12ms]
2025-01-24 08:34:28.892 [info] > git blame --root --incremental dc9691f26b43f9dfa71948d7b059699c8f15baa8 -- /var/www/html/Reservation_Restaurant/front/page.css [31ms]
2025-01-24 08:34:28.892 [info] fatal: no such path front/page.css in dc9691f26b43f9dfa71948d7b059699c8f15baa8
2025-01-24 08:34:30.902 [info] > git show --textconv :front/page.js [9ms]
2025-01-24 08:34:30.906 [info] > git ls-files --stage -- /var/www/html/Reservation_Restaurant/front/page.js [5ms]
2025-01-24 08:34:30.913 [info] > git cat-file -s e69de29bb2d1d6434b8b29ae775ad8c2e48c5391 [2ms]
2025-01-24 08:34:31.918 [info] > git show --textconv :front/index.html [9ms]
2025-01-24 08:34:31.921 [info] > git ls-files --stage -- /var/www/html/Reservation_Restaurant/front/index.html [5ms]
2025-01-24 08:34:31.929 [info] > git cat-file -s 0519ecba6ea913e21689ec692e81e9e4973fbf73 [3ms]
2025-01-24 08:35:17.190 [info] > git ls-files --stage -- /var/www/html/Reservation_Restaurant/front/index.html [6ms]
2025-01-24 08:35:17.201 [info] > git cat-file -s 0519ecba6ea913e21689ec692e81e9e4973fbf73 [5ms]
2025-01-24 08:35:17.220 [info] > git show --textconv :front/index.html [5ms]
2025-01-24 08:35:19.717 [info] > git fetch [3762ms]
2025-01-24 08:35:19.746 [info] > git config --get commit.template [11ms]
2025-01-24 08:35:19.757 [info] > git for-each-ref --format=%(refname)%00%(upstream:short)%00%(objectname)%00%(upstream:track)%00%(upstream:remotename)%00%(upstream:remoteref) refs/heads/main refs/remotes/main [4ms]
2025-01-24 08:35:19.778 [info] > git status -z -uall [14ms]
2025-01-24 08:35:19.782 [info] > git for-each-ref --sort -committerdate --format %(refname) %(objectname) %(*objectname) [9ms]
2025-01-24 08:35:20.869 [info] > git ls-files --stage -- /var/www/html/Reservation_Restaurant/front/index.html [5ms]
2025-01-24 08:35:20.886 [info] > git cat-file -s 0519ecba6ea913e21689ec692e81e9e4973fbf73 [6ms]
2025-01-24 08:35:20.904 [info] > git show --textconv :front/index.html [3ms]
2025-01-24 08:36:47.113 [info] > git log --format=%H%n%aN%n%aE%n%at%n%ct%n%P%n%D%n%B -z --shortstat -n50 --skip=0 --topo-order --decorate=full --stdin [157ms]
2025-01-24 08:36:54.593 [info] > git log --format=%H%n%aN%n%aE%n%at%n%ct%n%P%n%D%n%B -z --shortstat -n50 --skip=0 --topo-order --decorate=full --stdin [10ms]
2025-01-24 08:37:02.342 [info] > git config --get commit.template [15ms]
2025-01-24 08:37:02.346 [info] > git for-each-ref --format=%(refname)%00%(upstream:short)%00%(objectname)%00%(upstream:track)%00%(upstream:remotename)%00%(upstream:remoteref) refs/heads/main refs/remotes/main [5ms]
2025-01-24 08:37:02.369 [info] > git status -z -uall [12ms]
2025-01-24 08:37:02.373 [info] > git for-each-ref --sort -committerdate --format %(refname) %(objectname) %(*objectname) [5ms]
2025-01-24 08:37:03.211 [info] > git log --format=%H%n%aN%n%aE%n%at%n%ct%n%P%n%D%n%B -z --shortstat -n50 --skip=0 --topo-order --decorate=full --stdin [9ms]
2025-01-24 08:37:05.706 [info] > git add -A -- /var/www/html/Reservation_Restaurant/front/index.html /var/www/html/Reservation_Restaurant/front/page.css [109ms]
2025-01-24 08:37:05.726 [info] > git config --get commit.template [9ms]
2025-01-24 08:37:05.729 [info] > git for-each-ref --format=%(refname)%00%(upstream:short)%00%(objectname)%00%(upstream:track)%00%(upstream:remotename)%00%(upstream:remoteref) refs/heads/main refs/remotes/main [4ms]
2025-01-24 08:37:05.744 [info] > git status -z -uall [9ms]
2025-01-24 08:37:05.747 [info] > git for-each-ref --sort -committerdate --format %(refname) %(objectname) %(*objectname) [4ms]
2025-01-24 08:37:06.092 [info] > git show --textconv HEAD:front/index.html [14ms]
2025-01-24 08:37:06.096 [info] > git ls-tree -l HEAD -- /var/www/html/Reservation_Restaurant/front/index.html [5ms]
2025-01-24 08:37:06.926 [info] > git ls-files --stage -- /var/www/html/Reservation_Restaurant/front/index.html [9ms]
2025-01-24 08:37:06.937 [info] > git ls-tree -l HEAD -- /var/www/html/Reservation_Restaurant/front/index.html [13ms]
2025-01-24 08:37:06.941 [info] > git cat-file -s 5eb4b6f2144ac63e2aa6331f9ccc656bd9edd83a [6ms]
2025-01-24 08:37:06.976 [info] > git show --textconv HEAD:front/index.html [13ms]
2025-01-24 08:37:06.978 [info] > git show --textconv :front/index.html [19ms]
2025-01-24 08:37:07.397 [info] > git config --get commit.template [10ms]
2025-01-24 08:37:07.401 [info] > git for-each-ref --format=%(refname)%00%(upstream:short)%00%(objectname)%00%(upstream:track)%00%(upstream:remotename)%00%(upstream:remoteref) refs/heads/main refs/remotes/main [5ms]
2025-01-24 08:37:07.417 [info] > git status -z -uall [10ms]
2025-01-24 08:37:07.422 [info] > git for-each-ref --sort -committerdate --format %(refname) %(objectname) %(*objectname) [6ms]
2025-01-24 08:37:18.638 [info] > git add -A -- /var/www/html/Reservation_Restaurant/front/page.css [13ms]
2025-01-24 08:37:18.658 [info] > git config --get commit.template [9ms]
2025-01-24 08:37:18.663 [info] > git for-each-ref --format=%(refname)%00%(upstream:short)%00%(objectname)%00%(upstream:track)%00%(upstream:remotename)%00%(upstream:remoteref) refs/heads/main refs/remotes/main [7ms]
2025-01-24 08:37:18.681 [info] > git status -z -uall [12ms]
2025-01-24 08:37:18.684 [info] > git for-each-ref --sort -committerdate --format %(refname) %(objectname) %(*objectname) [5ms]
2025-01-24 08:37:18.857 [info] > git -c user.useConfigOnly=true commit --quiet --allow-empty-message --file - [155ms]
2025-01-24 08:37:18.873 [info] > git config --get commit.template [3ms]
2025-01-24 08:37:18.911 [info] > git for-each-ref --format=%(refname)%00%(upstream:short)%00%(objectname)%00%(upstream:track)%00%(upstream:remotename)%00%(upstream:remoteref) refs/heads/main refs/remotes/main [14ms]
2025-01-24 08:37:18.912 [info] > git config --get commit.template [26ms]
2025-01-24 08:37:18.929 [info] > git status -z -uall [11ms]
2025-01-24 08:37:18.934 [info] > git for-each-ref --sort -committerdate --format %(refname) %(objectname) %(*objectname) [6ms]
2025-01-24 08:37:19.012 [info] > git merge-base refs/heads/main refs/remotes/origin/main [19ms]
2025-01-24 08:37:19.025 [info] > git blame --root --incremental bde99be4af486147697f87392451534cb8d2a328 -- /var/www/html/Reservation_Restaurant/front/index.html [57ms]
2025-01-24 08:37:19.091 [info] > git diff --name-status -z --diff-filter=ADMR dc9691f26b43f9dfa71948d7b059699c8f15baa8...refs/remotes/origin/main [67ms]
2025-01-24 08:37:19.095 [info] > git log --format=%H%n%aN%n%aE%n%at%n%ct%n%P%n%D%n%B -z --shortstat -n50 --skip=0 --topo-order --decorate=full --stdin [44ms]
2025-01-24 08:37:19.098 [info] > git config --get commit.template [8ms]
2025-01-24 08:37:19.109 [info] > git for-each-ref --format=%(refname)%00%(upstream:short)%00%(objectname)%00%(upstream:track)%00%(upstream:remotename)%00%(upstream:remoteref) refs/heads/main refs/remotes/main [5ms]
2025-01-24 08:37:19.128 [info] > git status -z -uall [12ms]
2025-01-24 08:37:19.132 [info] > git for-each-ref --sort -committerdate --format %(refname) %(objectname) %(*objectname) [8ms]
2025-01-24 08:37:20.129 [info] > git ls-files --stage -- /var/www/html/Reservation_Restaurant/front/index.html [3ms]
2025-01-24 08:37:20.137 [info] > git cat-file -s 5eb4b6f2144ac63e2aa6331f9ccc656bd9edd83a [3ms]
2025-01-24 08:37:20.153 [info] > git show --textconv :front/index.html [3ms]
2025-01-24 08:37:21.688 [info] > git log --oneline --cherry main...main@{upstream} -- [4ms]
2025-01-24 08:37:22.231 [info] > git pull --tags origin main [535ms]
2025-01-24 08:37:22.231 [info] hint: Pulling without specifying how to reconcile divergent branches is
hint: discouraged. You can squelch this message by running one of the following
hint: commands sometime before your next pull:
hint: 
hint:   git config pull.rebase false  # merge (the default strategy)
hint:   git config pull.rebase true   # rebase
hint:   git config pull.ff only       # fast-forward only
hint: 
hint: You can replace "git config" with "git config --global" to set a default
hint: preference for all repositories. You can also pass --rebase, --no-rebase,
hint: or --ff-only on the command line to override the configured default per
hint: invocation.
From https://github.com/DumeS0108/Reservation_Restaurant
 * branch            main       -> FETCH_HEAD
2025-01-24 08:37:23.501 [info] > git ls-files --stage -- /var/www/html/Reservation_Restaurant/front/index.html [5ms]
2025-01-24 08:37:23.509 [info] > git cat-file -s 5eb4b6f2144ac63e2aa6331f9ccc656bd9edd83a [3ms]
2025-01-24 08:37:23.525 [info] > git show --textconv :front/index.html [4ms]
2025-01-24 08:37:23.620 [info] > git push origin main:main [1380ms]
2025-01-24 08:37:23.620 [info] To https://github.com/DumeS0108/Reservation_Restaurant.git
   dc9691f..bde99be  main -> main
2025-01-24 08:37:23.636 [info] > git config --get commit.template [8ms]
2025-01-24 08:37:23.642 [info] > git for-each-ref --format=%(refname)%00%(upstream:short)%00%(objectname)%00%(upstream:track)%00%(upstream:remotename)%00%(upstream:remoteref) refs/heads/main refs/remotes/main [7ms]
2025-01-24 08:37:23.658 [info] > git status -z -uall [10ms]
2025-01-24 08:37:23.665 [info] > git for-each-ref --sort -committerdate --format %(refname) %(objectname) %(*objectname) [8ms]
2025-01-24 08:37:23.692 [info] > git merge-base refs/heads/main refs/remotes/origin/main [9ms]
2025-01-24 08:37:23.701 [info] > git diff --name-status -z --diff-filter=ADMR bde99be4af486147697f87392451534cb8d2a328...refs/remotes/origin/main [3ms]
2025-01-24 08:37:23.731 [info] > git log --format=%H%n%aN%n%aE%n%at%n%ct%n%P%n%D%n%B -z --shortstat -n50 --skip=0 --topo-order --decorate=full --stdin [12ms]
2025-01-24 08:37:24.824 [info] > git config --get commit.template [8ms]
2025-01-24 08:37:24.827 [info] > git for-each-ref --format=%(refname)%00%(upstream:short)%00%(objectname)%00%(upstream:track)%00%(upstream:remotename)%00%(upstream:remoteref) refs/heads/main refs/remotes/main [4ms]
2025-01-24 08:37:24.859 [info] > git status -z -uall [17ms]
2025-01-24 08:37:24.870 [info] > git for-each-ref --sort -committerdate --format %(refname) %(objectname) %(*objectname) [13ms]
2025-01-24 08:37:24.956 [info] > git ls-files --stage -- /var/www/html/Reservation_Restaurant/front/index.html [4ms]
2025-01-24 08:37:24.964 [info] > git cat-file -s 5eb4b6f2144ac63e2aa6331f9ccc656bd9edd83a [3ms]
2025-01-24 08:37:24.979 [info] > git show --textconv :front/index.html [4ms]
2025-01-24 08:38:20.258 [info] > git fetch [461ms]
2025-01-24 08:38:20.290 [info] > git config --get commit.template [15ms]
2025-01-24 08:38:20.295 [info] > git for-each-ref --format=%(refname)%00%(upstream:short)%00%(objectname)%00%(upstream:track)%00%(upstream:remotename)%00%(upstream:remoteref) refs/heads/main refs/remotes/main [8ms]
2025-01-24 08:38:20.314 [info] > git status -z -uall [11ms]
2025-01-24 08:38:20.318 [info] > git for-each-ref --sort -committerdate --format %(refname) %(objectname) %(*objectname) [5ms]
2025-01-24 08:38:21.410 [info] > git config --get commit.template [7ms]
2025-01-24 08:38:21.413 [info] > git for-each-ref --format=%(refname)%00%(upstream:short)%00%(objectname)%00%(upstream:track)%00%(upstream:remotename)%00%(upstream:remoteref) refs/heads/main refs/remotes/main [4ms]
2025-01-24 08:38:21.434 [info] > git status -z -uall [16ms]
2025-01-24 08:38:21.441 [info] > git for-each-ref --sort -committerdate --format %(refname) %(objectname) %(*objectname) [9ms]
2025-01-24 08:38:21.527 [info] > git ls-files --stage -- /var/www/html/Reservation_Restaurant/front/index.html [3ms]
2025-01-24 08:38:21.535 [info] > git cat-file -s 5eb4b6f2144ac63e2aa6331f9ccc656bd9edd83a [3ms]
2025-01-24 08:38:21.551 [info] > git show --textconv :front/index.html [4ms]
2025-01-24 08:39:59.348 [info] > git config --get commit.template [12ms]
2025-01-24 08:39:59.355 [info] > git for-each-ref --format=%(refname)%00%(upstream:short)%00%(objectname)%00%(upstream:track)%00%(upstream:remotename)%00%(upstream:remoteref) refs/heads/main refs/remotes/main [8ms]
2025-01-24 08:39:59.372 [info] > git status -z -uall [10ms]
2025-01-24 08:39:59.379 [info] > git for-each-ref --sort -committerdate --format %(refname) %(objectname) %(*objectname) [7ms]
2025-01-24 08:39:59.964 [info] > git log --format=%H%n%aN%n%aE%n%at%n%ct%n%P%n%D%n%B -z --shortstat -n50 --skip=0 --topo-order --decorate=full --stdin [11ms]
2025-01-24 08:40:08.302 [info] > git add -A -- /var/www/html/Reservation_Restaurant/front/index.html [17ms]
2025-01-24 08:40:08.324 [info] > git config --get commit.template [8ms]
2025-01-24 08:40:08.327 [info] > git for-each-ref --format=%(refname)%00%(upstream:short)%00%(objectname)%00%(upstream:track)%00%(upstream:remotename)%00%(upstream:remoteref) refs/heads/main refs/remotes/main [4ms]
2025-01-24 08:40:08.344 [info] > git status -z -uall [10ms]
2025-01-24 08:40:08.349 [info] > git for-each-ref --sort -committerdate --format %(refname) %(objectname) %(*objectname) [5ms]
2025-01-24 08:40:08.686 [info] > git show --textconv HEAD:front/index.html [9ms]
2025-01-24 08:40:08.690 [info] > git ls-tree -l HEAD -- /var/www/html/Reservation_Restaurant/front/index.html [6ms]
2025-01-24 08:40:08.998 [info] > git -c user.useConfigOnly=true commit --quiet --allow-empty-message --file - [14ms]
2025-01-24 08:40:09.010 [info] > git config --get commit.template [6ms]
2025-01-24 08:40:09.026 [info] > git config --get commit.template [8ms]
2025-01-24 08:40:09.034 [info] > git for-each-ref --format=%(refname)%00%(upstream:short)%00%(objectname)%00%(upstream:track)%00%(upstream:remotename)%00%(upstream:remoteref) refs/heads/main refs/remotes/main [4ms]
2025-01-24 08:40:09.050 [info] > git status -z -uall [11ms]
2025-01-24 08:40:09.053 [info] > git for-each-ref --sort -committerdate --format %(refname) %(objectname) %(*objectname) [6ms]
2025-01-24 08:40:09.087 [info] > git merge-base refs/heads/main refs/remotes/origin/main [11ms]
2025-01-24 08:40:09.102 [info] > git blame --root --incremental 3a3c79c74d12ff3ccb1f3bac39f5a44771720030 -- /var/www/html/Reservation_Restaurant/front/index.html [38ms]
2025-01-24 08:40:09.118 [info] > git diff --name-status -z --diff-filter=ADMR bde99be4af486147697f87392451534cb8d2a328...refs/remotes/origin/main [19ms]
2025-01-24 08:40:09.143 [info] > git log --format=%H%n%aN%n%aE%n%at%n%ct%n%P%n%D%n%B -z --shortstat -n50 --skip=0 --topo-order --decorate=full --stdin [27ms]
2025-01-24 08:40:09.152 [info] > git config --get commit.template [9ms]
2025-01-24 08:40:09.156 [info] > git for-each-ref --format=%(refname)%00%(upstream:short)%00%(objectname)%00%(upstream:track)%00%(upstream:remotename)%00%(upstream:remoteref) refs/heads/main refs/remotes/main [5ms]
2025-01-24 08:40:09.171 [info] > git status -z -uall [10ms]
2025-01-24 08:40:09.175 [info] > git for-each-ref --sort -committerdate --format %(refname) %(objectname) %(*objectname) [5ms]
2025-01-24 08:40:09.389 [info] > git config --get commit.template [8ms]
2025-01-24 08:40:09.393 [info] > git for-each-ref --format=%(refname)%00%(upstream:short)%00%(objectname)%00%(upstream:track)%00%(upstream:remotename)%00%(upstream:remoteref) refs/heads/main refs/remotes/main [5ms]
2025-01-24 08:40:09.423 [info] > git status -z -uall [12ms]
2025-01-24 08:40:09.430 [info] > git for-each-ref --sort -committerdate --format %(refname) %(objectname) %(*objectname) [10ms]
2025-01-24 08:40:11.082 [info] > git log --oneline --cherry main...main@{upstream} -- [4ms]
2025-01-24 08:40:11.108 [info] > git ls-files --stage -- /var/www/html/Reservation_Restaurant/front/index.html [5ms]
2025-01-24 08:40:11.126 [info] > git cat-file -s 61bf2bc1b400ad500242a00b15cc1f410de05e21 [10ms]
2025-01-24 08:40:11.144 [info] > git show --textconv :front/index.html [4ms]
2025-01-24 08:40:11.623 [info] > git pull --tags origin main [535ms]
2025-01-24 08:40:11.623 [info] hint: Pulling without specifying how to reconcile divergent branches is
hint: discouraged. You can squelch this message by running one of the following
hint: commands sometime before your next pull:
hint: 
hint:   git config pull.rebase false  # merge (the default strategy)
hint:   git config pull.rebase true   # rebase
hint:   git config pull.ff only       # fast-forward only
hint: 
hint: You can replace "git config" with "git config --global" to set a default
hint: preference for all repositories. You can also pass --rebase, --no-rebase,
hint: or --ff-only on the command line to override the configured default per
hint: invocation.
From https://github.com/DumeS0108/Reservation_Restaurant
 * branch            main       -> FETCH_HEAD
2025-01-24 08:40:12.750 [info] > git push origin main:main [1119ms]
2025-01-24 08:40:12.750 [info] To https://github.com/DumeS0108/Reservation_Restaurant.git
   bde99be..3a3c79c  main -> main
2025-01-24 08:40:12.786 [info] > git for-each-ref --format=%(refname)%00%(upstream:short)%00%(objectname)%00%(upstream:track)%00%(upstream:remotename)%00%(upstream:remoteref) refs/heads/main refs/remotes/main [17ms]
2025-01-24 08:40:12.786 [info] > git config --get commit.template [25ms]
2025-01-24 08:40:12.806 [info] > git status -z -uall [13ms]
2025-01-24 08:40:12.811 [info] > git for-each-ref --sort -committerdate --format %(refname) %(objectname) %(*objectname) [8ms]
2025-01-24 08:40:12.867 [info] > git merge-base refs/heads/main refs/remotes/origin/main [25ms]
2025-01-24 08:40:12.876 [info] > git ls-files --stage -- /var/www/html/Reservation_Restaurant/front/index.html [13ms]
2025-01-24 08:40:12.897 [info] > git diff --name-status -z --diff-filter=ADMR 3a3c79c74d12ff3ccb1f3bac39f5a44771720030...refs/remotes/origin/main [22ms]
2025-01-24 08:40:12.899 [info] > git cat-file -s 61bf2bc1b400ad500242a00b15cc1f410de05e21 [12ms]
2025-01-24 08:40:12.915 [info] > git log --format=%H%n%aN%n%aE%n%at%n%ct%n%P%n%D%n%B -z --shortstat -n50 --skip=0 --topo-order --decorate=full --stdin [19ms]
2025-01-24 08:40:12.922 [info] > git show --textconv :front/index.html [8ms]
2025-01-24 08:40:14.061 [info] > git ls-files --stage -- /var/www/html/Reservation_Restaurant/front/index.html [4ms]
2025-01-24 08:40:14.069 [info] > git cat-file -s 61bf2bc1b400ad500242a00b15cc1f410de05e21 [3ms]
2025-01-24 08:40:14.083 [info] > git show --textconv :front/index.html [4ms]
2025-01-24 08:40:14.464 [info] > git config --get commit.template [22ms]
2025-01-24 08:40:14.465 [info] > git for-each-ref --format=%(refname)%00%(upstream:short)%00%(objectname)%00%(upstream:track)%00%(upstream:remotename)%00%(upstream:remoteref) refs/heads/main refs/remotes/main [16ms]
2025-01-24 08:40:14.484 [info] > git status -z -uall [11ms]
2025-01-24 08:40:14.488 [info] > git for-each-ref --sort -committerdate --format %(refname) %(objectname) %(*objectname) [5ms]
