2025-01-24 15:13:22.953 [info] [main] Log level: Info
2025-01-24 15:13:22.953 [info] [main] Validating found git in: "git"
2025-01-24 15:13:22.953 [info] [main] Using git "2.30.2" from "git"
2025-01-24 15:13:22.953 [info] [Model][doInitialScan] Initial repository scan started
2025-01-24 15:13:22.953 [info] > git rev-parse --show-toplevel [1529ms]
2025-01-24 15:13:22.953 [info] fatal: not a git repository (or any of the parent directories): .git
2025-01-24 15:13:23.468 [info] > git rev-parse --show-toplevel [516ms]
2025-01-24 15:13:23.477 [info] > git rev-parse --git-dir --git-common-dir [4ms]
2025-01-24 15:13:23.502 [info] [Model][openRepository] Opened repository: /var/www/html/Reservation_Restaurant
2025-01-24 15:13:23.538 [info] > git config --get commit.template [26ms]
2025-01-24 15:13:23.855 [info] > git rev-parse --show-toplevel [338ms]
2025-01-24 15:13:23.931 [info] > git for-each-ref --format=%(refname)%00%(upstream:short)%00%(objectname)%00%(upstream:track)%00%(upstream:remotename)%00%(upstream:remoteref) refs/heads/main refs/remotes/main [390ms]
2025-01-24 15:13:23.960 [info] > git rev-parse --git-dir --git-common-dir [30ms]
2025-01-24 15:13:24.002 [info] [Model][openRepository] Opened repository: /var/www/html/TPCSS1
2025-01-24 15:13:24.395 [info] > git check-ignore -v -z --stdin [38ms]
2025-01-24 15:13:24.405 [info] > git rev-parse --show-toplevel [375ms]
2025-01-24 15:13:24.409 [info] > git config --get commit.template [390ms]
2025-01-24 15:13:24.445 [info] > git status -z -uall [25ms]
2025-01-24 15:13:24.445 [info] > git for-each-ref --sort -committerdate --format %(refname) %(objectname) %(*objectname) [19ms]
2025-01-24 15:13:25.056 [info] > git for-each-ref --format=%(refname)%00%(upstream:short)%00%(objectname)%00%(upstream:track)%00%(upstream:remotename)%00%(upstream:remoteref) refs/heads/main refs/remotes/main [591ms]
2025-01-24 15:13:25.062 [info] > git rev-parse --git-dir --git-common-dir [628ms]
2025-01-24 15:13:25.075 [info] [Model][openRepository] Opened repository: /var/www/html/TP_js
2025-01-24 15:13:25.244 [info] > git check-ignore -v -z --stdin [162ms]
2025-01-24 15:13:25.246 [info] > git check-ignore -v -z --stdin [161ms]
2025-01-24 15:13:25.247 [info] > git config --local branch.main.vscode-merge-base [184ms]
2025-01-24 15:13:25.256 [info] > git config --get commit.template [202ms]
2025-01-24 15:13:25.257 [info] > git for-each-ref --format=%(refname)%00%(upstream:short)%00%(objectname)%00%(upstream:track)%00%(upstream:remotename)%00%(upstream:remoteref) refs/heads/main refs/remotes/main [814ms]
2025-01-24 15:13:25.277 [info] > git for-each-ref --format=%(refname)%00%(upstream:short)%00%(objectname)%00%(upstream:track)%00%(upstream:remotename)%00%(upstream:remoteref) refs/heads/origin/main refs/remotes/origin/main [21ms]
2025-01-24 15:13:25.438 [info] > git config --get commit.template [202ms]
2025-01-24 15:13:25.745 [info] > git merge-base refs/heads/main refs/remotes/origin/main [463ms]
2025-01-24 15:13:25.753 [info] > git rev-parse --show-toplevel [513ms]
2025-01-24 15:13:25.904 [info] > git for-each-ref --format=%(refname)%00%(upstream:short)%00%(objectname)%00%(upstream:track)%00%(upstream:remotename)%00%(upstream:remoteref) refs/heads/main refs/remotes/main [235ms]
2025-01-24 15:13:25.905 [info] > git fetch [2402ms]
2025-01-24 15:13:25.905 [info] From https://github.com/DumeS0108/Reservation_Restaurant
   3a3c79c..daac328  main       -> origin/main
2025-01-24 15:13:25.906 [info] > git fetch [1905ms]
2025-01-24 15:13:25.975 [info] > git check-ignore -v -z --stdin [61ms]
2025-01-24 15:13:25.976 [info] > git check-ignore -v -z --stdin [57ms]
2025-01-24 15:13:25.976 [info] > git check-ignore -v -z --stdin [53ms]
2025-01-24 15:13:25.977 [info] > git rev-parse --git-dir --git-common-dir [84ms]
2025-01-24 15:13:25.988 [info] [Model][openRepository] Opened repository: /var/www/html/jalon_semestre2
2025-01-24 15:13:25.990 [info] > git for-each-ref --format=%(refname)%00%(upstream:short)%00%(objectname)%00%(upstream:track)%00%(upstream:remotename)%00%(upstream:remoteref) refs/heads/exo_java refs/remotes/exo_java [103ms]
2025-01-24 15:13:25.990 [info] > git diff --name-status -z --diff-filter=ADMR 3a3c79c74d12ff3ccb1f3bac39f5a44771720030...refs/remotes/origin/main [237ms]
2025-01-24 15:13:26.034 [info] > git config --get commit.template [87ms]
2025-01-24 15:13:26.034 [info] > git config --get commit.template [92ms]
2025-01-24 15:13:26.034 [info] > git for-each-ref --format=%(refname)%00%(upstream:short)%00%(objectname)%00%(upstream:track)%00%(upstream:remotename)%00%(upstream:remoteref) refs/heads/main refs/remotes/main [100ms]
2025-01-24 15:13:26.148 [info] > git config --get commit.template [137ms]
2025-01-24 15:13:26.149 [info] > git config --get commit.template [142ms]
2025-01-24 15:13:26.244 [info] > git rev-parse --show-toplevel [225ms]
2025-01-24 15:13:26.252 [info] > git config --local branch.main.vscode-merge-base [214ms]
2025-01-24 15:13:26.253 [warning] [Git][config] git config failed: Failed to execute git
2025-01-24 15:13:26.657 [info] > git status -z -uall [333ms]
2025-01-24 15:13:26.658 [info] > git for-each-ref --format=%(refname)%00%(upstream:short)%00%(objectname)%00%(upstream:track)%00%(upstream:remotename)%00%(upstream:remoteref) refs/heads/main refs/remotes/main [420ms]
2025-01-24 15:13:26.659 [info] > git for-each-ref --format=%(refname)%00%(upstream:short)%00%(objectname)%00%(upstream:track)%00%(upstream:remotename)%00%(upstream:remoteref) refs/heads/main refs/remotes/main [438ms]
2025-01-24 15:13:26.659 [info] > git merge-base refs/heads/main refs/remotes/origin/main [467ms]
2025-01-24 15:13:26.663 [info] > git fetch [1588ms]
2025-01-24 15:13:26.665 [info] > git for-each-ref --sort -committerdate --format %(refname) %(objectname) %(*objectname) [331ms] (cancelled)
2025-01-24 15:13:26.821 [info] > git check-ignore -v -z --stdin [140ms]
2025-01-24 15:13:26.821 [info] > git check-ignore -v -z --stdin [135ms]
2025-01-24 15:13:26.822 [info] > git check-ignore -v -z --stdin [132ms]
2025-01-24 15:13:26.822 [info] > git check-ignore -v -z --stdin [127ms]
2025-01-24 15:13:26.824 [info] > git for-each-ref --format=%(refname)%00%(upstream:short)%00%(objectname)%00%(upstream:track)%00%(upstream:remotename)%00%(upstream:remoteref) refs/heads/exo_java refs/remotes/exo_java [152ms]
2025-01-24 15:13:26.837 [info] > git diff --name-status -z --diff-filter=ADMR 3a3c79c74d12ff3ccb1f3bac39f5a44771720030...refs/remotes/origin/main [174ms]
2025-01-24 15:13:26.838 [info] > git rev-parse --git-dir --git-common-dir [492ms]
2025-01-24 15:13:26.866 [info] [Model][openRepository] Opened repository: /var/www/html/jalon_tiroire
2025-01-24 15:13:26.868 [info] > git for-each-ref --format=%(refname)%00%(upstream:short)%00%(objectname)%00%(upstream:track)%00%(upstream:remotename)%00%(upstream:remoteref) refs/heads/main refs/remotes/main [558ms]
2025-01-24 15:13:26.869 [info] > git for-each-ref --format=%(refname)%00%(upstream:short)%00%(objectname)%00%(upstream:track)%00%(upstream:remotename)%00%(upstream:remoteref) refs/heads/main refs/remotes/main [575ms]
2025-01-24 15:13:27.516 [info] > git config --local branch.exo_java.vscode-merge-base [680ms]
2025-01-24 15:13:27.517 [warning] [Git][config] git config failed: Failed to execute git
2025-01-24 15:13:27.527 [info] > git config --get commit.template [820ms]
2025-01-24 15:13:27.527 [info] > git config --get commit.template [825ms]
2025-01-24 15:13:27.527 [info] > git reflog main --grep-reflog=branch: Created from *. [1253ms]
2025-01-24 15:13:27.994 [info] > git symbolic-ref --short refs/remotes/origin/HEAD [445ms]
2025-01-24 15:13:27.994 [info] fatal: ref refs/remotes/origin/HEAD is not a symbolic ref
2025-01-24 15:13:27.994 [warning] [Repository][getDefaultBranch] Failed to get default branch details: Failed to execute git.
2025-01-24 15:13:28.007 [info] > git rev-parse --show-toplevel [949ms]
2025-01-24 15:13:28.007 [info] fatal: not a git repository (or any of the parent directories): .git
2025-01-24 15:13:28.019 [info] [Model][doInitialScan] Initial repository scan completed - repositories (5), closed repositories (0), parent repositories (0), unsafe repositories (0)
2025-01-24 15:13:28.024 [info] > git config --get commit.template [968ms]
2025-01-24 15:13:28.024 [info] > git fetch [2036ms]
2025-01-24 15:13:32.260 [info] > git check-ignore -v -z --stdin [4226ms]
2025-01-24 15:13:32.261 [info] > git check-ignore -v -z --stdin [4218ms]
2025-01-24 15:13:32.261 [info] > git check-ignore -v -z --stdin [4209ms]
2025-01-24 15:13:32.261 [info] > git check-ignore -v -z --stdin [4204ms]
2025-01-24 15:13:32.262 [info] > git check-ignore -v -z --stdin [4196ms]
2025-01-24 15:13:32.262 [info] > git status -z -uall [57ms]
2025-01-24 15:13:32.263 [info] > git merge-base refs/heads/main refs/remotes/Origine/main [4257ms]
2025-01-24 15:13:32.267 [info] > git reflog exo_java --grep-reflog=branch: Created from *. [4741ms]
2025-01-24 15:13:32.272 [info] > git fetch [5406ms]
2025-01-24 15:13:32.380 [info] > git status -z -uall [39ms]
2025-01-24 15:13:32.381 [info] > git symbolic-ref --short refs/remotes/origin/HEAD [109ms]
2025-01-24 15:13:32.381 [info] fatal: ref refs/remotes/origin/HEAD is not a symbolic ref
2025-01-24 15:13:32.381 [warning] [Repository][getDefaultBranch] Failed to get default branch details: Failed to execute git.
2025-01-24 15:13:32.385 [info] > git diff --name-status -z --diff-filter=ADMR e820efb32d5933e1ea774e1268cca360065bac2d...refs/remotes/Origine/main [118ms]
2025-01-24 15:13:32.386 [info] > git config --get commit.template [148ms]
2025-01-24 15:13:32.386 [info] > git rev-parse --show-toplevel [153ms]
2025-01-24 15:13:32.386 [info] fatal: not a git repository (or any of the parent directories): .git
2025-01-24 15:13:32.386 [info] > git for-each-ref --format=%(refname)%00%(upstream:short)%00%(objectname)%00%(upstream:track)%00%(upstream:remotename)%00%(upstream:remoteref) refs/heads/exo_java refs/remotes/exo_java [166ms]
2025-01-24 15:13:32.387 [info] > git for-each-ref --format=%(refname)%00%(upstream:short)%00%(objectname)%00%(upstream:track)%00%(upstream:remotename)%00%(upstream:remoteref) refs/heads/exo_java refs/remotes/exo_java [172ms]
2025-01-24 15:13:32.388 [info] > git for-each-ref --sort -committerdate --format %(refname) %(objectname) %(*objectname) [178ms]
2025-01-24 15:13:32.397 [info] > git merge-base refs/heads/main refs/remotes/Origine/main [198ms]
2025-01-24 15:13:32.777 [info] > git diff --name-status -z --diff-filter=ADMR e820efb32d5933e1ea774e1268cca360065bac2d...refs/remotes/Origine/main [377ms]
2025-01-24 15:13:32.780 [info] > git merge-base refs/heads/exo_java refs/remotes/origin/exo_java [395ms]
2025-01-24 15:13:32.787 [info] > git config --get commit.template [413ms]
2025-01-24 15:13:32.787 [info] > git for-each-ref --sort -committerdate --format %(refname) %(objectname) %(*objectname) [439ms]
2025-01-24 15:13:32.796 [info] > git for-each-ref --format=%(refname)%00%(upstream:short)%00%(objectname)%00%(upstream:track)%00%(upstream:remotename)%00%(upstream:remoteref) refs/heads/main refs/remotes/main [504ms]
2025-01-24 15:13:32.802 [info] > git for-each-ref --format=%(refname)%00%(upstream:short)%00%(objectname)%00%(upstream:track)%00%(upstream:remotename)%00%(upstream:remoteref) refs/heads/main refs/remotes/main [518ms]
2025-01-24 15:13:32.828 [info] > git diff --name-status -z --diff-filter=ADMR a83aa937ecdfcd53ba08b218ffb775c4c261b268...refs/remotes/origin/exo_java [42ms]
2025-01-24 15:13:32.829 [info] > git config --get commit.template [415ms]
2025-01-24 15:13:32.839 [info] > git for-each-ref --format=%(refname)%00%(upstream:short)%00%(objectname)%00%(upstream:track)%00%(upstream:remotename)%00%(upstream:remoteref) refs/heads/main refs/remotes/main [32ms]
2025-01-24 15:13:32.839 [info] > git config --local branch.main.vscode-merge-base [38ms]
2025-01-24 15:13:32.839 [warning] [Git][config] git config failed: Failed to execute git
2025-01-24 15:13:32.867 [info] > git status -z -uall [13ms]
2025-01-24 15:13:32.868 [info] > git for-each-ref --format=%(refname)%00%(upstream:short)%00%(objectname)%00%(upstream:track)%00%(upstream:remotename)%00%(upstream:remoteref) refs/heads/main refs/remotes/main [34ms]
2025-01-24 15:13:32.877 [info] > git for-each-ref --sort -committerdate --format %(refname) %(objectname) %(*objectname) [16ms]
2025-01-24 15:13:32.883 [info] > git for-each-ref --format=%(refname)%00%(upstream:short)%00%(objectname)%00%(upstream:track)%00%(upstream:remotename)%00%(upstream:remoteref) refs/heads/main refs/remotes/main [36ms]
2025-01-24 15:13:32.928 [info] > git for-each-ref --format=%(refname)%00%(upstream:short)%00%(objectname)%00%(upstream:track)%00%(upstream:remotename)%00%(upstream:remoteref) refs/heads/main refs/remotes/main [36ms]
2025-01-24 15:13:32.950 [info] > git for-each-ref --format=%(refname)%00%(upstream:short)%00%(objectname)%00%(upstream:track)%00%(upstream:remotename)%00%(upstream:remoteref) refs/heads/main refs/remotes/main [37ms]
2025-01-24 15:13:32.954 [info] > git config --get commit.template [46ms]
2025-01-24 15:13:32.954 [info] > git reflog main --grep-reflog=branch: Created from *. [112ms]
2025-01-24 15:13:33.367 [info] > git status -z -uall [404ms]
2025-01-24 15:13:33.368 [info] > git config --local branch.main.vscode-merge-base [415ms]
2025-01-24 15:13:33.368 [warning] [Git][config] git config failed: Failed to execute git
2025-01-24 15:13:33.372 [info] > git for-each-ref --format=%(refname)%00%(upstream:short)%00%(objectname)%00%(upstream:track)%00%(upstream:remotename)%00%(upstream:remoteref) refs/heads/main refs/remotes/main [435ms]
2025-01-24 15:13:33.377 [info] > git config --local branch.main.vscode-merge-base [446ms]
2025-01-24 15:13:33.377 [warning] [Git][config] git config failed: Failed to execute git
2025-01-24 15:13:33.460 [info] > git config --local branch.main.vscode-merge-base [83ms]
2025-01-24 15:13:33.460 [warning] [Git][config] git config failed: Failed to execute git
2025-01-24 15:13:33.464 [info] > git reflog main --grep-reflog=branch: Created from *. [93ms]
2025-01-24 15:13:33.470 [info] > git for-each-ref --sort -committerdate --format %(refname) %(objectname) %(*objectname) [502ms]
2025-01-24 15:13:33.481 [info] > git symbolic-ref --short refs/remotes/origin/HEAD [522ms]
2025-01-24 15:13:33.481 [info] fatal: ref refs/remotes/origin/HEAD is not a symbolic ref
2025-01-24 15:13:33.481 [warning] [Repository][getDefaultBranch] Failed to get default branch details: Failed to execute git.
2025-01-24 15:13:34.017 [info] > git symbolic-ref --short refs/remotes/origin/HEAD [546ms]
2025-01-24 15:13:34.017 [info] fatal: ref refs/remotes/origin/HEAD is not a symbolic ref
2025-01-24 15:13:34.017 [warning] [Repository][getDefaultBranch] Failed to get default branch details: Failed to execute git.
2025-01-24 15:13:34.021 [info] > git reflog main --grep-reflog=branch: Created from *. [558ms]
2025-01-24 15:13:34.026 [info] > git for-each-ref --format=%(refname)%00%(upstream:short)%00%(objectname)%00%(upstream:track)%00%(upstream:remotename)%00%(upstream:remoteref) refs/heads/main refs/remotes/main [585ms]
2025-01-24 15:13:34.026 [info] > git reflog main --grep-reflog=branch: Created from *. [644ms]
2025-01-24 15:13:34.045 [info] > git symbolic-ref --short refs/remotes/origin/HEAD [20ms]
2025-01-24 15:13:34.046 [info] fatal: ref refs/remotes/origin/HEAD is not a symbolic ref
2025-01-24 15:13:34.046 [warning] [Repository][getDefaultBranch] Failed to get default branch details: Failed to execute git.
2025-01-24 15:13:34.049 [info] > git merge-base refs/heads/main refs/remotes/origin/main [28ms]
2025-01-24 15:13:34.055 [info] > git merge-base refs/heads/main refs/remotes/origin/main [569ms]
2025-01-24 15:13:34.060 [info] > git for-each-ref --format=%(refname)%00%(upstream:short)%00%(objectname)%00%(upstream:track)%00%(upstream:remotename)%00%(upstream:remoteref) refs/heads/main refs/remotes/main [581ms]
2025-01-24 15:13:34.134 [info] > git diff --name-status -z --diff-filter=ADMR b1f77041afec6991530ba45d322c8086a3fde2c5...refs/remotes/origin/main [74ms]
2025-01-24 15:13:34.135 [info] > git diff --name-status -z --diff-filter=ADMR b1f77041afec6991530ba45d322c8086a3fde2c5...refs/remotes/origin/main [80ms]
2025-01-24 15:13:34.135 [info] > git merge-base refs/heads/main refs/remotes/origin/main [86ms]
2025-01-24 15:13:34.139 [info] > git symbolic-ref --short refs/remotes/origin/HEAD [109ms]
2025-01-24 15:13:34.139 [info] fatal: ref refs/remotes/origin/HEAD is not a symbolic ref
2025-01-24 15:13:34.139 [warning] [Repository][getDefaultBranch] Failed to get default branch details: Failed to execute git.
2025-01-24 15:13:34.155 [info] > git diff --name-status -z --diff-filter=ADMR 807dbbe08bc6856f8a1c9209063fb43d3b63fa59...refs/remotes/origin/main [16ms]
2025-01-24 15:13:34.156 [info] > git config --local branch.main.vscode-merge-base [91ms]
2025-01-24 15:13:34.156 [warning] [Git][config] git config failed: Failed to execute git
2025-01-24 15:13:34.289 [info] > git merge-base refs/heads/main refs/remotes/origin/main [145ms]
2025-01-24 15:13:34.346 [info] > git status -z -uall [177ms]
2025-01-24 15:13:34.346 [info] > git for-each-ref --sort -committerdate --format %(refname) %(objectname) %(*objectname) [173ms]
2025-01-24 15:13:34.357 [info] > git reflog main --grep-reflog=branch: Created from *. [197ms]
2025-01-24 15:13:34.730 [info] > git diff --name-status -z --diff-filter=ADMR 807dbbe08bc6856f8a1c9209063fb43d3b63fa59...refs/remotes/origin/main [436ms]
2025-01-24 15:13:34.858 [info] > git symbolic-ref --short refs/remotes/origin/HEAD [496ms]
2025-01-24 15:13:34.858 [info] fatal: ref refs/remotes/origin/HEAD is not a symbolic ref
2025-01-24 15:13:34.858 [warning] [Repository][getDefaultBranch] Failed to get default branch details: Failed to execute git.
2025-01-24 15:13:46.291 [info] > git check-ignore -v -z --stdin [4ms]
2025-01-24 15:13:46.994 [info] > git ls-files --stage -- /var/www/html/jalon_tiroire/undoss [4ms]
2025-01-24 15:13:47.007 [info] > git show --textconv :undoss [24ms]
2025-01-24 15:13:47.009 [info] > git cat-file -s ce6bfe640d0be0c5839e5c1ac7bf28bc69f1b3cd [11ms]
2025-01-24 15:13:47.425 [info] > git blame --root --incremental 807dbbe08bc6856f8a1c9209063fb43d3b63fa59 -- /var/www/html/jalon_tiroire/undoss [5ms]
2025-01-24 15:14:37.168 [info] > git show --textconv :tinkercad.txt [9ms]
2025-01-24 15:14:37.175 [info] > git ls-files --stage -- /var/www/html/jalon_tiroire/tinkercad.txt [8ms]
2025-01-24 15:14:37.199 [info] > git blame --root --incremental 807dbbe08bc6856f8a1c9209063fb43d3b63fa59 -- /var/www/html/jalon_tiroire/tinkercad.txt [3ms]
2025-01-24 15:14:37.199 [info] fatal: no such path tinkercad.txt in 807dbbe08bc6856f8a1c9209063fb43d3b63fa59
2025-01-24 15:14:37.444 [info] > git check-ignore -v -z --stdin [3ms]
2025-01-24 15:14:37.957 [info] > git config --get commit.template [7ms]
2025-01-24 15:14:37.960 [info] > git for-each-ref --format=%(refname)%00%(upstream:short)%00%(objectname)%00%(upstream:track)%00%(upstream:remotename)%00%(upstream:remoteref) refs/heads/main refs/remotes/main [5ms]
2025-01-24 15:14:37.975 [info] > git status -z -uall [8ms]
2025-01-24 15:14:37.980 [info] > git for-each-ref --sort -committerdate --format %(refname) %(objectname) %(*objectname) [6ms]
2025-01-24 15:15:39.946 [info] > git log --format=%H%n%aN%n%aE%n%at%n%ct%n%P%n%D%n%B -z --shortstat -n50 --skip=0 --topo-order --decorate=full --stdin [157ms]
2025-01-24 15:15:39.955 [info] > git rev-parse --show-toplevel [10ms]
2025-01-24 15:15:39.957 [info] fatal: not a git repository (or any of the parent directories): .git
2025-01-24 15:15:39.993 [info] > git rev-parse --show-toplevel [23ms]
2025-01-24 15:15:39.993 [info] fatal: not a git repository (or any of the parent directories): .git
2025-01-24 15:15:40.000 [info] > git rev-parse --show-toplevel [2ms]
2025-01-24 15:15:40.001 [info] fatal: not a git repository (or any of the parent directories): .git
2025-01-24 15:15:40.006 [info] > git rev-parse --show-toplevel [2ms]
2025-01-24 15:15:40.006 [info] fatal: not a git repository (or any of the parent directories): .git
2025-01-24 15:15:40.013 [info] > git rev-parse --show-toplevel [2ms]
2025-01-24 15:15:40.013 [info] fatal: not a git repository (or any of the parent directories): .git
2025-01-24 15:15:43.515 [info] > git add -A -- /var/www/html/jalon_tiroire/undoss /var/www/html/jalon_tiroire/tinkercad.txt [65ms]
2025-01-24 15:15:43.537 [info] > git config --get commit.template [15ms]
2025-01-24 15:15:43.542 [info] > git for-each-ref --format=%(refname)%00%(upstream:short)%00%(objectname)%00%(upstream:track)%00%(upstream:remotename)%00%(upstream:remoteref) refs/heads/main refs/remotes/main [6ms]
2025-01-24 15:15:43.553 [info] > git status -z -uall [7ms]
2025-01-24 15:15:43.557 [info] > git for-each-ref --sort -committerdate --format %(refname) %(objectname) %(*objectname) [5ms]
2025-01-24 15:15:43.887 [info] > git show --textconv HEAD:tinkercad.txt [6ms]
2025-01-24 15:15:43.896 [info] > git ls-tree -l HEAD -- /var/www/html/jalon_tiroire/tinkercad.txt [9ms]
2025-01-24 15:15:44.659 [info] > git ls-files --stage -- /var/www/html/jalon_tiroire/tinkercad.txt [5ms]
2025-01-24 15:15:44.665 [info] > git ls-tree -l HEAD -- /var/www/html/jalon_tiroire/tinkercad.txt [7ms]
2025-01-24 15:15:44.668 [info] > git cat-file -s ce6bfe640d0be0c5839e5c1ac7bf28bc69f1b3cd [4ms]
2025-01-24 15:15:44.682 [info] > git show --textconv HEAD:tinkercad.txt [6ms]
2025-01-24 15:15:44.686 [info] > git show --textconv :tinkercad.txt [4ms]
2025-01-24 15:15:53.164 [info] > git log --format=%H%n%aN%n%aE%n%at%n%ct%n%P%n%D%n%B -z --shortstat -n50 --skip=0 --topo-order --decorate=full --stdin [4ms]
2025-01-24 15:16:09.982 [info] > git log --format=%H%n%aN%n%aE%n%at%n%ct%n%P%n%D%n%B -z --shortstat -n50 --skip=0 --topo-order --decorate=full --stdin [243ms]
2025-01-24 15:16:14.871 [info] > git add -A -- /var/www/html/jalon_tiroire/tinkercad.txt [64ms]
2025-01-24 15:16:14.888 [info] > git config --get commit.template [6ms]
2025-01-24 15:16:14.891 [info] > git for-each-ref --format=%(refname)%00%(upstream:short)%00%(objectname)%00%(upstream:track)%00%(upstream:remotename)%00%(upstream:remoteref) refs/heads/main refs/remotes/main [4ms]
2025-01-24 15:16:14.903 [info] > git status -z -uall [7ms]
2025-01-24 15:16:14.908 [info] > git for-each-ref --sort -committerdate --format %(refname) %(objectname) %(*objectname) [5ms]
2025-01-24 15:16:14.993 [info] > git -c user.useConfigOnly=true commit --quiet --allow-empty-message --file - [73ms]
2025-01-24 15:16:14.999 [info] > git config --get commit.template [2ms]
2025-01-24 15:16:15.011 [info] > git config --get commit.template [6ms]
2025-01-24 15:16:15.017 [info] > git for-each-ref --format=%(refname)%00%(upstream:short)%00%(objectname)%00%(upstream:track)%00%(upstream:remotename)%00%(upstream:remoteref) refs/heads/main refs/remotes/main [7ms]
2025-01-24 15:16:15.028 [info] > git status -z -uall [7ms]
2025-01-24 15:16:15.032 [info] > git for-each-ref --sort -committerdate --format %(refname) %(objectname) %(*objectname) [5ms]
2025-01-24 15:16:15.077 [info] > git merge-base refs/heads/main refs/remotes/origin/main [23ms]
2025-01-24 15:16:15.084 [info] > git blame --root --incremental 8a212bcf9c7108ff410d1ec00040e46b1445bc1b -- /var/www/html/jalon_tiroire/tinkercad.txt [42ms]
2025-01-24 15:16:15.088 [info] > git diff --name-status -z --diff-filter=ADMR 807dbbe08bc6856f8a1c9209063fb43d3b63fa59...refs/remotes/origin/main [5ms]
2025-01-24 15:16:15.136 [info] > git config --get commit.template [6ms]
2025-01-24 15:16:15.139 [info] > git for-each-ref --format=%(refname)%00%(upstream:short)%00%(objectname)%00%(upstream:track)%00%(upstream:remotename)%00%(upstream:remoteref) refs/heads/main refs/remotes/main [4ms]
2025-01-24 15:16:15.150 [info] > git status -z -uall [7ms]
2025-01-24 15:16:15.153 [info] > git for-each-ref --sort -committerdate --format %(refname) %(objectname) %(*objectname) [4ms]
2025-01-24 15:16:16.192 [info] > git ls-files --stage -- /var/www/html/jalon_tiroire/tinkercad.txt [3ms]
2025-01-24 15:16:16.199 [info] > git cat-file -s e4425ea19d98d986f5601d526dd1dd08e3907442 [3ms]
2025-01-24 15:16:16.213 [info] > git show --textconv :tinkercad.txt [4ms]
2025-01-24 15:16:18.643 [info] > git log --oneline --cherry main...main@{upstream} -- [4ms]
2025-01-24 15:16:19.435 [info] > git pull --tags origin main [787ms]
2025-01-24 15:16:19.435 [info] hint: Pulling without specifying how to reconcile divergent branches is
hint: discouraged. You can squelch this message by running one of the following
hint: commands sometime before your next pull:
hint: 
hint:   git config pull.rebase false  # merge (the default strategy)
hint:   git config pull.rebase true   # rebase
hint:   git config pull.ff only       # fast-forward only
hint: 
hint: You can replace "git config" with "git config --global" to set a default
hint: preference for all repositories. You can also pass --rebase, --no-rebase,
hint: or --ff-only on the command line to override the configured default per
hint: invocation.
From https://github.com/DumeS0108/Reservation_Restaurant
 * branch            main       -> FETCH_HEAD
2025-01-24 15:16:19.447 [info] > git config --get commit.template [5ms]
2025-01-24 15:16:19.449 [info] > git for-each-ref --format=%(refname)%00%(upstream:short)%00%(objectname)%00%(upstream:track)%00%(upstream:remotename)%00%(upstream:remoteref) refs/heads/main refs/remotes/main [3ms]
2025-01-24 15:16:19.474 [info] > git status -z -uall [19ms]
2025-01-24 15:16:19.477 [info] > git for-each-ref --sort -committerdate --format %(refname) %(objectname) %(*objectname) [6ms]
2025-01-24 15:16:19.520 [info] > git merge-base refs/heads/main refs/remotes/origin/main [6ms]
2025-01-24 15:16:19.539 [info] > git diff --name-status -z --diff-filter=ADMR daac328cff6aa76bb826bcef2156773e3fce06ca...refs/remotes/origin/main [9ms]
2025-01-24 15:16:25.559 [info] > git check-ignore -v -z --stdin [5ms]
2025-01-24 15:16:32.638 [info] > git fetch [431ms]
2025-01-24 15:16:32.651 [info] > git config --get commit.template [6ms]
2025-01-24 15:16:32.654 [info] > git for-each-ref --format=%(refname)%00%(upstream:short)%00%(objectname)%00%(upstream:track)%00%(upstream:remotename)%00%(upstream:remoteref) refs/heads/main refs/remotes/main [4ms]
2025-01-24 15:16:32.673 [info] > git status -z -uall [12ms]
2025-01-24 15:16:32.677 [info] > git for-each-ref --sort -committerdate --format %(refname) %(objectname) %(*objectname) [6ms]
2025-01-24 15:16:32.792 [info] > git fetch [387ms]
2025-01-24 15:16:32.806 [info] > git config --get commit.template [5ms]
2025-01-24 15:16:32.809 [info] > git for-each-ref --format=%(refname)%00%(upstream:short)%00%(objectname)%00%(upstream:track)%00%(upstream:remotename)%00%(upstream:remoteref) refs/heads/main refs/remotes/main [6ms]
2025-01-24 15:16:32.822 [info] > git status -z -uall [8ms]
2025-01-24 15:16:32.826 [info] > git for-each-ref --sort -committerdate --format %(refname) %(objectname) %(*objectname) [5ms]
2025-01-24 15:16:33.435 [info] > git fetch [568ms]
2025-01-24 15:16:33.450 [info] > git config --get commit.template [6ms]
2025-01-24 15:16:33.453 [info] > git for-each-ref --format=%(refname)%00%(upstream:short)%00%(objectname)%00%(upstream:track)%00%(upstream:remotename)%00%(upstream:remoteref) refs/heads/exo_java refs/remotes/exo_java [6ms]
2025-01-24 15:16:33.471 [info] > git status -z -uall [8ms]
2025-01-24 15:16:33.476 [info] > git for-each-ref --sort -committerdate --format %(refname) %(objectname) %(*objectname) [5ms]
2025-01-24 15:16:33.500 [info] > git fetch [574ms]
2025-01-24 15:16:33.512 [info] > git config --get commit.template [6ms]
2025-01-24 15:16:33.515 [info] > git for-each-ref --format=%(refname)%00%(upstream:short)%00%(objectname)%00%(upstream:track)%00%(upstream:remotename)%00%(upstream:remoteref) refs/heads/main refs/remotes/main [4ms]
2025-01-24 15:16:33.531 [info] > git status -z -uall [9ms]
2025-01-24 15:16:33.542 [info] > git for-each-ref --sort -committerdate --format %(refname) %(objectname) %(*objectname) [12ms]
2025-01-24 15:16:33.547 [info] > git fetch [601ms]
2025-01-24 15:16:33.565 [info] > git config --get commit.template [11ms]
2025-01-24 15:16:33.569 [info] > git for-each-ref --format=%(refname)%00%(upstream:short)%00%(objectname)%00%(upstream:track)%00%(upstream:remotename)%00%(upstream:remoteref) refs/heads/main refs/remotes/main [5ms]
2025-01-24 15:16:33.580 [info] > git status -z -uall [7ms]
2025-01-24 15:16:33.584 [info] > git for-each-ref --sort -committerdate --format %(refname) %(objectname) %(*objectname) [5ms]
2025-01-24 15:16:33.782 [info] > git config --get commit.template [10ms]
2025-01-24 15:16:33.784 [info] > git for-each-ref --format=%(refname)%00%(upstream:short)%00%(objectname)%00%(upstream:track)%00%(upstream:remotename)%00%(upstream:remoteref) refs/heads/main refs/remotes/main [4ms]
2025-01-24 15:16:33.796 [info] > git status -z -uall [6ms]
2025-01-24 15:16:33.800 [info] > git for-each-ref --sort -committerdate --format %(refname) %(objectname) %(*objectname) [5ms]
2025-01-24 15:16:33.942 [info] > git config --get commit.template [7ms]
2025-01-24 15:16:33.944 [info] > git for-each-ref --format=%(refname)%00%(upstream:short)%00%(objectname)%00%(upstream:track)%00%(upstream:remotename)%00%(upstream:remoteref) refs/heads/main refs/remotes/main [4ms]
2025-01-24 15:16:33.957 [info] > git status -z -uall [8ms]
2025-01-24 15:16:33.963 [info] > git for-each-ref --sort -committerdate --format %(refname) %(objectname) %(*objectname) [7ms]
2025-01-24 15:16:34.578 [info] > git config --get commit.template [7ms]
2025-01-24 15:16:34.581 [info] > git for-each-ref --format=%(refname)%00%(upstream:short)%00%(objectname)%00%(upstream:track)%00%(upstream:remotename)%00%(upstream:remoteref) refs/heads/exo_java refs/remotes/exo_java [4ms]
2025-01-24 15:16:34.591 [info] > git status -z -uall [6ms]
2025-01-24 15:16:34.595 [info] > git for-each-ref --sort -committerdate --format %(refname) %(objectname) %(*objectname) [4ms]
2025-01-24 15:16:34.683 [info] > git config --get commit.template [6ms]
2025-01-24 15:16:34.694 [info] > git for-each-ref --format=%(refname)%00%(upstream:short)%00%(objectname)%00%(upstream:track)%00%(upstream:remotename)%00%(upstream:remoteref) refs/heads/main refs/remotes/main [6ms]
2025-01-24 15:16:34.695 [info] > git config --get commit.template [14ms]
2025-01-24 15:16:34.708 [info] > git status -z -uall [7ms]
2025-01-24 15:16:34.709 [info] > git for-each-ref --format=%(refname)%00%(upstream:short)%00%(objectname)%00%(upstream:track)%00%(upstream:remotename)%00%(upstream:remoteref) refs/heads/main refs/remotes/main [15ms]
2025-01-24 15:16:34.724 [info] > git status -z -uall [9ms]
2025-01-24 15:16:34.725 [info] > git for-each-ref --sort -committerdate --format %(refname) %(objectname) %(*objectname) [18ms]
2025-01-24 15:16:34.730 [info] > git for-each-ref --sort -committerdate --format %(refname) %(objectname) %(*objectname) [9ms]
2025-01-24 15:16:39.517 [info] > git check-ignore -v -z --stdin [3ms]
2025-01-24 15:16:39.985 [warning] [Git][getHEAD] Failed to parse HEAD file: ENOENT: no such file or directory, open '/var/www/html/jalon_semestre2/.git/HEAD'
2025-01-24 15:16:39.993 [warning] [Git][getRemotes] Error: ENOENT: no such file or directory, open '/var/www/html/jalon_semestre2/.git/config'
2025-01-24 15:16:40.018 [warning] [Git][getHEAD] Failed to parse HEAD file: ENOENT: no such file or directory, open '/var/www/html/jalon_semestre2/.git/HEAD'
2025-01-24 15:16:40.045 [warning] [Git][getRemotes] Error: ENOENT: no such file or directory, open '/var/www/html/jalon_semestre2/.git/config'
2025-01-24 15:16:40.067 [info] > git config --get commit.template [61ms]
2025-01-24 15:16:40.075 [info] > git for-each-ref --format=%(refname)%00%(upstream:short)%00%(objectname)%00%(upstream:track)%00%(upstream:remotename)%00%(upstream:remoteref) refs/heads/main refs/remotes/main [3ms]
2025-01-24 15:16:40.086 [info] > git status -z -uall [7ms]
2025-01-24 15:16:40.093 [info] > git for-each-ref --sort -committerdate --format %(refname) %(objectname) %(*objectname) [8ms]
2025-01-24 15:16:40.649 [info] > git check-ignore -v -z --stdin [22ms]
2025-01-24 15:16:40.650 [info] > git check-ignore -v -z --stdin [17ms]
2025-01-24 15:16:40.650 [info] > git check-ignore -v -z --stdin [12ms]
2025-01-24 15:16:40.653 [info] > git check-ignore -v -z --stdin [10ms]
2025-01-24 15:16:52.673 [info] > git check-ignore -v -z --stdin [3ms]
2025-01-24 15:16:53.183 [info] > git config --get commit.template [7ms]
2025-01-24 15:16:53.190 [info] > git for-each-ref --format=%(refname)%00%(upstream:short)%00%(objectname)%00%(upstream:track)%00%(upstream:remotename)%00%(upstream:remoteref) refs/heads/main refs/remotes/main [8ms]
2025-01-24 15:16:53.202 [info] > git status -z -uall [7ms]
2025-01-24 15:16:53.205 [info] > git for-each-ref --sort -committerdate --format %(refname) %(objectname) %(*objectname) [4ms]
2025-01-24 15:17:27.013 [info] > git check-ignore -v -z --stdin [5ms]
2025-01-24 15:17:27.466 [info] > git config --get commit.template [7ms]
2025-01-24 15:17:27.469 [info] > git for-each-ref --format=%(refname)%00%(upstream:short)%00%(objectname)%00%(upstream:track)%00%(upstream:remotename)%00%(upstream:remoteref) refs/heads/main refs/remotes/main [4ms]
2025-01-24 15:17:27.480 [info] > git status -z -uall [7ms]
2025-01-24 15:17:27.484 [info] > git for-each-ref --sort -committerdate --format %(refname) %(objectname) %(*objectname) [4ms]
2025-01-24 15:17:35.936 [info] > git show --textconv :tinkercad.txt [7ms]
2025-01-24 15:17:35.940 [info] > git ls-files --stage -- /var/www/html/jalon_tiroire/tinkercad.txt [4ms]
2025-01-24 15:17:35.948 [info] > git cat-file -s e4425ea19d98d986f5601d526dd1dd08e3907442 [5ms]
2025-01-24 15:17:38.937 [info] > git config --get commit.template [6ms]
2025-01-24 15:17:38.940 [info] > git for-each-ref --format=%(refname)%00%(upstream:short)%00%(objectname)%00%(upstream:track)%00%(upstream:remotename)%00%(upstream:remoteref) refs/heads/main refs/remotes/main [4ms]
2025-01-24 15:17:38.953 [info] > git status -z -uall [9ms]
2025-01-24 15:17:38.957 [info] > git for-each-ref --sort -committerdate --format %(refname) %(objectname) %(*objectname) [7ms]
2025-01-24 15:33:29.618 [info] > git fetch [850ms]
2025-01-24 15:33:29.652 [info] > git fetch [857ms]
2025-01-24 15:33:29.653 [info] > git fetch [840ms]
2025-01-24 15:33:29.656 [info] > git fetch [878ms]
2025-01-24 15:33:29.676 [info] > git config --get commit.template [24ms]
2025-01-24 15:33:29.677 [info] > git config --get commit.template [7ms]
2025-01-24 15:33:29.677 [info] > git config --get commit.template [11ms]
2025-01-24 15:33:29.707 [info] > git for-each-ref --format=%(refname)%00%(upstream:short)%00%(objectname)%00%(upstream:track)%00%(upstream:remotename)%00%(upstream:remoteref) refs/heads/main refs/remotes/main [25ms]
2025-01-24 15:33:29.710 [info] > git config --get commit.template [35ms]
2025-01-24 15:33:29.712 [info] > git for-each-ref --format=%(refname)%00%(upstream:short)%00%(objectname)%00%(upstream:track)%00%(upstream:remotename)%00%(upstream:remoteref) refs/heads/main refs/remotes/main [9ms]
2025-01-24 15:33:29.712 [info] > git for-each-ref --format=%(refname)%00%(upstream:short)%00%(objectname)%00%(upstream:track)%00%(upstream:remotename)%00%(upstream:remoteref) refs/heads/main refs/remotes/main [14ms]
2025-01-24 15:33:29.712 [info] > git for-each-ref --format=%(refname)%00%(upstream:short)%00%(objectname)%00%(upstream:track)%00%(upstream:remotename)%00%(upstream:remoteref) refs/heads/exo_java refs/remotes/exo_java [19ms]
2025-01-24 15:33:29.725 [info] > git status -z -uall [9ms]
2025-01-24 15:33:29.789 [info] > git status -z -uall [58ms]
2025-01-24 15:33:29.790 [info] > git status -z -uall [47ms]
2025-01-24 15:33:29.790 [info] > git status -z -uall [22ms]
2025-01-24 15:33:29.791 [info] > git for-each-ref --sort -committerdate --format %(refname) %(objectname) %(*objectname) [38ms]
2025-01-24 15:33:29.796 [info] > git for-each-ref --sort -committerdate --format %(refname) %(objectname) %(*objectname) [58ms]
2025-01-24 15:33:29.799 [info] > git for-each-ref --sort -committerdate --format %(refname) %(objectname) %(*objectname) [75ms]
2025-01-24 15:33:29.805 [info] > git for-each-ref --sort -committerdate --format %(refname) %(objectname) %(*objectname) [24ms]
2025-01-24 15:33:30.903 [info] > git ls-files --stage -- /var/www/html/jalon_tiroire/tinkercad.txt [3ms]
2025-01-24 15:33:30.909 [info] > git cat-file -s e4425ea19d98d986f5601d526dd1dd08e3907442 [3ms]
2025-01-24 15:33:30.922 [info] > git show --textconv :tinkercad.txt [3ms]
