2025-01-15 11:22:50.391 [info] [main] Log level: Info
2025-01-15 11:22:50.391 [info] [main] Validating found git in: "git"
2025-01-15 11:22:50.391 [info] [main] Using git "2.30.2" from "git"
2025-01-15 11:22:50.392 [info] [Model][doInitialScan] Initial repository scan started
2025-01-15 11:22:50.392 [info] > git rev-parse --show-toplevel [1612ms]
2025-01-15 11:22:50.392 [info] > git rev-parse --git-dir --git-common-dir [93ms]
2025-01-15 11:22:50.392 [info] [Model][openRepository] Opened repository: /var/www/html/TP_js
2025-01-15 11:22:50.570 [info] > git rev-parse --show-toplevel [166ms]
2025-01-15 11:22:50.578 [info] > git config --get commit.template [171ms]
2025-01-15 11:22:51.341 [info] > git check-ignore -v -z --stdin [48ms]
2025-01-15 11:22:51.354 [info] > git rev-parse --show-toplevel [6ms]
2025-01-15 11:22:51.368 [info] > git rev-parse --show-toplevel [6ms]
2025-01-15 11:22:51.373 [info] > git rev-parse --show-toplevel [3ms]
2025-01-15 11:22:51.378 [info] > git rev-parse --show-toplevel [3ms]
2025-01-15 11:22:51.410 [info] > git rev-parse --show-toplevel [28ms]
2025-01-15 11:22:51.417 [info] > git rev-parse --show-toplevel [4ms]
2025-01-15 11:22:51.422 [info] > git rev-parse --show-toplevel [2ms]
2025-01-15 11:22:51.539 [info] > git rev-parse --show-toplevel [114ms]
2025-01-15 11:22:51.550 [info] > git rev-parse --show-toplevel [4ms]
2025-01-15 11:22:51.554 [info] > git for-each-ref --format=%(refname)%00%(upstream:short)%00%(objectname)%00%(upstream:track)%00%(upstream:remotename)%00%(upstream:remoteref) refs/heads/exo_java refs/remotes/exo_java [270ms]
2025-01-15 11:22:51.568 [info] > git rev-parse --show-toplevel [13ms]
2025-01-15 11:22:51.573 [info] > git for-each-ref --sort -committerdate --format %(refname) %(objectname) %(*objectname) [7ms]
2025-01-15 11:22:51.576 [info] > git rev-parse --show-toplevel [4ms]
2025-01-15 11:22:51.581 [info] [Model][doInitialScan] Initial repository scan completed - repositories (1), closed repositories (0), parent repositories (0), unsafe repositories (0)
2025-01-15 11:22:51.598 [info] > git ls-files --stage -- /var/www/html/TP_js/exo11/exo11.js [9ms]
2025-01-15 11:22:51.617 [info] > git status -z -uall [56ms]
2025-01-15 11:22:51.639 [info] > git for-each-ref --format=%(refname)%00%(upstream:short)%00%(objectname)%00%(upstream:track)%00%(upstream:remotename)%00%(upstream:remoteref) refs/heads/exo_java refs/remotes/exo_java [10ms]
2025-01-15 11:22:51.647 [info] > git config --get commit.template [9ms]
2025-01-15 11:22:51.653 [info] > git config --local branch.exo_java.vscode-merge-base [7ms]
2025-01-15 11:22:51.653 [warning] [Git][config] git config failed: Failed to execute git
2025-01-15 11:22:51.687 [info] > git show --textconv :exo11/exo11.js [102ms]
2025-01-15 11:22:51.687 [info] > git for-each-ref --format=%(refname)%00%(upstream:short)%00%(objectname)%00%(upstream:track)%00%(upstream:remotename)%00%(upstream:remoteref) refs/heads/exo_java refs/remotes/exo_java [36ms]
2025-01-15 11:22:51.694 [info] > git cat-file -s 9b96773a841f58dfb1d6e771d26b65f86406ff1c [93ms]
2025-01-15 11:22:52.025 [info] > git status -z -uall [169ms]
2025-01-15 11:22:52.026 [info] > git for-each-ref --sort -committerdate --format %(refname) %(objectname) %(*objectname) [164ms]
2025-01-15 11:22:52.038 [info] > git reflog exo_java --grep-reflog=branch: Created from *. [377ms]
2025-01-15 11:22:52.043 [info] > git for-each-ref --format=%(refname)%00%(upstream:short)%00%(objectname)%00%(upstream:track)%00%(upstream:remotename)%00%(upstream:remoteref) refs/heads/exo_java refs/remotes/exo_java [11ms]
2025-01-15 11:22:52.181 [info] > git symbolic-ref --short refs/remotes/origin/HEAD [139ms]
2025-01-15 11:22:52.181 [info] fatal: ref refs/remotes/origin/HEAD is not a symbolic ref
2025-01-15 11:22:52.181 [warning] [Repository][getDefaultBranch] Failed to get default branch details: Failed to execute git.
2025-01-15 11:22:52.241 [info] > git merge-base refs/heads/exo_java refs/remotes/origin/exo_java [54ms]
2025-01-15 11:22:52.246 [info] > git blame --root --incremental c0ed00023806cf819aac35750a8a0ff577c736ce -- /var/www/html/TP_js/exo11/exo11.js [228ms]
2025-01-15 11:22:52.249 [info] > git config --local branch.exo_java.vscode-merge-base [201ms]
2025-01-15 11:22:52.249 [warning] [Git][config] git config failed: Failed to execute git
2025-01-15 11:22:52.260 [info] > git diff --name-status -z --diff-filter=ADMR c0ed00023806cf819aac35750a8a0ff577c736ce...refs/remotes/origin/exo_java [15ms]
2025-01-15 11:22:52.268 [info] > git reflog exo_java --grep-reflog=branch: Created from *. [12ms]
2025-01-15 11:22:52.274 [info] > git symbolic-ref --short refs/remotes/origin/HEAD [3ms]
2025-01-15 11:22:52.274 [info] fatal: ref refs/remotes/origin/HEAD is not a symbolic ref
2025-01-15 11:22:52.274 [warning] [Repository][getDefaultBranch] Failed to get default branch details: Failed to execute git.
2025-01-15 11:23:01.419 [info] > git fetch [2878ms]
2025-01-15 11:23:01.437 [info] > git config --get commit.template [10ms]
2025-01-15 11:23:01.445 [info] > git ls-files --stage -- /var/www/html/TP_js/exo11/exo11.js [10ms]
2025-01-15 11:23:01.450 [info] > git for-each-ref --format=%(refname)%00%(upstream:short)%00%(objectname)%00%(upstream:track)%00%(upstream:remotename)%00%(upstream:remoteref) refs/heads/exo_java refs/remotes/exo_java [9ms]
2025-01-15 11:23:01.466 [info] > git status -z -uall [10ms]
2025-01-15 11:23:01.468 [info] > git cat-file -s 9b96773a841f58dfb1d6e771d26b65f86406ff1c [20ms]
2025-01-15 11:23:01.471 [info] > git for-each-ref --sort -committerdate --format %(refname) %(objectname) %(*objectname) [9ms]
2025-01-15 11:23:01.488 [info] > git show --textconv :exo11/exo11.js [10ms]
2025-01-15 11:23:02.529 [info] > git ls-files --stage -- /var/www/html/TP_js/exo11/exo11.js [3ms]
2025-01-15 11:23:02.535 [info] > git cat-file -s 9b96773a841f58dfb1d6e771d26b65f86406ff1c [3ms]
2025-01-15 11:23:02.547 [info] > git show --textconv :exo11/exo11.js [5ms]
2025-01-15 11:23:03.542 [info] > git check-ignore -v -z --stdin [4ms]
2025-01-15 11:23:04.968 [info] > git show --textconv :exo9/exo9.js [35ms]
2025-01-15 11:23:04.969 [info] > git ls-files --stage -- /var/www/html/TP_js/exo9/exo9.js [23ms]
2025-01-15 11:23:05.020 [info] > git cat-file -s 514e05573bda07091e897044903362c114db1120 [23ms]
2025-01-15 11:23:05.161 [info] > git blame --root --incremental c0ed00023806cf819aac35750a8a0ff577c736ce -- /var/www/html/TP_js/exo9/exo9.js [71ms]
2025-01-15 11:26:02.040 [info] > git fetch [549ms]
2025-01-15 11:26:02.058 [info] > git config --get commit.template [9ms]
2025-01-15 11:26:02.062 [info] > git for-each-ref --format=%(refname)%00%(upstream:short)%00%(objectname)%00%(upstream:track)%00%(upstream:remotename)%00%(upstream:remoteref) refs/heads/exo_java refs/remotes/exo_java [6ms]
2025-01-15 11:26:02.080 [info] > git status -z -uall [14ms]
2025-01-15 11:26:02.086 [info] > git for-each-ref --sort -committerdate --format %(refname) %(objectname) %(*objectname) [7ms]
2025-01-15 11:29:07.472 [info] > git config --get commit.template [16ms]
2025-01-15 11:29:07.488 [info] > git ls-files --stage -- /var/www/html/TP_js/exo9/exo9.js [20ms]
2025-01-15 11:29:07.498 [info] > git for-each-ref --format=%(refname)%00%(upstream:short)%00%(objectname)%00%(upstream:track)%00%(upstream:remotename)%00%(upstream:remoteref) refs/heads/exo_java refs/remotes/exo_java [12ms]
2025-01-15 11:29:07.507 [info] > git cat-file -s 514e05573bda07091e897044903362c114db1120 [10ms]
2025-01-15 11:29:07.547 [info] > git status -z -uall [27ms]
2025-01-15 11:29:07.554 [info] > git for-each-ref --sort -committerdate --format %(refname) %(objectname) %(*objectname) [21ms]
2025-01-15 11:29:07.564 [info] > git show --textconv :exo9/exo9.js [11ms]
2025-01-15 11:29:07.996 [info] > git fetch [560ms]
2025-01-15 11:29:08.009 [info] > git config --get commit.template [6ms]
2025-01-15 11:29:08.011 [info] > git for-each-ref --format=%(refname)%00%(upstream:short)%00%(objectname)%00%(upstream:track)%00%(upstream:remotename)%00%(upstream:remoteref) refs/heads/exo_java refs/remotes/exo_java [4ms]
2025-01-15 11:29:08.023 [info] > git status -z -uall [8ms]
2025-01-15 11:29:08.030 [info] > git for-each-ref --sort -committerdate --format %(refname) %(objectname) %(*objectname) [9ms]
2025-01-15 11:29:09.209 [info] > git ls-files --stage -- /var/www/html/TP_js/exo9/exo9.js [3ms]
2025-01-15 11:29:09.216 [info] > git cat-file -s 514e05573bda07091e897044903362c114db1120 [3ms]
2025-01-15 11:29:09.231 [info] > git show --textconv :exo9/exo9.js [4ms]
2025-01-15 11:29:10.079 [info] > git check-ignore -v -z --stdin [3ms]
2025-01-15 11:29:12.116 [info] > git ls-files --stage -- /var/www/html/TP_js/exo10/exo10.html [26ms]
2025-01-15 11:29:12.216 [info] > git show --textconv :exo10/exo10.html [142ms]
2025-01-15 11:29:12.220 [info] > git cat-file -s c4c465e7932644b1d506b9fbbbbd12048ab58eb8 [94ms]
2025-01-15 11:29:12.477 [info] > git blame --root --incremental c0ed00023806cf819aac35750a8a0ff577c736ce -- /var/www/html/TP_js/exo10/exo10.html [186ms]
2025-01-15 11:29:12.593 [info] > git config --get commit.template [10ms]
2025-01-15 11:29:12.601 [info] > git for-each-ref --format=%(refname)%00%(upstream:short)%00%(objectname)%00%(upstream:track)%00%(upstream:remotename)%00%(upstream:remoteref) refs/heads/exo_java refs/remotes/exo_java [11ms]
2025-01-15 11:29:12.653 [info] > git status -z -uall [24ms]
2025-01-15 11:29:12.664 [info] > git for-each-ref --sort -committerdate --format %(refname) %(objectname) %(*objectname) [18ms]
2025-01-15 11:29:26.542 [info] > git config --get commit.template [19ms]
2025-01-15 11:29:26.547 [info] > git for-each-ref --format=%(refname)%00%(upstream:short)%00%(objectname)%00%(upstream:track)%00%(upstream:remotename)%00%(upstream:remoteref) refs/heads/exo_java refs/remotes/exo_java [8ms]
2025-01-15 11:29:26.563 [info] > git status -z -uall [11ms]
2025-01-15 11:29:26.567 [info] > git for-each-ref --sort -committerdate --format %(refname) %(objectname) %(*objectname) [5ms]
2025-01-15 11:29:31.595 [info] > git config --get commit.template [10ms]
2025-01-15 11:29:31.599 [info] > git for-each-ref --format=%(refname)%00%(upstream:short)%00%(objectname)%00%(upstream:track)%00%(upstream:remotename)%00%(upstream:remoteref) refs/heads/exo_java refs/remotes/exo_java [8ms]
2025-01-15 11:29:31.614 [info] > git status -z -uall [9ms]
2025-01-15 11:29:31.618 [info] > git for-each-ref --sort -committerdate --format %(refname) %(objectname) %(*objectname) [5ms]
2025-01-15 11:29:36.640 [info] > git config --get commit.template [8ms]
2025-01-15 11:29:36.644 [info] > git for-each-ref --format=%(refname)%00%(upstream:short)%00%(objectname)%00%(upstream:track)%00%(upstream:remotename)%00%(upstream:remoteref) refs/heads/exo_java refs/remotes/exo_java [5ms]
2025-01-15 11:29:36.656 [info] > git status -z -uall [8ms]
2025-01-15 11:29:36.660 [info] > git for-each-ref --sort -committerdate --format %(refname) %(objectname) %(*objectname) [5ms]
2025-01-15 11:29:45.948 [info] > git config --get commit.template [8ms]
2025-01-15 11:29:45.951 [info] > git for-each-ref --format=%(refname)%00%(upstream:short)%00%(objectname)%00%(upstream:track)%00%(upstream:remotename)%00%(upstream:remoteref) refs/heads/exo_java refs/remotes/exo_java [5ms]
2025-01-15 11:29:45.964 [info] > git status -z -uall [8ms]
2025-01-15 11:29:45.967 [info] > git for-each-ref --sort -committerdate --format %(refname) %(objectname) %(*objectname) [4ms]
2025-01-15 11:29:51.001 [info] > git config --get commit.template [9ms]
2025-01-15 11:29:51.004 [info] > git for-each-ref --format=%(refname)%00%(upstream:short)%00%(objectname)%00%(upstream:track)%00%(upstream:remotename)%00%(upstream:remoteref) refs/heads/exo_java refs/remotes/exo_java [5ms]
2025-01-15 11:29:51.026 [info] > git status -z -uall [11ms]
2025-01-15 11:29:51.034 [info] > git for-each-ref --sort -committerdate --format %(refname) %(objectname) %(*objectname) [9ms]
2025-01-15 11:30:11.382 [info] > git config --get commit.template [8ms]
2025-01-15 11:30:11.385 [info] > git for-each-ref --format=%(refname)%00%(upstream:short)%00%(objectname)%00%(upstream:track)%00%(upstream:remotename)%00%(upstream:remoteref) refs/heads/exo_java refs/remotes/exo_java [4ms]
2025-01-15 11:30:11.399 [info] > git status -z -uall [10ms]
2025-01-15 11:30:11.404 [info] > git for-each-ref --sort -committerdate --format %(refname) %(objectname) %(*objectname) [6ms]
2025-01-15 11:30:16.508 [info] > git config --get commit.template [34ms]
2025-01-15 11:30:16.520 [info] > git for-each-ref --format=%(refname)%00%(upstream:short)%00%(objectname)%00%(upstream:track)%00%(upstream:remotename)%00%(upstream:remoteref) refs/heads/exo_java refs/remotes/exo_java [35ms]
2025-01-15 11:30:16.552 [info] > git status -z -uall [18ms]
2025-01-15 11:30:16.555 [info] > git for-each-ref --sort -committerdate --format %(refname) %(objectname) %(*objectname) [7ms]
2025-01-15 11:30:22.463 [info] > git config --get commit.template [8ms]
2025-01-15 11:30:22.467 [info] > git for-each-ref --format=%(refname)%00%(upstream:short)%00%(objectname)%00%(upstream:track)%00%(upstream:remotename)%00%(upstream:remoteref) refs/heads/exo_java refs/remotes/exo_java [5ms]
2025-01-15 11:30:22.482 [info] > git status -z -uall [11ms]
2025-01-15 11:30:22.485 [info] > git for-each-ref --sort -committerdate --format %(refname) %(objectname) %(*objectname) [8ms]
2025-01-15 11:30:27.509 [info] > git config --get commit.template [9ms]
2025-01-15 11:30:27.512 [info] > git for-each-ref --format=%(refname)%00%(upstream:short)%00%(objectname)%00%(upstream:track)%00%(upstream:remotename)%00%(upstream:remoteref) refs/heads/exo_java refs/remotes/exo_java [6ms]
2025-01-15 11:30:27.523 [info] > git status -z -uall [7ms]
2025-01-15 11:30:27.535 [info] > git for-each-ref --sort -committerdate --format %(refname) %(objectname) %(*objectname) [7ms]
2025-01-15 11:30:29.724 [info] > git ls-files --stage -- /var/www/html/TP_js/exo10/exo10.js [13ms]
2025-01-15 11:30:29.830 [info] > git show --textconv :exo10/exo10.js [127ms]
2025-01-15 11:30:29.831 [info] > git cat-file -s d3a9ada1a6ea9f769af60a3e214fb386c924b9fd [103ms]
2025-01-15 11:30:29.963 [info] > git blame --root --incremental c0ed00023806cf819aac35750a8a0ff577c736ce -- /var/www/html/TP_js/exo10/exo10.js [68ms]
2025-01-15 11:30:32.558 [info] > git config --get commit.template [8ms]
2025-01-15 11:30:32.560 [info] > git for-each-ref --format=%(refname)%00%(upstream:short)%00%(objectname)%00%(upstream:track)%00%(upstream:remotename)%00%(upstream:remoteref) refs/heads/exo_java refs/remotes/exo_java [4ms]
2025-01-15 11:30:32.585 [info] > git status -z -uall [20ms]
2025-01-15 11:30:32.587 [info] > git for-each-ref --sort -committerdate --format %(refname) %(objectname) %(*objectname) [14ms]
2025-01-15 11:30:56.036 [info] > git show --textconv :exo10/exo10.html [12ms]
2025-01-15 11:30:56.040 [info] > git ls-files --stage -- /var/www/html/TP_js/exo10/exo10.html [6ms]
2025-01-15 11:30:56.047 [info] > git cat-file -s c4c465e7932644b1d506b9fbbbbd12048ab58eb8 [2ms]
2025-01-15 11:31:01.618 [info] > git show --textconv :exo10/exo10.js [8ms]
2025-01-15 11:31:01.631 [info] > git ls-files --stage -- /var/www/html/TP_js/exo10/exo10.js [13ms]
2025-01-15 11:31:01.637 [info] > git cat-file -s d3a9ada1a6ea9f769af60a3e214fb386c924b9fd [2ms]
2025-01-15 11:31:03.534 [info] > git ls-files --stage -- /var/www/html/TP_js/exo10/exo10.css [22ms]
2025-01-15 11:31:03.663 [info] > git show --textconv :exo10/exo10.css [165ms]
2025-01-15 11:31:03.665 [info] > git cat-file -s e5421f941f30f8e467d4ef24b0af650bb27dc393 [120ms]
2025-01-15 11:31:03.805 [info] > git show --textconv :exo10/exo10.html [8ms]
2025-01-15 11:31:03.816 [info] > git ls-files --stage -- /var/www/html/TP_js/exo10/exo10.html [13ms]
2025-01-15 11:31:03.829 [info] > git cat-file -s c4c465e7932644b1d506b9fbbbbd12048ab58eb8 [4ms]
2025-01-15 11:31:04.929 [info] > git show --textconv :exo10/exo10.js [7ms]
2025-01-15 11:31:04.932 [info] > git ls-files --stage -- /var/www/html/TP_js/exo10/exo10.js [4ms]
2025-01-15 11:31:04.938 [info] > git cat-file -s d3a9ada1a6ea9f769af60a3e214fb386c924b9fd [2ms]
2025-01-15 11:31:10.762 [info] > git config --get commit.template [9ms]
2025-01-15 11:31:10.765 [info] > git for-each-ref --format=%(refname)%00%(upstream:short)%00%(objectname)%00%(upstream:track)%00%(upstream:remotename)%00%(upstream:remoteref) refs/heads/exo_java refs/remotes/exo_java [5ms]
2025-01-15 11:31:10.785 [info] > git status -z -uall [16ms]
2025-01-15 11:31:10.786 [info] > git for-each-ref --sort -committerdate --format %(refname) %(objectname) %(*objectname) [8ms]
2025-01-15 11:31:23.805 [info] > git show --textconv :exo10/exo10.html [8ms]
2025-01-15 11:31:23.816 [info] > git ls-files --stage -- /var/www/html/TP_js/exo10/exo10.html [12ms]
2025-01-15 11:31:23.830 [info] > git cat-file -s c4c465e7932644b1d506b9fbbbbd12048ab58eb8 [4ms]
2025-01-15 11:31:31.498 [info] > git show --textconv :exo10/exo10.js [7ms]
2025-01-15 11:31:31.502 [info] > git ls-files --stage -- /var/www/html/TP_js/exo10/exo10.js [4ms]
2025-01-15 11:31:31.507 [info] > git cat-file -s d3a9ada1a6ea9f769af60a3e214fb386c924b9fd [2ms]
2025-01-15 11:31:37.726 [info] > git config --get commit.template [9ms]
2025-01-15 11:31:37.730 [info] > git for-each-ref --format=%(refname)%00%(upstream:short)%00%(objectname)%00%(upstream:track)%00%(upstream:remotename)%00%(upstream:remoteref) refs/heads/exo_java refs/remotes/exo_java [5ms]
2025-01-15 11:31:37.742 [info] > git status -z -uall [8ms]
2025-01-15 11:31:37.747 [info] > git for-each-ref --sort -committerdate --format %(refname) %(objectname) %(*objectname) [6ms]
2025-01-15 11:31:39.057 [info] > git show --textconv :exo10/exo10.html [8ms]
2025-01-15 11:31:39.061 [info] > git ls-files --stage -- /var/www/html/TP_js/exo10/exo10.html [6ms]
2025-01-15 11:31:39.071 [info] > git cat-file -s c4c465e7932644b1d506b9fbbbbd12048ab58eb8 [5ms]
2025-01-15 11:31:45.584 [info] > git show --textconv :exo10/exo10.css [8ms]
2025-01-15 11:31:45.587 [info] > git ls-files --stage -- /var/www/html/TP_js/exo10/exo10.css [4ms]
2025-01-15 11:31:45.593 [info] > git cat-file -s e5421f941f30f8e467d4ef24b0af650bb27dc393 [3ms]
2025-01-15 11:31:45.617 [info] > git blame --root --incremental c0ed00023806cf819aac35750a8a0ff577c736ce -- /var/www/html/TP_js/exo10/exo10.css [7ms]
2025-01-15 11:31:47.232 [info] > git show --textconv :exo10/exo10.js [15ms]
2025-01-15 11:31:47.237 [info] > git ls-files --stage -- /var/www/html/TP_js/exo10/exo10.js [6ms]
2025-01-15 11:31:47.248 [info] > git cat-file -s d3a9ada1a6ea9f769af60a3e214fb386c924b9fd [4ms]
2025-01-15 11:31:55.655 [info] > git config --get commit.template [12ms]
2025-01-15 11:31:55.668 [info] > git for-each-ref --format=%(refname)%00%(upstream:short)%00%(objectname)%00%(upstream:track)%00%(upstream:remotename)%00%(upstream:remoteref) refs/heads/exo_java refs/remotes/exo_java [14ms]
2025-01-15 11:31:55.681 [info] > git status -z -uall [7ms]
2025-01-15 11:31:55.692 [info] > git for-each-ref --sort -committerdate --format %(refname) %(objectname) %(*objectname) [12ms]
2025-01-15 11:33:24.759 [info] > git config --get commit.template [11ms]
2025-01-15 11:33:24.768 [info] > git for-each-ref --format=%(refname)%00%(upstream:short)%00%(objectname)%00%(upstream:track)%00%(upstream:remotename)%00%(upstream:remoteref) refs/heads/exo_java refs/remotes/exo_java [12ms]
2025-01-15 11:33:24.793 [info] > git status -z -uall [12ms]
2025-01-15 11:33:24.804 [info] > git for-each-ref --sort -committerdate --format %(refname) %(objectname) %(*objectname) [13ms]
2025-01-15 11:33:25.198 [info] > git fetch [472ms]
2025-01-15 11:33:25.211 [info] > git config --get commit.template [6ms]
2025-01-15 11:33:25.213 [info] > git for-each-ref --format=%(refname)%00%(upstream:short)%00%(objectname)%00%(upstream:track)%00%(upstream:remotename)%00%(upstream:remoteref) refs/heads/exo_java refs/remotes/exo_java [3ms]
2025-01-15 11:33:25.224 [info] > git status -z -uall [7ms]
2025-01-15 11:33:25.228 [info] > git for-each-ref --sort -committerdate --format %(refname) %(objectname) %(*objectname) [4ms]
2025-01-15 11:33:26.440 [info] > git ls-files --stage -- /var/www/html/TP_js/exo10/exo10.js [3ms]
2025-01-15 11:33:26.447 [info] > git cat-file -s d3a9ada1a6ea9f769af60a3e214fb386c924b9fd [3ms]
2025-01-15 11:33:26.460 [info] > git show --textconv :exo10/exo10.js [3ms]
2025-01-15 11:33:29.846 [info] > git config --get commit.template [8ms]
2025-01-15 11:33:29.852 [info] > git for-each-ref --format=%(refname)%00%(upstream:short)%00%(objectname)%00%(upstream:track)%00%(upstream:remotename)%00%(upstream:remoteref) refs/heads/exo_java refs/remotes/exo_java [7ms]
2025-01-15 11:33:29.868 [info] > git status -z -uall [11ms]
2025-01-15 11:33:29.872 [info] > git for-each-ref --sort -committerdate --format %(refname) %(objectname) %(*objectname) [6ms]
2025-01-15 11:34:56.264 [info] > git show --textconv :exo10/exo10.html [12ms]
2025-01-15 11:34:56.276 [info] > git ls-files --stage -- /var/www/html/TP_js/exo10/exo10.html [12ms]
2025-01-15 11:34:56.283 [info] > git cat-file -s c4c465e7932644b1d506b9fbbbbd12048ab58eb8 [3ms]
2025-01-15 11:35:00.739 [info] > git show --textconv :exo10/exo10.js [7ms]
2025-01-15 11:35:00.742 [info] > git ls-files --stage -- /var/www/html/TP_js/exo10/exo10.js [3ms]
2025-01-15 11:35:00.748 [info] > git cat-file -s d3a9ada1a6ea9f769af60a3e214fb386c924b9fd [3ms]
2025-01-15 11:35:42.715 [info] > git config --get commit.template [11ms]
2025-01-15 11:35:42.722 [info] > git for-each-ref --format=%(refname)%00%(upstream:short)%00%(objectname)%00%(upstream:track)%00%(upstream:remotename)%00%(upstream:remoteref) refs/heads/exo_java refs/remotes/exo_java [9ms]
2025-01-15 11:35:42.744 [info] > git status -z -uall [16ms]
2025-01-15 11:35:42.746 [info] > git for-each-ref --sort -committerdate --format %(refname) %(objectname) %(*objectname) [13ms]
2025-01-15 11:38:50.326 [info] > git fetch [441ms]
2025-01-15 11:38:50.340 [info] > git config --get commit.template [6ms]
2025-01-15 11:38:50.343 [info] > git for-each-ref --format=%(refname)%00%(upstream:short)%00%(objectname)%00%(upstream:track)%00%(upstream:remotename)%00%(upstream:remoteref) refs/heads/exo_java refs/remotes/exo_java [4ms]
2025-01-15 11:38:50.356 [info] > git status -z -uall [9ms]
2025-01-15 11:38:50.359 [info] > git for-each-ref --sort -committerdate --format %(refname) %(objectname) %(*objectname) [5ms]
2025-01-15 11:38:51.172 [info] > git show --textconv :exo10/exo10.html [7ms]
2025-01-15 11:38:51.175 [info] > git ls-files --stage -- /var/www/html/TP_js/exo10/exo10.html [4ms]
2025-01-15 11:38:51.183 [info] > git cat-file -s c4c465e7932644b1d506b9fbbbbd12048ab58eb8 [6ms]
2025-01-15 11:38:51.461 [info] > git config --get commit.template [6ms]
2025-01-15 11:38:51.464 [info] > git for-each-ref --format=%(refname)%00%(upstream:short)%00%(objectname)%00%(upstream:track)%00%(upstream:remotename)%00%(upstream:remoteref) refs/heads/exo_java refs/remotes/exo_java [4ms]
2025-01-15 11:38:51.477 [info] > git status -z -uall [8ms]
2025-01-15 11:38:51.480 [info] > git for-each-ref --sort -committerdate --format %(refname) %(objectname) %(*objectname) [7ms]
2025-01-15 11:38:51.563 [info] > git ls-files --stage -- /var/www/html/TP_js/exo10/exo10.html [3ms]
2025-01-15 11:38:51.569 [info] > git cat-file -s c4c465e7932644b1d506b9fbbbbd12048ab58eb8 [2ms]
2025-01-15 11:38:51.582 [info] > git show --textconv :exo10/exo10.html [4ms]
2025-01-15 11:38:56.465 [info] > git show --textconv :exo10/exo10.js [7ms]
2025-01-15 11:38:56.469 [info] > git ls-files --stage -- /var/www/html/TP_js/exo10/exo10.js [4ms]
2025-01-15 11:38:56.476 [info] > git cat-file -s d3a9ada1a6ea9f769af60a3e214fb386c924b9fd [2ms]
2025-01-15 11:40:16.590 [info] > git show --textconv :exo10/exo10.html [9ms]
2025-01-15 11:40:16.595 [info] > git ls-files --stage -- /var/www/html/TP_js/exo10/exo10.html [5ms]
2025-01-15 11:40:16.601 [info] > git cat-file -s c4c465e7932644b1d506b9fbbbbd12048ab58eb8 [3ms]
2025-01-15 11:40:21.938 [info] > git show --textconv :exo10/exo10.css [6ms]
2025-01-15 11:40:21.942 [info] > git ls-files --stage -- /var/www/html/TP_js/exo10/exo10.css [4ms]
2025-01-15 11:40:21.947 [info] > git cat-file -s e5421f941f30f8e467d4ef24b0af650bb27dc393 [3ms]
2025-01-15 11:40:23.594 [info] > git show --textconv :exo10/exo10.js [15ms]
2025-01-15 11:40:23.636 [info] > git ls-files --stage -- /var/www/html/TP_js/exo10/exo10.js [46ms]
2025-01-15 11:40:23.656 [info] > git cat-file -s d3a9ada1a6ea9f769af60a3e214fb386c924b9fd [15ms]
2025-01-15 11:40:50.738 [info] > git config --get commit.template [11ms]
2025-01-15 11:40:50.749 [info] > git for-each-ref --format=%(refname)%00%(upstream:short)%00%(objectname)%00%(upstream:track)%00%(upstream:remotename)%00%(upstream:remoteref) refs/heads/exo_java refs/remotes/exo_java [15ms]
2025-01-15 11:40:50.792 [info] > git status -z -uall [34ms]
2025-01-15 11:40:50.793 [info] > git for-each-ref --sort -committerdate --format %(refname) %(objectname) %(*objectname) [10ms]
2025-01-15 11:41:00.511 [info] > git config --get commit.template [19ms]
2025-01-15 11:41:00.520 [info] > git for-each-ref --format=%(refname)%00%(upstream:short)%00%(objectname)%00%(upstream:track)%00%(upstream:remotename)%00%(upstream:remoteref) refs/heads/exo_java refs/remotes/exo_java [19ms]
2025-01-15 11:41:00.533 [info] > git status -z -uall [8ms]
2025-01-15 11:41:00.537 [info] > git for-each-ref --sort -committerdate --format %(refname) %(objectname) %(*objectname) [5ms]
2025-01-15 11:41:16.058 [info] > git config --get commit.template [9ms]
2025-01-15 11:41:16.061 [info] > git for-each-ref --format=%(refname)%00%(upstream:short)%00%(objectname)%00%(upstream:track)%00%(upstream:remotename)%00%(upstream:remoteref) refs/heads/exo_java refs/remotes/exo_java [5ms]
2025-01-15 11:41:16.079 [info] > git status -z -uall [14ms]
2025-01-15 11:41:16.080 [info] > git for-each-ref --sort -committerdate --format %(refname) %(objectname) %(*objectname) [7ms]
2025-01-15 11:41:21.329 [info] > git config --get commit.template [18ms]
2025-01-15 11:41:21.330 [info] > git for-each-ref --format=%(refname)%00%(upstream:short)%00%(objectname)%00%(upstream:track)%00%(upstream:remotename)%00%(upstream:remoteref) refs/heads/exo_java refs/remotes/exo_java [8ms]
2025-01-15 11:41:21.352 [info] > git status -z -uall [17ms]
2025-01-15 11:41:21.354 [info] > git for-each-ref --sort -committerdate --format %(refname) %(objectname) %(*objectname) [8ms]
2025-01-15 11:41:26.384 [info] > git config --get commit.template [11ms]
2025-01-15 11:41:26.386 [info] > git for-each-ref --format=%(refname)%00%(upstream:short)%00%(objectname)%00%(upstream:track)%00%(upstream:remotename)%00%(upstream:remoteref) refs/heads/exo_java refs/remotes/exo_java [9ms]
2025-01-15 11:41:26.400 [info] > git status -z -uall [7ms]
2025-01-15 11:41:26.404 [info] > git for-each-ref --sort -committerdate --format %(refname) %(objectname) %(*objectname) [5ms]
2025-01-15 11:41:31.422 [info] > git config --get commit.template [7ms]
2025-01-15 11:41:31.424 [info] > git for-each-ref --format=%(refname)%00%(upstream:short)%00%(objectname)%00%(upstream:track)%00%(upstream:remotename)%00%(upstream:remoteref) refs/heads/exo_java refs/remotes/exo_java [3ms]
2025-01-15 11:41:31.435 [info] > git status -z -uall [7ms]
2025-01-15 11:41:31.438 [info] > git for-each-ref --sort -committerdate --format %(refname) %(objectname) %(*objectname) [4ms]
2025-01-15 11:41:50.945 [info] > git fetch [573ms]
2025-01-15 11:41:50.959 [info] > git config --get commit.template [6ms]
2025-01-15 11:41:50.967 [info] > git for-each-ref --format=%(refname)%00%(upstream:short)%00%(objectname)%00%(upstream:track)%00%(upstream:remotename)%00%(upstream:remoteref) refs/heads/exo_java refs/remotes/exo_java [3ms]
2025-01-15 11:41:50.980 [info] > git status -z -uall [9ms]
2025-01-15 11:41:50.983 [info] > git for-each-ref --sort -committerdate --format %(refname) %(objectname) %(*objectname) [6ms]
2025-01-15 11:41:51.005 [info] > git config --get commit.template [7ms]
2025-01-15 11:41:51.007 [info] > git for-each-ref --format=%(refname)%00%(upstream:short)%00%(objectname)%00%(upstream:track)%00%(upstream:remotename)%00%(upstream:remoteref) refs/heads/exo_java refs/remotes/exo_java [3ms]
2025-01-15 11:41:51.021 [info] > git status -z -uall [10ms]
2025-01-15 11:41:51.024 [info] > git for-each-ref --sort -committerdate --format %(refname) %(objectname) %(*objectname) [4ms]
2025-01-15 11:41:52.162 [info] > git ls-files --stage -- /var/www/html/TP_js/exo10/exo10.js [4ms]
2025-01-15 11:41:52.175 [info] > git cat-file -s d3a9ada1a6ea9f769af60a3e214fb386c924b9fd [9ms]
2025-01-15 11:41:52.191 [info] > git show --textconv :exo10/exo10.js [4ms]
2025-01-15 11:41:56.042 [info] > git config --get commit.template [9ms]
2025-01-15 11:41:56.045 [info] > git for-each-ref --format=%(refname)%00%(upstream:short)%00%(objectname)%00%(upstream:track)%00%(upstream:remotename)%00%(upstream:remoteref) refs/heads/exo_java refs/remotes/exo_java [4ms]
2025-01-15 11:41:56.056 [info] > git status -z -uall [7ms]
2025-01-15 11:41:56.062 [info] > git for-each-ref --sort -committerdate --format %(refname) %(objectname) %(*objectname) [7ms]
2025-01-15 11:42:01.088 [info] > git config --get commit.template [14ms]
2025-01-15 11:42:01.096 [info] > git for-each-ref --format=%(refname)%00%(upstream:short)%00%(objectname)%00%(upstream:track)%00%(upstream:remotename)%00%(upstream:remoteref) refs/heads/exo_java refs/remotes/exo_java [3ms]
2025-01-15 11:42:01.108 [info] > git status -z -uall [8ms]
2025-01-15 11:42:01.113 [info] > git for-each-ref --sort -committerdate --format %(refname) %(objectname) %(*objectname) [6ms]
2025-01-15 11:42:06.148 [info] > git config --get commit.template [12ms]
2025-01-15 11:42:06.151 [info] > git for-each-ref --format=%(refname)%00%(upstream:short)%00%(objectname)%00%(upstream:track)%00%(upstream:remotename)%00%(upstream:remoteref) refs/heads/exo_java refs/remotes/exo_java [4ms]
2025-01-15 11:42:06.164 [info] > git status -z -uall [8ms]
2025-01-15 11:42:06.167 [info] > git for-each-ref --sort -committerdate --format %(refname) %(objectname) %(*objectname) [4ms]
2025-01-15 11:42:11.196 [info] > git config --get commit.template [14ms]
2025-01-15 11:42:11.204 [info] > git for-each-ref --format=%(refname)%00%(upstream:short)%00%(objectname)%00%(upstream:track)%00%(upstream:remotename)%00%(upstream:remoteref) refs/heads/exo_java refs/remotes/exo_java [4ms]
2025-01-15 11:42:11.215 [info] > git status -z -uall [8ms]
2025-01-15 11:42:11.220 [info] > git for-each-ref --sort -committerdate --format %(refname) %(objectname) %(*objectname) [6ms]
2025-01-15 11:42:19.236 [info] > git config --get commit.template [21ms]
2025-01-15 11:42:19.239 [info] > git for-each-ref --format=%(refname)%00%(upstream:short)%00%(objectname)%00%(upstream:track)%00%(upstream:remotename)%00%(upstream:remoteref) refs/heads/exo_java refs/remotes/exo_java [17ms]
2025-01-15 11:42:19.252 [info] > git status -z -uall [7ms]
2025-01-15 11:42:19.256 [info] > git for-each-ref --sort -committerdate --format %(refname) %(objectname) %(*objectname) [5ms]
2025-01-15 11:42:26.101 [info] > git config --get commit.template [8ms]
2025-01-15 11:42:26.104 [info] > git for-each-ref --format=%(refname)%00%(upstream:short)%00%(objectname)%00%(upstream:track)%00%(upstream:remotename)%00%(upstream:remoteref) refs/heads/exo_java refs/remotes/exo_java [5ms]
2025-01-15 11:42:26.116 [info] > git status -z -uall [7ms]
2025-01-15 11:42:26.120 [info] > git for-each-ref --sort -committerdate --format %(refname) %(objectname) %(*objectname) [4ms]
2025-01-15 11:42:31.145 [info] > git config --get commit.template [14ms]
2025-01-15 11:42:31.149 [info] > git for-each-ref --format=%(refname)%00%(upstream:short)%00%(objectname)%00%(upstream:track)%00%(upstream:remotename)%00%(upstream:remoteref) refs/heads/exo_java refs/remotes/exo_java [7ms]
2025-01-15 11:42:31.161 [info] > git status -z -uall [7ms]
2025-01-15 11:42:31.165 [info] > git for-each-ref --sort -committerdate --format %(refname) %(objectname) %(*objectname) [5ms]
2025-01-15 11:42:36.213 [info] > git config --get commit.template [22ms]
2025-01-15 11:42:36.302 [info] > git for-each-ref --format=%(refname)%00%(upstream:short)%00%(objectname)%00%(upstream:track)%00%(upstream:remotename)%00%(upstream:remoteref) refs/heads/exo_java refs/remotes/exo_java [101ms]
2025-01-15 11:42:36.329 [info] > git status -z -uall [18ms]
2025-01-15 11:42:36.332 [info] > git for-each-ref --sort -committerdate --format %(refname) %(objectname) %(*objectname) [12ms]
2025-01-15 11:42:41.353 [info] > git config --get commit.template [8ms]
2025-01-15 11:42:41.356 [info] > git for-each-ref --format=%(refname)%00%(upstream:short)%00%(objectname)%00%(upstream:track)%00%(upstream:remotename)%00%(upstream:remoteref) refs/heads/exo_java refs/remotes/exo_java [4ms]
2025-01-15 11:42:41.368 [info] > git status -z -uall [8ms]
2025-01-15 11:42:41.371 [info] > git for-each-ref --sort -committerdate --format %(refname) %(objectname) %(*objectname) [4ms]
2025-01-15 11:43:22.414 [info] > git log --format=%H%n%aN%n%aE%n%at%n%ct%n%P%n%D%n%B -z --shortstat -n50 --skip=0 --topo-order --decorate=full --stdin [781ms]
2025-01-15 11:43:23.822 [info] > git add -A -- /var/www/html/TP_js/exo10/exo10.html /var/www/html/TP_js/exo10/exo10.js /var/www/html/TP_js/exo11/exo11.js [12ms]
2025-01-15 11:43:23.846 [info] > git config --get commit.template [7ms]
2025-01-15 11:43:23.849 [info] > git for-each-ref --format=%(refname)%00%(upstream:short)%00%(objectname)%00%(upstream:track)%00%(upstream:remotename)%00%(upstream:remoteref) refs/heads/exo_java refs/remotes/exo_java [4ms]
2025-01-15 11:43:23.869 [info] > git status -z -uall [16ms]
2025-01-15 11:43:23.879 [info] > git for-each-ref --sort -committerdate --format %(refname) %(objectname) %(*objectname) [11ms]
2025-01-15 11:43:24.220 [info] > git show --textconv HEAD:exo10/exo10.js [8ms]
2025-01-15 11:43:24.224 [info] > git ls-tree -l HEAD -- /var/www/html/TP_js/exo10/exo10.js [5ms]
2025-01-15 11:43:24.922 [info] > git config --get commit.template [8ms]
2025-01-15 11:43:24.925 [info] > git for-each-ref --format=%(refname)%00%(upstream:short)%00%(objectname)%00%(upstream:track)%00%(upstream:remotename)%00%(upstream:remoteref) refs/heads/exo_java refs/remotes/exo_java [4ms]
2025-01-15 11:43:24.938 [info] > git status -z -uall [8ms]
2025-01-15 11:43:24.941 [info] > git for-each-ref --sort -committerdate --format %(refname) %(objectname) %(*objectname) [4ms]
2025-01-15 11:43:25.024 [info] > git ls-files --stage -- /var/www/html/TP_js/exo10/exo10.js [6ms]
2025-01-15 11:43:25.031 [info] > git ls-tree -l HEAD -- /var/www/html/TP_js/exo10/exo10.js [8ms]
2025-01-15 11:43:25.034 [info] > git cat-file -s 76dbf1926eb814e827f06978183259f8c9b8cf84 [5ms]
2025-01-15 11:43:25.050 [info] > git show --textconv HEAD:exo10/exo10.js [8ms]
2025-01-15 11:43:25.054 [info] > git show --textconv :exo10/exo10.js [5ms]
2025-01-15 11:43:29.483 [info] > git -c user.useConfigOnly=true commit --quiet --allow-empty-message --file - [70ms]
2025-01-15 11:43:29.490 [info] > git config --get commit.template [2ms]
2025-01-15 11:43:29.505 [info] > git config --get commit.template [6ms]
2025-01-15 11:43:29.508 [info] > git for-each-ref --format=%(refname)%00%(upstream:short)%00%(objectname)%00%(upstream:track)%00%(upstream:remotename)%00%(upstream:remoteref) refs/heads/exo_java refs/remotes/exo_java [4ms]
2025-01-15 11:43:29.522 [info] > git status -z -uall [9ms]
2025-01-15 11:43:29.526 [info] > git for-each-ref --sort -committerdate --format %(refname) %(objectname) %(*objectname) [6ms]
2025-01-15 11:43:29.553 [info] > git merge-base refs/heads/exo_java refs/remotes/origin/exo_java [12ms]
2025-01-15 11:43:29.562 [info] > git diff --name-status -z --diff-filter=ADMR c0ed00023806cf819aac35750a8a0ff577c736ce...refs/remotes/origin/exo_java [3ms]
2025-01-15 11:43:29.616 [info] > git config --get commit.template [10ms]
2025-01-15 11:43:29.620 [info] > git log --format=%H%n%aN%n%aE%n%at%n%ct%n%P%n%D%n%B -z --shortstat -n50 --skip=0 --topo-order --decorate=full --stdin [34ms]
2025-01-15 11:43:29.625 [info] > git for-each-ref --format=%(refname)%00%(upstream:short)%00%(objectname)%00%(upstream:track)%00%(upstream:remotename)%00%(upstream:remoteref) refs/heads/exo_java refs/remotes/exo_java [9ms]
2025-01-15 11:43:29.639 [info] > git status -z -uall [10ms]
2025-01-15 11:43:29.643 [info] > git for-each-ref --sort -committerdate --format %(refname) %(objectname) %(*objectname) [5ms]
2025-01-15 11:43:29.899 [info] > git blame --root --incremental fc43896cdae20e9d2944c3a25159474e9df10f0a -- /var/www/html/TP_js/exo10/exo10.js [6ms]
2025-01-15 11:43:30.663 [info] > git config --get commit.template [7ms]
2025-01-15 11:43:30.666 [info] > git for-each-ref --format=%(refname)%00%(upstream:short)%00%(objectname)%00%(upstream:track)%00%(upstream:remotename)%00%(upstream:remoteref) refs/heads/exo_java refs/remotes/exo_java [4ms]
2025-01-15 11:43:30.688 [info] > git status -z -uall [11ms]
2025-01-15 11:43:30.691 [info] > git for-each-ref --sort -committerdate --format %(refname) %(objectname) %(*objectname) [5ms]
2025-01-15 11:43:30.767 [info] > git ls-files --stage -- /var/www/html/TP_js/exo10/exo10.js [2ms]
2025-01-15 11:43:30.773 [info] > git cat-file -s 76dbf1926eb814e827f06978183259f8c9b8cf84 [2ms]
2025-01-15 11:43:30.788 [info] > git show --textconv :exo10/exo10.js [3ms]
2025-01-15 11:43:32.567 [info] > git log --oneline --cherry exo_java...exo_java@{upstream} -- [4ms]
2025-01-15 11:43:33.201 [info] > git pull --tags origin exo_java [628ms]
2025-01-15 11:43:33.201 [info] hint: Pulling without specifying how to reconcile divergent branches is
hint: discouraged. You can squelch this message by running one of the following
hint: commands sometime before your next pull:
hint: 
hint:   git config pull.rebase false  # merge (the default strategy)
hint:   git config pull.rebase true   # rebase
hint:   git config pull.ff only       # fast-forward only
hint: 
hint: You can replace "git config" with "git config --global" to set a default
hint: preference for all repositories. You can also pass --rebase, --no-rebase,
hint: or --ff-only on the command line to override the configured default per
hint: invocation.
From https://github.com/Brevart-eloi/exo_java
 * branch            exo_java   -> FETCH_HEAD
2025-01-15 11:43:34.385 [info] > git push origin exo_java:exo_java [1177ms]
2025-01-15 11:43:34.385 [info] To https://github.com/Brevart-eloi/exo_java.git
   c0ed000..fc43896  exo_java -> exo_java
2025-01-15 11:43:34.396 [info] > git ls-files --stage -- /var/www/html/TP_js/exo10/exo10.js [14ms]
2025-01-15 11:43:34.402 [info] > git config --get commit.template [7ms]
2025-01-15 11:43:34.408 [info] > git cat-file -s 76dbf1926eb814e827f06978183259f8c9b8cf84 [7ms]
2025-01-15 11:43:34.412 [info] > git for-each-ref --format=%(refname)%00%(upstream:short)%00%(objectname)%00%(upstream:track)%00%(upstream:remotename)%00%(upstream:remoteref) refs/heads/exo_java refs/remotes/exo_java [4ms]
2025-01-15 11:43:34.429 [info] > git status -z -uall [13ms]
2025-01-15 11:43:34.430 [info] > git for-each-ref --sort -committerdate --format %(refname) %(objectname) %(*objectname) [7ms]
2025-01-15 11:43:34.456 [info] > git merge-base refs/heads/exo_java refs/remotes/origin/exo_java [11ms]
2025-01-15 11:43:34.463 [info] > git show --textconv :exo10/exo10.js [7ms]
2025-01-15 11:43:34.471 [info] > git diff --name-status -z --diff-filter=ADMR fc43896cdae20e9d2944c3a25159474e9df10f0a...refs/remotes/origin/exo_java [7ms]
2025-01-15 11:43:34.513 [info] > git log --format=%H%n%aN%n%aE%n%at%n%ct%n%P%n%D%n%B -z --shortstat -n50 --skip=0 --topo-order --decorate=full --stdin [14ms]
2025-01-15 11:43:35.677 [info] > git ls-files --stage -- /var/www/html/TP_js/exo10/exo10.js [3ms]
2025-01-15 11:43:35.683 [info] > git cat-file -s 76dbf1926eb814e827f06978183259f8c9b8cf84 [2ms]
2025-01-15 11:43:35.707 [info] > git show --textconv :exo10/exo10.js [15ms]
2025-01-15 11:43:35.715 [info] > git config --get commit.template [9ms]
2025-01-15 11:43:35.718 [info] > git for-each-ref --format=%(refname)%00%(upstream:short)%00%(objectname)%00%(upstream:track)%00%(upstream:remotename)%00%(upstream:remoteref) refs/heads/exo_java refs/remotes/exo_java [3ms]
2025-01-15 11:43:35.729 [info] > git status -z -uall [7ms]
2025-01-15 11:43:35.733 [info] > git for-each-ref --sort -committerdate --format %(refname) %(objectname) %(*objectname) [5ms]
2025-01-15 11:43:42.178 [info] > git show --textconv :exo11/exo11.css [8ms]
2025-01-15 11:43:42.181 [info] > git ls-files --stage -- /var/www/html/TP_js/exo11/exo11.css [4ms]
2025-01-15 11:43:42.192 [info] > git cat-file -s 9be674c32b01e21964664ce85d0f5e85ce7c78c8 [7ms]
2025-01-15 11:43:42.214 [info] > git blame --root --incremental fc43896cdae20e9d2944c3a25159474e9df10f0a -- /var/www/html/TP_js/exo11/exo11.css [5ms]
2025-01-15 11:43:42.525 [info] > git show --textconv :exo11/exo11.html [7ms]
2025-01-15 11:43:42.529 [info] > git ls-files --stage -- /var/www/html/TP_js/exo11/exo11.html [4ms]
2025-01-15 11:43:42.535 [info] > git cat-file -s 37d0856c969e6f3744e9ffc360399805662f4870 [3ms]
2025-01-15 11:43:42.553 [info] > git blame --root --incremental fc43896cdae20e9d2944c3a25159474e9df10f0a -- /var/www/html/TP_js/exo11/exo11.html [5ms]
2025-01-15 11:46:34.503 [info] > git fetch [459ms]
2025-01-15 11:46:34.519 [info] > git config --get commit.template [6ms]
2025-01-15 11:46:34.522 [info] > git for-each-ref --format=%(refname)%00%(upstream:short)%00%(objectname)%00%(upstream:track)%00%(upstream:remotename)%00%(upstream:remoteref) refs/heads/exo_java refs/remotes/exo_java [4ms]
2025-01-15 11:46:34.535 [info] > git status -z -uall [8ms]
2025-01-15 11:46:34.539 [info] > git for-each-ref --sort -committerdate --format %(refname) %(objectname) %(*objectname) [5ms]
2025-01-15 11:46:35.656 [info] > git config --get commit.template [12ms]
2025-01-15 11:46:35.660 [info] > git for-each-ref --format=%(refname)%00%(upstream:short)%00%(objectname)%00%(upstream:track)%00%(upstream:remotename)%00%(upstream:remoteref) refs/heads/exo_java refs/remotes/exo_java [6ms]
2025-01-15 11:46:35.676 [info] > git status -z -uall [11ms]
2025-01-15 11:46:35.680 [info] > git for-each-ref --sort -committerdate --format %(refname) %(objectname) %(*objectname) [6ms]
2025-01-15 11:46:35.756 [info] > git ls-files --stage -- /var/www/html/TP_js/exo11/exo11.html [9ms]
2025-01-15 11:46:35.762 [info] > git cat-file -s 37d0856c969e6f3744e9ffc360399805662f4870 [2ms]
2025-01-15 11:46:35.776 [info] > git show --textconv :exo11/exo11.html [3ms]
2025-01-15 11:49:35.041 [info] > git fetch [478ms]
2025-01-15 11:49:35.055 [info] > git config --get commit.template [6ms]
2025-01-15 11:49:35.058 [info] > git for-each-ref --format=%(refname)%00%(upstream:short)%00%(objectname)%00%(upstream:track)%00%(upstream:remotename)%00%(upstream:remoteref) refs/heads/exo_java refs/remotes/exo_java [4ms]
2025-01-15 11:49:35.071 [info] > git status -z -uall [9ms]
2025-01-15 11:49:35.074 [info] > git for-each-ref --sort -committerdate --format %(refname) %(objectname) %(*objectname) [5ms]
2025-01-15 11:49:36.186 [info] > git config --get commit.template [9ms]
2025-01-15 11:49:36.189 [info] > git for-each-ref --format=%(refname)%00%(upstream:short)%00%(objectname)%00%(upstream:track)%00%(upstream:remotename)%00%(upstream:remoteref) refs/heads/exo_java refs/remotes/exo_java [6ms]
2025-01-15 11:49:36.201 [info] > git status -z -uall [7ms]
2025-01-15 11:49:36.204 [info] > git for-each-ref --sort -committerdate --format %(refname) %(objectname) %(*objectname) [4ms]
2025-01-15 11:49:36.286 [info] > git ls-files --stage -- /var/www/html/TP_js/exo11/exo11.html [2ms]
2025-01-15 11:49:36.293 [info] > git cat-file -s 37d0856c969e6f3744e9ffc360399805662f4870 [3ms]
2025-01-15 11:49:36.306 [info] > git show --textconv :exo11/exo11.html [4ms]
2025-01-15 11:52:28.752 [info] > git ls-files --stage -- /var/www/html/TP_js/exo10/exo10.js [9ms]
2025-01-15 11:52:28.757 [info] > git show --textconv :exo10/exo10.js [21ms]
2025-01-15 11:52:28.760 [info] > git cat-file -s 76dbf1926eb814e827f06978183259f8c9b8cf84 [4ms]
2025-01-15 11:52:33.161 [info] > git show --textconv :exo11/exo11.html [24ms]
2025-01-15 11:52:33.164 [info] > git ls-files --stage -- /var/www/html/TP_js/exo11/exo11.html [7ms]
2025-01-15 11:52:33.174 [info] > git cat-file -s 37d0856c969e6f3744e9ffc360399805662f4870 [5ms]
2025-01-15 11:52:33.928 [info] > git show --textconv :exo11/exo11.js [7ms]
2025-01-15 11:52:33.933 [info] > git ls-files --stage -- /var/www/html/TP_js/exo11/exo11.js [6ms]
2025-01-15 11:52:33.939 [info] > git cat-file -s 66da35dbe3526ce2bd4e6d76554826af4b22ee42 [3ms]
2025-01-15 11:52:33.971 [info] > git blame --root --incremental fc43896cdae20e9d2944c3a25159474e9df10f0a -- /var/www/html/TP_js/exo11/exo11.js [16ms]
2025-01-15 11:52:35.547 [info] > git fetch [459ms]
2025-01-15 11:52:35.559 [info] > git config --get commit.template [6ms]
2025-01-15 11:52:35.562 [info] > git for-each-ref --format=%(refname)%00%(upstream:short)%00%(objectname)%00%(upstream:track)%00%(upstream:remotename)%00%(upstream:remoteref) refs/heads/exo_java refs/remotes/exo_java [4ms]
2025-01-15 11:52:35.572 [info] > git status -z -uall [6ms]
2025-01-15 11:52:35.576 [info] > git for-each-ref --sort -committerdate --format %(refname) %(objectname) %(*objectname) [4ms]
2025-01-15 11:52:36.692 [info] > git config --get commit.template [9ms]
2025-01-15 11:52:36.695 [info] > git for-each-ref --format=%(refname)%00%(upstream:short)%00%(objectname)%00%(upstream:track)%00%(upstream:remotename)%00%(upstream:remoteref) refs/heads/exo_java refs/remotes/exo_java [5ms]
2025-01-15 11:52:36.706 [info] > git status -z -uall [7ms]
2025-01-15 11:52:36.709 [info] > git for-each-ref --sort -committerdate --format %(refname) %(objectname) %(*objectname) [4ms]
2025-01-15 11:52:36.788 [info] > git ls-files --stage -- /var/www/html/TP_js/exo11/exo11.js [3ms]
2025-01-15 11:52:36.793 [info] > git cat-file -s 66da35dbe3526ce2bd4e6d76554826af4b22ee42 [2ms]
2025-01-15 11:52:36.805 [info] > git show --textconv :exo11/exo11.js [3ms]
2025-01-15 11:52:39.160 [info] > git show --textconv :exo11/exo11.html [8ms]
2025-01-15 11:52:39.164 [info] > git ls-files --stage -- /var/www/html/TP_js/exo11/exo11.html [5ms]
2025-01-15 11:52:39.172 [info] > git cat-file -s 37d0856c969e6f3744e9ffc360399805662f4870 [3ms]
