2025-01-17 09:33:15.662 [info] [main] Log level: Info
2025-01-17 09:33:15.662 [info] [main] Validating found git in: "git"
2025-01-17 09:33:15.662 [info] [main] Using git "2.30.2" from "git"
2025-01-17 09:33:15.662 [info] [Model][doInitialScan] Initial repository scan started
2025-01-17 09:33:15.662 [info] > git rev-parse --show-toplevel [1526ms]
2025-01-17 09:33:15.662 [info] fatal: not a git repository (or any of the parent directories): .git
2025-01-17 09:33:15.662 [info] > git rev-parse --show-toplevel [282ms]
2025-01-17 09:33:16.048 [info] > git rev-parse --git-dir --git-common-dir [227ms]
2025-01-17 09:33:16.110 [info] [Model][openRepository] Opened repository: /var/www/html/TPCSS1
2025-01-17 09:33:16.200 [info] > git rev-parse --show-toplevel [44ms]
2025-01-17 09:33:16.201 [info] > git config --get commit.template [59ms]
2025-01-17 09:33:16.963 [info] > git rev-parse --git-dir --git-common-dir [49ms]
2025-01-17 09:33:16.979 [info] [Model][openRepository] Opened repository: /var/www/html/TP_js
2025-01-17 09:33:17.214 [info] > git for-each-ref --format=%(refname)%00%(upstream:short)%00%(objectname)%00%(upstream:track)%00%(upstream:remotename)%00%(upstream:remoteref) refs/heads/main refs/remotes/main [269ms]
2025-01-17 09:33:17.234 [info] > git rev-parse --show-toplevel [232ms]
2025-01-17 09:33:17.235 [info] > git config --get commit.template [244ms]
2025-01-17 09:33:17.236 [info] > git fetch [1126ms]
2025-01-17 09:33:17.258 [info] > git rev-parse --git-dir --git-common-dir [13ms]
2025-01-17 09:33:17.269 [info] [Model][openRepository] Opened repository: /var/www/html/jalon_semestre2
2025-01-17 09:33:17.672 [info] > git config --get commit.template [421ms]
2025-01-17 09:33:17.692 [info] > git rev-parse --show-toplevel [397ms]
2025-01-17 09:33:17.692 [info] > git config --get commit.template [405ms]
2025-01-17 09:33:17.693 [info] > git for-each-ref --format=%(refname)%00%(upstream:short)%00%(objectname)%00%(upstream:track)%00%(upstream:remotename)%00%(upstream:remoteref) refs/heads/main refs/remotes/main [415ms]
2025-01-17 09:33:17.697 [info] > git for-each-ref --format=%(refname)%00%(upstream:short)%00%(objectname)%00%(upstream:track)%00%(upstream:remotename)%00%(upstream:remoteref) refs/heads/exo_java refs/remotes/exo_java [441ms]
2025-01-17 09:33:17.714 [info] > git config --local branch.main.vscode-merge-base [17ms]
2025-01-17 09:33:17.714 [warning] [Git][config] git config failed: Failed to execute git
2025-01-17 09:33:17.718 [info] > git for-each-ref --format=%(refname)%00%(upstream:short)%00%(objectname)%00%(upstream:track)%00%(upstream:remotename)%00%(upstream:remoteref) refs/heads/main refs/remotes/main [36ms]
2025-01-17 09:33:17.718 [info] > git config --get commit.template [41ms]
2025-01-17 09:33:17.780 [info] > git rev-parse --git-dir --git-common-dir [73ms]
2025-01-17 09:33:17.795 [info] [Model][openRepository] Opened repository: /var/www/html/jalon_tiroire
2025-01-17 09:33:18.003 [info] > git status -z -uall [19ms]
2025-01-17 09:33:18.003 [info] > git rev-parse --show-toplevel [189ms]
2025-01-17 09:33:18.003 [info] fatal: not a git repository (or any of the parent directories): .git
2025-01-17 09:33:18.008 [info] [Model][doInitialScan] Initial repository scan completed - repositories (4), closed repositories (0), parent repositories (0), unsafe repositories (0)
2025-01-17 09:33:18.018 [info] > git config --get commit.template [210ms]
2025-01-17 09:33:18.019 [info] > git for-each-ref --format=%(refname)%00%(upstream:short)%00%(objectname)%00%(upstream:track)%00%(upstream:remotename)%00%(upstream:remoteref) refs/heads/main refs/remotes/main [217ms]
2025-01-17 09:33:18.019 [info] > git for-each-ref --format=%(refname)%00%(upstream:short)%00%(objectname)%00%(upstream:track)%00%(upstream:remotename)%00%(upstream:remoteref) refs/heads/main refs/remotes/main [296ms]
2025-01-17 09:33:18.034 [info] > git show --textconv :tp info/tp1/tp1.js [21ms]
2025-01-17 09:33:18.040 [info] > git for-each-ref --sort -committerdate --format %(refname) %(objectname) %(*objectname) [48ms]
2025-01-17 09:33:18.055 [info] > git reflog main --grep-reflog=branch: Created from *. [338ms]
2025-01-17 09:33:18.099 [info] > git for-each-ref --format=%(refname)%00%(upstream:short)%00%(objectname)%00%(upstream:track)%00%(upstream:remotename)%00%(upstream:remoteref) refs/heads/exo_java refs/remotes/exo_java [46ms]
2025-01-17 09:33:18.103 [info] > git for-each-ref --format=%(refname)%00%(upstream:short)%00%(objectname)%00%(upstream:track)%00%(upstream:remotename)%00%(upstream:remoteref) refs/heads/main refs/remotes/main [77ms]
2025-01-17 09:33:18.109 [info] > git ls-files --stage -- /var/www/html/TPCSS1/tp info/tp1/tp1.js [91ms]
2025-01-17 09:33:18.273 [info] > git config --local branch.exo_java.vscode-merge-base [170ms]
2025-01-17 09:33:18.273 [warning] [Git][config] git config failed: Failed to execute git
2025-01-17 09:33:18.280 [info] > git config --get commit.template [203ms]
2025-01-17 09:33:18.280 [info] > git symbolic-ref --short refs/remotes/origin/HEAD [220ms]
2025-01-17 09:33:18.280 [info] fatal: ref refs/remotes/origin/HEAD is not a symbolic ref
2025-01-17 09:33:18.281 [warning] [Repository][getDefaultBranch] Failed to get default branch details: Failed to execute git.
2025-01-17 09:33:18.320 [info] > git status -z -uall [25ms]
2025-01-17 09:33:18.321 [info] > git reflog exo_java --grep-reflog=branch: Created from *. [42ms]
2025-01-17 09:33:18.324 [info] > git for-each-ref --format=%(refname)%00%(upstream:short)%00%(objectname)%00%(upstream:track)%00%(upstream:remotename)%00%(upstream:remoteref) refs/heads/main refs/remotes/main [258ms]
2025-01-17 09:33:18.324 [info] > git config --local branch.main.vscode-merge-base [215ms]
2025-01-17 09:33:18.324 [warning] [Git][config] git config failed: Failed to execute git
2025-01-17 09:33:18.483 [info] > git status -z -uall [176ms]
2025-01-17 09:33:18.484 [info] > git check-ignore -v -z --stdin [145ms]
2025-01-17 09:33:18.485 [info] > git check-ignore -v -z --stdin [142ms]
2025-01-17 09:33:18.485 [info] > git check-ignore -v -z --stdin [138ms]
2025-01-17 09:33:18.486 [info] > git check-ignore -v -z --stdin [133ms]
2025-01-17 09:33:18.487 [info] > git reflog main --grep-reflog=branch: Created from *. [158ms]
2025-01-17 09:33:18.490 [info] > git symbolic-ref --short refs/remotes/origin/HEAD [166ms]
2025-01-17 09:33:18.490 [info] fatal: ref refs/remotes/origin/HEAD is not a symbolic ref
2025-01-17 09:33:18.490 [warning] [Repository][getDefaultBranch] Failed to get default branch details: Failed to execute git.
2025-01-17 09:33:18.516 [info] > git for-each-ref --sort -committerdate --format %(refname) %(objectname) %(*objectname) [203ms]
2025-01-17 09:33:18.517 [info] > git for-each-ref --sort -committerdate --format %(refname) %(objectname) %(*objectname) [216ms]
2025-01-17 09:33:18.535 [info] > git blame --root --incremental 119e29397e7ff99a03d522c7157705c1addf076b -- /var/www/html/TPCSS1/tp info/tp1/tp1.js [267ms]
2025-01-17 09:33:18.535 [info] fatal: no such path tp info/tp1/tp1.js in 119e29397e7ff99a03d522c7157705c1addf076b
2025-01-17 09:33:18.543 [info] > git merge-base refs/heads/main refs/remotes/Origine/main [255ms]
2025-01-17 09:33:18.686 [info] > git merge-base refs/heads/main refs/remotes/Origine/main [157ms]
2025-01-17 09:33:18.690 [info] > git merge-base refs/heads/exo_java refs/remotes/origin/exo_java [195ms]
2025-01-17 09:33:18.696 [info] > git symbolic-ref --short refs/remotes/origin/HEAD [206ms]
2025-01-17 09:33:18.696 [info] fatal: ref refs/remotes/origin/HEAD is not a symbolic ref
2025-01-17 09:33:18.697 [warning] [Repository][getDefaultBranch] Failed to get default branch details: Failed to execute git.
2025-01-17 09:33:18.708 [info] > git for-each-ref --format=%(refname)%00%(upstream:short)%00%(objectname)%00%(upstream:track)%00%(upstream:remotename)%00%(upstream:remoteref) refs/heads/exo_java refs/remotes/exo_java [347ms]
2025-01-17 09:33:18.794 [info] > git for-each-ref --format=%(refname)%00%(upstream:short)%00%(objectname)%00%(upstream:track)%00%(upstream:remotename)%00%(upstream:remoteref) refs/heads/main refs/remotes/main [65ms]
2025-01-17 09:33:18.801 [info] > git merge-base refs/heads/main refs/remotes/Origine/main [93ms]
2025-01-17 09:33:18.807 [info] > git diff --name-status -z --diff-filter=ADMR a83aa937ecdfcd53ba08b218ffb775c4c261b268...refs/remotes/origin/exo_java [111ms]
2025-01-17 09:33:18.808 [info] > git diff --name-status -z --diff-filter=ADMR 119e29397e7ff99a03d522c7157705c1addf076b...refs/remotes/Origine/main [118ms]
2025-01-17 09:33:18.809 [info] > git diff --name-status -z --diff-filter=ADMR 119e29397e7ff99a03d522c7157705c1addf076b...refs/remotes/Origine/main [263ms]
2025-01-17 09:33:18.827 [info] > git config --local branch.main.vscode-merge-base [26ms]
2025-01-17 09:33:18.827 [warning] [Git][config] git config failed: Failed to execute git
2025-01-17 09:33:18.833 [info] > git config --get commit.template [82ms]
2025-01-17 09:33:18.847 [info] > git for-each-ref --sort -committerdate --format %(refname) %(objectname) %(*objectname) [25ms]
2025-01-17 09:33:18.851 [info] > git diff --name-status -z --diff-filter=ADMR 119e29397e7ff99a03d522c7157705c1addf076b...refs/remotes/Origine/main [45ms]
2025-01-17 09:33:19.123 [info] > git status -z -uall [307ms]
2025-01-17 09:33:19.123 [info] > git status -z -uall [267ms]
2025-01-17 09:33:19.156 [info] > git for-each-ref --format=%(refname)%00%(upstream:short)%00%(objectname)%00%(upstream:track)%00%(upstream:remotename)%00%(upstream:remoteref) refs/heads/main refs/remotes/main [289ms]
2025-01-17 09:33:19.157 [info] > git for-each-ref --sort -committerdate --format %(refname) %(objectname) %(*objectname) [294ms]
2025-01-17 09:33:19.175 [info] > git reflog main --grep-reflog=branch: Created from *. [337ms]
2025-01-17 09:33:19.699 [info] > git for-each-ref --format=%(refname)%00%(upstream:short)%00%(objectname)%00%(upstream:track)%00%(upstream:remotename)%00%(upstream:remoteref) refs/heads/main refs/remotes/main [482ms]
2025-01-17 09:33:19.704 [info] > git symbolic-ref --short refs/remotes/origin/HEAD [510ms]
2025-01-17 09:33:19.705 [info] fatal: ref refs/remotes/origin/HEAD is not a symbolic ref
2025-01-17 09:33:19.705 [warning] [Repository][getDefaultBranch] Failed to get default branch details: Failed to execute git.
2025-01-17 09:33:19.724 [info] > git config --local branch.main.vscode-merge-base [20ms]
2025-01-17 09:33:19.724 [warning] [Git][config] git config failed: Failed to execute git
2025-01-17 09:33:19.728 [info] > git config --get commit.template [467ms]
2025-01-17 09:33:20.255 [info] > git merge-base refs/heads/main refs/remotes/origin/main [543ms]
2025-01-17 09:33:20.675 [info] > git status -z -uall [281ms]
2025-01-17 09:33:20.675 [info] > git diff --name-status -z --diff-filter=ADMR b1f77041afec6991530ba45d322c8086a3fde2c5...refs/remotes/origin/main [415ms]
2025-01-17 09:33:20.676 [info] > git reflog main --grep-reflog=branch: Created from *. [948ms]
2025-01-17 09:33:20.761 [info] > git for-each-ref --format=%(refname)%00%(upstream:short)%00%(objectname)%00%(upstream:track)%00%(upstream:remotename)%00%(upstream:remoteref) refs/heads/main refs/remotes/main [353ms]
2025-01-17 09:33:20.761 [info] > git for-each-ref --sort -committerdate --format %(refname) %(objectname) %(*objectname) [359ms]
2025-01-17 09:33:23.928 [info] > git symbolic-ref --short refs/remotes/origin/HEAD [3248ms]
2025-01-17 09:33:23.928 [info] fatal: ref refs/remotes/origin/HEAD is not a symbolic ref
2025-01-17 09:33:23.928 [warning] [Repository][getDefaultBranch] Failed to get default branch details: Failed to execute git.
2025-01-17 09:33:23.953 [info] > git merge-base refs/heads/main refs/remotes/origin/main [16ms]
2025-01-17 09:33:23.977 [info] > git diff --name-status -z --diff-filter=ADMR 807dbbe08bc6856f8a1c9209063fb43d3b63fa59...refs/remotes/origin/main [20ms]
2025-01-17 09:33:24.551 [info] > git status -z -uall [569ms]
2025-01-17 09:33:24.551 [info] > git for-each-ref --sort -committerdate --format %(refname) %(objectname) %(*objectname) [562ms]
2025-01-17 09:33:24.608 [info] > git ls-files --stage -- /var/www/html/TPCSS1/tp info/tp1/tp1.js [11ms]
2025-01-17 09:33:25.279 [info] > git show --textconv :tp info/tp1/tp1.js [660ms]
2025-01-17 09:33:28.590 [info] > git fetch [963ms]
2025-01-17 09:33:28.764 [info] > git config --get commit.template [137ms]
2025-01-17 09:33:28.764 [info] > git fetch [1127ms]
2025-01-17 09:33:28.771 [info] > git fetch [1126ms]
2025-01-17 09:33:28.816 [info] > git config --get commit.template [26ms]
2025-01-17 09:33:28.823 [info] > git config --get commit.template [17ms]
2025-01-17 09:33:28.841 [info] > git for-each-ref --format=%(refname)%00%(upstream:short)%00%(objectname)%00%(upstream:track)%00%(upstream:remotename)%00%(upstream:remoteref) refs/heads/exo_java refs/remotes/exo_java [27ms]
2025-01-17 09:33:28.842 [info] > git for-each-ref --format=%(refname)%00%(upstream:short)%00%(objectname)%00%(upstream:track)%00%(upstream:remotename)%00%(upstream:remoteref) refs/heads/main refs/remotes/main [13ms]
2025-01-17 09:33:28.867 [info] > git status -z -uall [14ms]
2025-01-17 09:33:28.868 [info] > git for-each-ref --format=%(refname)%00%(upstream:short)%00%(objectname)%00%(upstream:track)%00%(upstream:remotename)%00%(upstream:remoteref) refs/heads/main refs/remotes/main [28ms]
2025-01-17 09:33:28.889 [info] > git status -z -uall [12ms]
2025-01-17 09:33:28.891 [info] > git for-each-ref --sort -committerdate --format %(refname) %(objectname) %(*objectname) [26ms]
2025-01-17 09:33:28.904 [info] > git for-each-ref --sort -committerdate --format %(refname) %(objectname) %(*objectname) [17ms]
2025-01-17 09:33:28.943 [info] > git status -z -uall [13ms]
2025-01-17 09:33:28.957 [info] > git for-each-ref --sort -committerdate --format %(refname) %(objectname) %(*objectname) [14ms]
2025-01-17 09:33:29.068 [info] > git rev-parse --show-toplevel [6ms]
2025-01-17 09:33:29.086 [info] > git rev-parse --git-dir --git-common-dir [8ms]
2025-01-17 09:33:29.121 [info] [Model][openRepository] Opened repository: /var/www/html/Reservation_Restaurant
2025-01-17 09:33:29.195 [info] > git config --get commit.template [44ms]
2025-01-17 09:33:29.235 [info] > git for-each-ref --format=%(refname)%00%(upstream:short)%00%(objectname)%00%(upstream:track)%00%(upstream:remotename)%00%(upstream:remoteref) refs/heads/main refs/remotes/main [14ms]
2025-01-17 09:33:29.250 [warning] [Git][revParse] Unable to read file: ENOENT: no such file or directory, open '/var/www/html/Reservation_Restaurant/.git/refs/remotes/origin/main'
2025-01-17 09:33:29.272 [info] > git rev-parse refs/remotes/origin/main [22ms]
2025-01-17 09:33:29.311 [info] > git status -z -uall [24ms]
2025-01-17 09:33:29.333 [info] > git for-each-ref --sort -committerdate --format %(refname) %(objectname) %(*objectname) [25ms]
2025-01-17 09:33:29.481 [info] > git config --get commit.template [79ms]
2025-01-17 09:33:29.496 [info] > git for-each-ref --format=%(refname)%00%(upstream:short)%00%(objectname)%00%(upstream:track)%00%(upstream:remotename)%00%(upstream:remoteref) refs/heads/main refs/remotes/main [99ms]
2025-01-17 09:33:29.865 [info] > git config --local branch.main.vscode-merge-base [344ms]
2025-01-17 09:33:29.866 [warning] [Git][config] git config failed: Failed to execute git
2025-01-17 09:33:30.122 [info] > git check-ignore -v -z --stdin [76ms]
2025-01-17 09:33:30.123 [info] > git check-ignore -v -z --stdin [65ms]
2025-01-17 09:33:30.124 [info] > git check-ignore -v -z --stdin [56ms]
2025-01-17 09:33:30.125 [info] > git check-ignore -v -z --stdin [45ms]
2025-01-17 09:33:30.125 [info] > git check-ignore -v -z --stdin [37ms]
2025-01-17 09:33:30.127 [info] > git reflog main --grep-reflog=branch: Created from *. [234ms]
2025-01-17 09:33:30.142 [info] > git fetch [1021ms]
2025-01-17 09:33:30.144 [info] > git for-each-ref --format=%(refname)%00%(upstream:short)%00%(objectname)%00%(upstream:track)%00%(upstream:remotename)%00%(upstream:remoteref) refs/heads/main refs/remotes/main [608ms]
2025-01-17 09:33:30.184 [warning] [Git][revParse] Unable to read file: ENOENT: no such file or directory, open '/var/www/html/Reservation_Restaurant/.git/refs/remotes/origin/main'
2025-01-17 09:33:30.189 [info] > git symbolic-ref --short refs/remotes/origin/HEAD [47ms]
2025-01-17 09:33:30.204 [info] > git rev-parse refs/remotes/origin/main [20ms]
2025-01-17 09:33:30.233 [info] > git config --get commit.template [71ms]
2025-01-17 09:33:30.261 [info] > git for-each-ref --format=%(refname)%00%(upstream:short)%00%(objectname)%00%(upstream:track)%00%(upstream:remotename)%00%(upstream:remoteref) refs/heads/origin/main refs/remotes/origin/main [58ms]
2025-01-17 09:33:30.292 [info] > git for-each-ref --format=%(refname)%00%(upstream:short)%00%(objectname)%00%(upstream:track)%00%(upstream:remotename)%00%(upstream:remoteref) refs/heads/main refs/remotes/main [62ms]
2025-01-17 09:33:30.305 [info] > git for-each-ref --format=%(refname)%00%(upstream:short)%00%(objectname)%00%(upstream:track)%00%(upstream:remotename)%00%(upstream:remoteref) refs/heads/main refs/remotes/main [16ms]
2025-01-17 09:33:30.305 [info] > git config --local branch.main.vscode-merge-base origin/main [29ms]
2025-01-17 09:33:30.318 [warning] [Git][revParse] Unable to read file: ENOENT: no such file or directory, open '/var/www/html/Reservation_Restaurant/.git/refs/remotes/origin/main'
2025-01-17 09:33:30.327 [info] > git config --local branch.main.vscode-merge-base [25ms]
2025-01-17 09:33:30.342 [info] > git config --get commit.template [16ms]
2025-01-17 09:33:30.342 [info] > git rev-parse refs/remotes/origin/main [24ms]
2025-01-17 09:33:30.377 [info] > git for-each-ref --format=%(refname)%00%(upstream:short)%00%(objectname)%00%(upstream:track)%00%(upstream:remotename)%00%(upstream:remoteref) refs/heads/origin/main refs/remotes/origin/main [36ms]
2025-01-17 09:33:30.399 [info] > git for-each-ref --format=%(refname)%00%(upstream:short)%00%(objectname)%00%(upstream:track)%00%(upstream:remotename)%00%(upstream:remoteref) refs/heads/main refs/remotes/main [29ms]
2025-01-17 09:33:30.738 [info] > git for-each-ref --format=%(refname)%00%(upstream:short)%00%(objectname)%00%(upstream:track)%00%(upstream:remotename)%00%(upstream:remoteref) refs/heads/main refs/remotes/main [340ms]
2025-01-17 09:33:30.740 [info] > git merge-base refs/heads/main refs/remotes/origin/main [349ms]
2025-01-17 09:33:30.809 [warning] [Git][revParse] Unable to read file: ENOENT: no such file or directory, open '/var/www/html/Reservation_Restaurant/.git/refs/remotes/origin/main'
2025-01-17 09:33:30.810 [info] > git config --local branch.main.vscode-merge-base [396ms]
2025-01-17 09:33:30.823 [info] > git check-ignore -v -z --stdin [50ms]
2025-01-17 09:33:30.835 [info] > git rev-parse refs/remotes/origin/main [26ms]
2025-01-17 09:33:30.858 [info] > git diff --name-status -z --diff-filter=ADMR 83e41511e348fe6cfd3af505ca87ea93e0b5b545...refs/remotes/origin/main [100ms]
2025-01-17 09:33:30.863 [info] > git status -z -uall [17ms]
2025-01-17 09:33:30.865 [info] > git for-each-ref --format=%(refname)%00%(upstream:short)%00%(objectname)%00%(upstream:track)%00%(upstream:remotename)%00%(upstream:remoteref) refs/heads/origin/main refs/remotes/origin/main [45ms]
2025-01-17 09:33:30.872 [info] > git for-each-ref --sort -committerdate --format %(refname) %(objectname) %(*objectname) [14ms]
2025-01-17 09:35:36.895 [info] > git show --textconv :Index.html [134ms]
2025-01-17 09:35:36.896 [info] > git ls-files --stage -- /var/www/html/Reservation_Restaurant/Index.html [125ms]
2025-01-17 09:35:36.940 [info] > git cat-file -s d01f779ffe857c350a556704ae244cec10844ce0 [28ms]
