2025-01-17 11:43:41.039 [info] [main] Log level: Info
2025-01-17 11:43:41.039 [info] [main] Validating found git in: "git"
2025-01-17 11:43:41.039 [info] [main] Using git "2.30.2" from "git"
2025-01-17 11:43:41.039 [info] [Model][doInitialScan] Initial repository scan started
2025-01-17 11:43:41.039 [info] > git rev-parse --show-toplevel [1628ms]
2025-01-17 11:43:41.039 [info] > git rev-parse --git-dir --git-common-dir [64ms]
2025-01-17 11:43:41.039 [info] [Model][openRepository] Opened repository: /var/www/html/Reservation_Restaurant
2025-01-17 11:43:41.062 [info] > git rev-parse --show-toplevel [31ms]
2025-01-17 11:43:41.064 [info] > git config --get commit.template [38ms]
2025-01-17 11:43:41.116 [info] > git rev-parse --show-toplevel [39ms]
2025-01-17 11:43:41.145 [info] [Model][doInitialScan] Initial repository scan completed - repositories (1), closed repositories (0), parent repositories (0), unsafe repositories (0)
2025-01-17 11:43:41.700 [info] > git show --textconv :front/index.html [547ms]
2025-01-17 11:43:41.702 [info] > git for-each-ref --format=%(refname)%00%(upstream:short)%00%(objectname)%00%(upstream:track)%00%(upstream:remotename)%00%(upstream:remoteref) refs/heads/main refs/remotes/main [597ms]
2025-01-17 11:43:41.704 [info] > git fetch [1148ms]
2025-01-17 11:43:41.721 [info] > git ls-files --stage -- /var/www/html/Reservation_Restaurant/front/index.html [563ms]
2025-01-17 11:43:41.750 [info] > git check-ignore -v -z --stdin [39ms]
2025-01-17 11:43:41.753 [info] > git config --get commit.template [32ms]
2025-01-17 11:43:41.755 [info] > git cat-file -s e69de29bb2d1d6434b8b29ae775ad8c2e48c5391 [30ms]
2025-01-17 11:43:41.898 [info] > git for-each-ref --format=%(refname)%00%(upstream:short)%00%(objectname)%00%(upstream:track)%00%(upstream:remotename)%00%(upstream:remoteref) refs/heads/main refs/remotes/main [134ms]
2025-01-17 11:43:41.946 [info] > git config --get commit.template [167ms]
2025-01-17 11:43:41.946 [info] > git for-each-ref --format=%(refname)%00%(upstream:short)%00%(objectname)%00%(upstream:track)%00%(upstream:remotename)%00%(upstream:remoteref) refs/heads/main refs/remotes/main [174ms]
2025-01-17 11:43:42.290 [info] > git config --local branch.main.vscode-merge-base [381ms]
2025-01-17 11:43:42.328 [info] > git for-each-ref --format=%(refname)%00%(upstream:short)%00%(objectname)%00%(upstream:track)%00%(upstream:remotename)%00%(upstream:remoteref) refs/heads/main refs/remotes/main [25ms]
2025-01-17 11:43:42.329 [info] > git for-each-ref --format=%(refname)%00%(upstream:short)%00%(objectname)%00%(upstream:track)%00%(upstream:remotename)%00%(upstream:remoteref) refs/heads/origin/main refs/remotes/origin/main [35ms]
2025-01-17 11:43:42.489 [info] > git merge-base refs/heads/main refs/remotes/origin/main [147ms]
2025-01-17 11:43:42.494 [info] > git merge-base refs/heads/main refs/remotes/origin/main [159ms]
2025-01-17 11:43:42.544 [info] > git diff --name-status -z --diff-filter=ADMR a39db27a85fa516689c87a194e8882079fd1d134...refs/remotes/origin/main [50ms]
2025-01-17 11:43:42.559 [info] > git diff --name-status -z --diff-filter=ADMR a39db27a85fa516689c87a194e8882079fd1d134...refs/remotes/origin/main [59ms]
2025-01-17 11:43:42.565 [info] > git status -z -uall [15ms]
2025-01-17 11:43:42.565 [info] > git for-each-ref --sort -committerdate --format %(refname) %(objectname) %(*objectname) [8ms]
2025-01-17 11:43:42.763 [info] > git config --get commit.template [148ms]
2025-01-17 11:43:42.775 [info] > git for-each-ref --format=%(refname)%00%(upstream:short)%00%(objectname)%00%(upstream:track)%00%(upstream:remotename)%00%(upstream:remoteref) refs/heads/main refs/remotes/main [7ms]
2025-01-17 11:43:42.902 [info] > git status -z -uall [121ms]
2025-01-17 11:43:42.951 [info] > git for-each-ref --sort -committerdate --format %(refname) %(objectname) %(*objectname) [160ms]
2025-01-17 11:43:43.252 [info] > git ls-files --stage -- /var/www/html/Reservation_Restaurant/front/index.html [49ms]
2025-01-17 11:43:43.475 [info] > git cat-file -s e69de29bb2d1d6434b8b29ae775ad8c2e48c5391 [212ms]
2025-01-17 11:43:43.514 [info] > git show --textconv :front/index.html [14ms]
2025-01-17 11:46:42.881 [info] > git fetch [521ms]
2025-01-17 11:46:42.904 [info] > git config --get commit.template [9ms]
2025-01-17 11:46:42.907 [info] > git for-each-ref --format=%(refname)%00%(upstream:short)%00%(objectname)%00%(upstream:track)%00%(upstream:remotename)%00%(upstream:remoteref) refs/heads/main refs/remotes/main [6ms]
2025-01-17 11:46:42.927 [info] > git status -z -uall [15ms]
2025-01-17 11:46:42.932 [info] > git for-each-ref --sort -committerdate --format %(refname) %(objectname) %(*objectname) [7ms]
2025-01-17 11:46:43.975 [info] > git config --get commit.template [8ms]
2025-01-17 11:46:43.978 [info] > git for-each-ref --format=%(refname)%00%(upstream:short)%00%(objectname)%00%(upstream:track)%00%(upstream:remotename)%00%(upstream:remoteref) refs/heads/main refs/remotes/main [4ms]
2025-01-17 11:46:43.993 [info] > git status -z -uall [10ms]
2025-01-17 11:46:43.998 [info] > git for-each-ref --sort -committerdate --format %(refname) %(objectname) %(*objectname) [8ms]
2025-01-17 11:46:44.082 [info] > git ls-files --stage -- /var/www/html/Reservation_Restaurant/front/index.html [4ms]
2025-01-17 11:46:44.089 [info] > git cat-file -s e69de29bb2d1d6434b8b29ae775ad8c2e48c5391 [3ms]
2025-01-17 11:46:44.104 [info] > git show --textconv :front/index.html [3ms]
2025-01-17 11:49:43.370 [info] > git fetch [416ms]
2025-01-17 11:49:43.384 [info] > git config --get commit.template [7ms]
2025-01-17 11:49:43.389 [info] > git for-each-ref --format=%(refname)%00%(upstream:short)%00%(objectname)%00%(upstream:track)%00%(upstream:remotename)%00%(upstream:remoteref) refs/heads/main refs/remotes/main [5ms]
2025-01-17 11:49:43.400 [info] > git status -z -uall [7ms]
2025-01-17 11:49:43.405 [info] > git for-each-ref --sort -committerdate --format %(refname) %(objectname) %(*objectname) [5ms]
2025-01-17 11:49:44.521 [info] > git config --get commit.template [7ms]
2025-01-17 11:49:44.524 [info] > git for-each-ref --format=%(refname)%00%(upstream:short)%00%(objectname)%00%(upstream:track)%00%(upstream:remotename)%00%(upstream:remoteref) refs/heads/main refs/remotes/main [5ms]
2025-01-17 11:49:44.536 [info] > git status -z -uall [8ms]
2025-01-17 11:49:44.540 [info] > git for-each-ref --sort -committerdate --format %(refname) %(objectname) %(*objectname) [5ms]
2025-01-17 11:49:44.616 [info] > git ls-files --stage -- /var/www/html/Reservation_Restaurant/front/index.html [3ms]
2025-01-17 11:49:44.631 [info] > git cat-file -s e69de29bb2d1d6434b8b29ae775ad8c2e48c5391 [5ms]
2025-01-17 11:49:44.650 [info] > git show --textconv :front/index.html [7ms]
2025-01-17 11:52:43.902 [info] > git fetch [469ms]
2025-01-17 11:52:43.920 [info] > git config --get commit.template [7ms]
2025-01-17 11:52:43.923 [info] > git for-each-ref --format=%(refname)%00%(upstream:short)%00%(objectname)%00%(upstream:track)%00%(upstream:remotename)%00%(upstream:remoteref) refs/heads/main refs/remotes/main [4ms]
2025-01-17 11:52:43.936 [info] > git status -z -uall [8ms]
2025-01-17 11:52:43.941 [info] > git for-each-ref --sort -committerdate --format %(refname) %(objectname) %(*objectname) [5ms]
2025-01-17 11:52:45.047 [info] > git config --get commit.template [8ms]
2025-01-17 11:52:45.050 [info] > git for-each-ref --format=%(refname)%00%(upstream:short)%00%(objectname)%00%(upstream:track)%00%(upstream:remotename)%00%(upstream:remoteref) refs/heads/main refs/remotes/main [5ms]
2025-01-17 11:52:45.061 [info] > git status -z -uall [7ms]
2025-01-17 11:52:45.065 [info] > git for-each-ref --sort -committerdate --format %(refname) %(objectname) %(*objectname) [4ms]
2025-01-17 11:52:45.145 [info] > git ls-files --stage -- /var/www/html/Reservation_Restaurant/front/index.html [3ms]
2025-01-17 11:52:45.155 [info] > git cat-file -s e69de29bb2d1d6434b8b29ae775ad8c2e48c5391 [3ms]
2025-01-17 11:52:45.169 [info] > git show --textconv :front/index.html [3ms]
2025-01-17 11:54:36.231 [info] > git blame --root --incremental a39db27a85fa516689c87a194e8882079fd1d134 -- /var/www/html/Reservation_Restaurant/front/index.html [27ms]
2025-01-17 11:54:38.044 [info] > git config --get commit.template [24ms]
2025-01-17 11:54:38.052 [info] > git for-each-ref --format=%(refname)%00%(upstream:short)%00%(objectname)%00%(upstream:track)%00%(upstream:remotename)%00%(upstream:remoteref) refs/heads/main refs/remotes/main [10ms]
2025-01-17 11:54:38.098 [info] > git status -z -uall [16ms]
2025-01-17 11:54:38.104 [info] > git for-each-ref --sort -committerdate --format %(refname) %(objectname) %(*objectname) [14ms]
2025-01-17 11:55:44.468 [info] > git fetch [488ms]
2025-01-17 11:55:44.485 [info] > git config --get commit.template [8ms]
2025-01-17 11:55:44.489 [info] > git for-each-ref --format=%(refname)%00%(upstream:short)%00%(objectname)%00%(upstream:track)%00%(upstream:remotename)%00%(upstream:remoteref) refs/heads/main refs/remotes/main [5ms]
2025-01-17 11:55:44.504 [info] > git status -z -uall [10ms]
2025-01-17 11:55:44.509 [info] > git for-each-ref --sort -committerdate --format %(refname) %(objectname) %(*objectname) [7ms]
2025-01-17 11:55:45.616 [info] > git config --get commit.template [12ms]
2025-01-17 11:55:45.619 [info] > git for-each-ref --format=%(refname)%00%(upstream:short)%00%(objectname)%00%(upstream:track)%00%(upstream:remotename)%00%(upstream:remoteref) refs/heads/main refs/remotes/main [6ms]
2025-01-17 11:55:45.632 [info] > git status -z -uall [8ms]
2025-01-17 11:55:45.635 [info] > git for-each-ref --sort -committerdate --format %(refname) %(objectname) %(*objectname) [4ms]
2025-01-17 11:55:45.713 [info] > git ls-files --stage -- /var/www/html/Reservation_Restaurant/front/index.html [5ms]
2025-01-17 11:55:45.720 [info] > git cat-file -s e69de29bb2d1d6434b8b29ae775ad8c2e48c5391 [3ms]
2025-01-17 11:55:45.734 [info] > git show --textconv :front/index.html [3ms]
2025-01-17 11:58:36.829 [info] > git log --format=%H%n%aN%n%aE%n%at%n%ct%n%P%n%D%n%B -z --shortstat -n50 --skip=0 --topo-order --decorate=full --stdin [89ms]
2025-01-17 11:58:41.263 [info] > git add -A -- /var/www/html/Reservation_Restaurant/front/index.html [18ms]
2025-01-17 11:58:41.278 [info] > git config --get commit.template [7ms]
2025-01-17 11:58:41.281 [info] > git for-each-ref --format=%(refname)%00%(upstream:short)%00%(objectname)%00%(upstream:track)%00%(upstream:remotename)%00%(upstream:remoteref) refs/heads/main refs/remotes/main [4ms]
2025-01-17 11:58:41.302 [info] > git status -z -uall [15ms]
2025-01-17 11:58:41.306 [info] > git for-each-ref --sort -committerdate --format %(refname) %(objectname) %(*objectname) [11ms]
2025-01-17 11:58:41.647 [info] > git show --textconv HEAD:front/index.html [8ms]
2025-01-17 11:58:41.651 [info] > git ls-tree -l HEAD -- /var/www/html/Reservation_Restaurant/front/index.html [4ms]
2025-01-17 11:58:42.358 [info] > git config --get commit.template [12ms]
2025-01-17 11:58:42.373 [info] > git for-each-ref --format=%(refname)%00%(upstream:short)%00%(objectname)%00%(upstream:track)%00%(upstream:remotename)%00%(upstream:remoteref) refs/heads/main refs/remotes/main [11ms]
2025-01-17 11:58:42.388 [info] > git status -z -uall [8ms]
2025-01-17 11:58:42.396 [info] > git for-each-ref --sort -committerdate --format %(refname) %(objectname) %(*objectname) [10ms]
2025-01-17 11:58:42.470 [info] > git ls-files --stage -- /var/www/html/Reservation_Restaurant/front/index.html [7ms]
2025-01-17 11:58:42.481 [info] > git ls-tree -l HEAD -- /var/www/html/Reservation_Restaurant/front/index.html [11ms]
2025-01-17 11:58:42.485 [info] > git cat-file -s 0519ecba6ea913e21689ec692e81e9e4973fbf73 [6ms]
2025-01-17 11:58:42.501 [info] > git show --textconv HEAD:front/index.html [10ms]
2025-01-17 11:58:42.509 [info] > git show --textconv :front/index.html [11ms]
2025-01-17 11:58:42.828 [info] > git -c user.useConfigOnly=true commit --quiet --allow-empty-message --file - [22ms]
2025-01-17 11:58:42.837 [info] > git config --get commit.template [3ms]
2025-01-17 11:58:42.859 [info] > git config --get commit.template [10ms]
2025-01-17 11:58:42.863 [info] > git for-each-ref --format=%(refname)%00%(upstream:short)%00%(objectname)%00%(upstream:track)%00%(upstream:remotename)%00%(upstream:remoteref) refs/heads/main refs/remotes/main [5ms]
2025-01-17 11:58:42.877 [info] > git status -z -uall [10ms]
2025-01-17 11:58:42.883 [info] > git for-each-ref --sort -committerdate --format %(refname) %(objectname) %(*objectname) [7ms]
2025-01-17 11:58:42.930 [info] > git merge-base refs/heads/main refs/remotes/origin/main [23ms]
2025-01-17 11:58:42.945 [info] > git blame --root --incremental 1c5f68dd6dbf6123a7189024a10b795190a89b7c -- /var/www/html/Reservation_Restaurant/front/index.html [48ms]
2025-01-17 11:58:42.962 [info] > git diff --name-status -z --diff-filter=ADMR a39db27a85fa516689c87a194e8882079fd1d134...refs/remotes/origin/main [18ms]
2025-01-17 11:58:42.987 [info] > git log --format=%H%n%aN%n%aE%n%at%n%ct%n%P%n%D%n%B -z --shortstat -n50 --skip=0 --topo-order --decorate=full --stdin [8ms]
2025-01-17 11:58:43.007 [info] > git config --get commit.template [8ms]
2025-01-17 11:58:43.010 [info] > git for-each-ref --format=%(refname)%00%(upstream:short)%00%(objectname)%00%(upstream:track)%00%(upstream:remotename)%00%(upstream:remoteref) refs/heads/main refs/remotes/main [4ms]
2025-01-17 11:58:43.024 [info] > git status -z -uall [9ms]
2025-01-17 11:58:43.028 [info] > git for-each-ref --sort -committerdate --format %(refname) %(objectname) %(*objectname) [6ms]
2025-01-17 11:58:44.078 [info] > git ls-files --stage -- /var/www/html/Reservation_Restaurant/front/index.html [7ms]
2025-01-17 11:58:44.086 [info] > git cat-file -s 0519ecba6ea913e21689ec692e81e9e4973fbf73 [3ms]
2025-01-17 11:58:44.101 [info] > git show --textconv :front/index.html [3ms]
2025-01-17 11:58:45.553 [info] > git log --oneline --cherry main...main@{upstream} -- [13ms]
2025-01-17 11:58:46.422 [info] > git fetch [897ms]
2025-01-17 11:58:46.422 [info] error: cannot lock ref 'refs/remotes/origin/main': is at 2b183118116ffc6baa254768b2cfb3347e09f039 but expected a39db27a85fa516689c87a194e8882079fd1d134
From https://github.com/DumeS0108/Reservation_Restaurant
 ! a39db27..2b18311  main       -> origin/main  (unable to update local ref)
2025-01-17 11:58:46.425 [info] > git pull --tags origin main [863ms]
2025-01-17 11:58:46.425 [info] hint: Pulling without specifying how to reconcile divergent branches is
hint: discouraged. You can squelch this message by running one of the following
hint: commands sometime before your next pull:
hint: 
hint:   git config pull.rebase false  # merge (the default strategy)
hint:   git config pull.rebase true   # rebase
hint:   git config pull.ff only       # fast-forward only
hint: 
hint: You can replace "git config" with "git config --global" to set a default
hint: preference for all repositories. You can also pass --rebase, --no-rebase,
hint: or --ff-only on the command line to override the configured default per
hint: invocation.
From https://github.com/DumeS0108/Reservation_Restaurant
 * branch            main       -> FETCH_HEAD
   a39db27..2b18311  main       -> origin/main
2025-01-17 11:58:46.594 [info] > git config --get commit.template [24ms]
2025-01-17 11:58:46.622 [info] > git for-each-ref --format=%(refname)%00%(upstream:short)%00%(objectname)%00%(upstream:track)%00%(upstream:remotename)%00%(upstream:remoteref) refs/heads/main refs/remotes/main [16ms]
2025-01-17 11:58:46.661 [info] > git status -z -uall [19ms]
2025-01-17 11:58:46.662 [info] > git for-each-ref --sort -committerdate --format %(refname) %(objectname) %(*objectname) [12ms]
2025-01-17 11:58:46.735 [info] > git blame --root --incremental dc9691f26b43f9dfa71948d7b059699c8f15baa8 -- /var/www/html/Reservation_Restaurant/front/index.html [47ms]
2025-01-17 11:58:46.751 [info] > git merge-base refs/heads/main refs/remotes/origin/main [42ms]
2025-01-17 11:58:46.770 [info] > git diff --name-status -z --diff-filter=ADMR 2b183118116ffc6baa254768b2cfb3347e09f039...refs/remotes/origin/main [8ms]
2025-01-17 11:58:46.781 [info] > git log --format=%H%n%aN%n%aE%n%at%n%ct%n%P%n%D%n%B -z --shortstat -n50 --skip=0 --topo-order --decorate=full --stdin [31ms]
2025-01-17 11:58:47.640 [info] > git push origin main:main [1204ms]
2025-01-17 11:58:47.640 [info] To https://github.com/DumeS0108/Reservation_Restaurant.git
   2b18311..dc9691f  main -> main
2025-01-17 11:58:47.653 [info] > git config --get commit.template [6ms]
2025-01-17 11:58:47.656 [info] > git for-each-ref --format=%(refname)%00%(upstream:short)%00%(objectname)%00%(upstream:track)%00%(upstream:remotename)%00%(upstream:remoteref) refs/heads/main refs/remotes/main [3ms]
2025-01-17 11:58:47.669 [info] > git status -z -uall [8ms]
2025-01-17 11:58:47.673 [info] > git for-each-ref --sort -committerdate --format %(refname) %(objectname) %(*objectname) [4ms]
2025-01-17 11:58:47.706 [info] > git merge-base refs/heads/main refs/remotes/origin/main [7ms]
2025-01-17 11:58:47.729 [info] > git diff --name-status -z --diff-filter=ADMR dc9691f26b43f9dfa71948d7b059699c8f15baa8...refs/remotes/origin/main [16ms]
2025-01-17 11:58:47.746 [info] > git log --format=%H%n%aN%n%aE%n%at%n%ct%n%P%n%D%n%B -z --shortstat -n50 --skip=0 --topo-order --decorate=full --stdin [17ms]
2025-01-17 11:58:47.750 [info] > git ls-files --stage -- /var/www/html/Reservation_Restaurant/front/index.html [6ms]
2025-01-17 11:58:47.756 [info] > git cat-file -s 0519ecba6ea913e21689ec692e81e9e4973fbf73 [2ms]
2025-01-17 11:58:47.782 [info] > git show --textconv :front/index.html [4ms]
2025-01-17 11:58:48.832 [info] > git config --get commit.template [7ms]
2025-01-17 11:58:48.835 [info] > git for-each-ref --format=%(refname)%00%(upstream:short)%00%(objectname)%00%(upstream:track)%00%(upstream:remotename)%00%(upstream:remoteref) refs/heads/main refs/remotes/main [4ms]
2025-01-17 11:58:48.854 [info] > git status -z -uall [15ms]
2025-01-17 11:58:48.858 [info] > git for-each-ref --sort -committerdate --format %(refname) %(objectname) %(*objectname) [5ms]
2025-01-17 11:58:48.933 [info] > git ls-files --stage -- /var/www/html/Reservation_Restaurant/front/index.html [3ms]
2025-01-17 11:58:48.940 [info] > git cat-file -s 0519ecba6ea913e21689ec692e81e9e4973fbf73 [3ms]
2025-01-17 11:58:48.953 [info] > git show --textconv :front/index.html [3ms]
