2025-01-24 11:06:28.494 [info] [main] Log level: Info
2025-01-24 11:06:28.494 [info] [main] Validating found git in: "git"
2025-01-24 11:06:28.495 [info] [main] Using git "2.30.2" from "git"
2025-01-24 11:06:28.495 [info] [Model][doInitialScan] Initial repository scan started
2025-01-24 11:06:28.495 [info] > git rev-parse --show-toplevel [14ms]
2025-01-24 11:06:28.495 [info] > git rev-parse --git-dir --git-common-dir [1772ms]
2025-01-24 11:06:28.495 [info] [Model][openRepository] Opened repository: /home/debian
2025-01-24 11:06:28.495 [info] > git config --get commit.template [56ms]
2025-01-24 11:06:28.495 [info] > git fetch [77ms]
2025-01-24 11:06:29.212 [info] [Git][getRemotes] No remotes found in the git config file
2025-01-24 11:06:29.226 [info] > git config --get commit.template [167ms]
2025-01-24 11:06:29.288 [info] > git for-each-ref --format=%(refname)%00%(upstream:short)%00%(objectname)%00%(upstream:track)%00%(upstream:remotename)%00%(upstream:remoteref) refs/heads/master refs/remotes/master [78ms]
2025-01-24 11:06:29.288 [warning] [Git][getBranch] No such branch: master
2025-01-24 11:06:29.329 [info] [Git][getRemotes] No remotes found in the git config file
2025-01-24 11:06:29.373 [info] > git for-each-ref --format=%(refname)%00%(upstream:short)%00%(objectname)%00%(upstream:track)%00%(upstream:remotename)%00%(upstream:remoteref) refs/heads/master refs/remotes/master [62ms]
2025-01-24 11:06:29.378 [warning] [Git][getBranch] No such branch: master
2025-01-24 11:06:29.379 [error] [GitHistoryProvider][resolveHEADMergeBase] Failed to resolve merge base for master: Error: No such branch: master.
2025-01-24 11:06:29.404 [info] > git config --get commit.template [65ms]
2025-01-24 11:06:29.404 [info] > git for-each-ref --format=%(refname)%00%(upstream:short)%00%(objectname)%00%(upstream:track)%00%(upstream:remotename)%00%(upstream:remoteref) refs/heads/master refs/remotes/master [75ms]
2025-01-24 11:06:29.404 [warning] [Git][getBranch] No such branch: master
2025-01-24 11:06:30.732 [info] [Git][getRemotes] No remotes found in the git config file
2025-01-24 11:06:30.995 [info] > git for-each-ref --format=%(refname)%00%(upstream:short)%00%(objectname)%00%(upstream:track)%00%(upstream:remotename)%00%(upstream:remoteref) refs/heads/master refs/remotes/master [264ms]
2025-01-24 11:06:30.995 [warning] [Git][getBranch] No such branch: master
2025-01-24 11:06:31.194 [info] > git for-each-ref --sort -committerdate --format %(refname) %(objectname) %(*objectname) [148ms]
2025-01-24 11:06:31.624 [info] > git check-ignore -v -z --stdin [401ms]
2025-01-24 11:06:32.463 [info] > git status -z -uall [1436ms] (cancelled)
2025-01-24 11:06:32.767 [info] > git check-ignore -v -z --stdin [322ms]
2025-01-24 11:06:33.459 [info] > git rev-parse --show-toplevel [50ms]
2025-01-24 11:06:33.532 [info] > git rev-parse --show-toplevel [49ms]
2025-01-24 11:06:33.835 [info] > git rev-parse --show-toplevel [279ms]
2025-01-24 11:06:33.855 [info] > git rev-parse --show-toplevel [7ms]
2025-01-24 11:06:33.872 [info] > git rev-parse --show-toplevel [9ms]
2025-01-24 11:06:33.884 [info] > git rev-parse --show-toplevel [4ms]
2025-01-24 11:06:33.907 [info] > git rev-parse --show-toplevel [16ms]
2025-01-24 11:06:33.921 [info] > git rev-parse --show-toplevel [6ms]
2025-01-24 11:06:33.934 [info] > git rev-parse --show-toplevel [7ms]
2025-01-24 11:06:33.946 [info] > git rev-parse --show-toplevel [2ms]
2025-01-24 11:06:33.958 [info] > git rev-parse --show-toplevel [2ms]
2025-01-24 11:06:33.969 [info] > git rev-parse --show-toplevel [2ms]
2025-01-24 11:06:33.984 [info] > git rev-parse --show-toplevel [9ms]
2025-01-24 11:06:33.998 [info] > git rev-parse --show-toplevel [3ms]
2025-01-24 11:06:34.017 [info] > git rev-parse --show-toplevel [10ms]
2025-01-24 11:06:34.030 [info] > git rev-parse --show-toplevel [2ms]
2025-01-24 11:06:34.041 [info] > git rev-parse --show-toplevel [2ms]
2025-01-24 11:06:34.054 [info] > git rev-parse --show-toplevel [3ms]
2025-01-24 11:06:34.071 [info] > git rev-parse --show-toplevel [8ms]
2025-01-24 11:06:34.084 [info] > git rev-parse --show-toplevel [4ms]
2025-01-24 11:06:34.096 [info] > git rev-parse --show-toplevel [5ms]
2025-01-24 11:06:34.127 [info] > git rev-parse --show-toplevel [24ms]
2025-01-24 11:06:34.191 [info] > git rev-parse --show-toplevel [52ms]
2025-01-24 11:06:44.429 [info] > git rev-parse --show-toplevel [4401ms]
2025-01-24 11:06:44.481 [info] > git config --get commit.template [62ms]
2025-01-24 11:06:44.620 [info] > git rev-parse --show-toplevel [151ms]
2025-01-24 11:06:44.630 [info] [Git][getRemotes] No remotes found in the git config file
2025-01-24 11:06:44.670 [info] > git rev-parse --show-toplevel [30ms]
2025-01-24 11:06:44.671 [info] > git for-each-ref --format=%(refname)%00%(upstream:short)%00%(objectname)%00%(upstream:track)%00%(upstream:remotename)%00%(upstream:remoteref) refs/heads/master refs/remotes/master [41ms]
2025-01-24 11:06:44.671 [warning] [Git][getBranch] No such branch: master
2025-01-24 11:06:44.747 [info] > git rev-parse --show-toplevel [49ms]
2025-01-24 11:06:44.750 [info] > git for-each-ref --sort -committerdate --format %(refname) %(objectname) %(*objectname) [63ms]
2025-01-24 11:06:44.785 [info] > git rev-parse --show-toplevel [16ms]
2025-01-24 11:06:44.813 [info] > git rev-parse --show-toplevel [19ms]
2025-01-24 11:06:44.831 [info] > git rev-parse --show-toplevel [12ms]
2025-01-24 11:06:44.850 [info] > git rev-parse --show-toplevel [11ms]
2025-01-24 11:06:44.872 [info] > git rev-parse --show-toplevel [13ms]
2025-01-24 11:06:44.895 [info] > git rev-parse --show-toplevel [14ms]
2025-01-24 11:06:44.915 [info] > git rev-parse --show-toplevel [15ms]
2025-01-24 11:06:44.935 [info] > git rev-parse --show-toplevel [12ms]
2025-01-24 11:06:44.956 [info] > git rev-parse --show-toplevel [13ms]
2025-01-24 11:06:44.979 [info] > git rev-parse --show-toplevel [16ms]
2025-01-24 11:06:45.003 [info] > git rev-parse --show-toplevel [12ms]
2025-01-24 11:06:45.025 [info] > git rev-parse --show-toplevel [12ms]
2025-01-24 11:06:45.044 [info] > git rev-parse --show-toplevel [10ms]
2025-01-24 11:06:45.061 [info] > git rev-parse --show-toplevel [9ms]
2025-01-24 11:06:45.076 [info] > git rev-parse --show-toplevel [9ms]
2025-01-24 11:06:45.092 [info] > git rev-parse --show-toplevel [2ms]
2025-01-24 11:06:45.108 [info] > git rev-parse --show-toplevel [8ms]
2025-01-24 11:06:45.126 [info] > git rev-parse --show-toplevel [11ms]
2025-01-24 11:06:45.170 [info] > git rev-parse --show-toplevel [18ms]
2025-01-24 11:06:45.186 [info] > git rev-parse --show-toplevel [6ms]
2025-01-24 11:06:45.216 [info] > git rev-parse --show-toplevel [20ms]
2025-01-24 11:06:47.849 [info] > git status -z -uall [3173ms] (cancelled)
2025-01-24 11:06:47.851 [info] > git rev-parse --show-toplevel [2625ms]
2025-01-24 11:06:47.991 [info] > git rev-parse --show-toplevel [123ms]
2025-01-24 11:06:48.001 [info] > git rev-parse --show-toplevel [4ms]
2025-01-24 11:06:48.010 [info] > git rev-parse --show-toplevel [4ms]
2025-01-24 11:06:48.019 [info] > git rev-parse --show-toplevel [3ms]
2025-01-24 11:06:48.025 [info] > git rev-parse --show-toplevel [2ms]
2025-01-24 11:06:48.032 [info] > git rev-parse --show-toplevel [2ms]
2025-01-24 11:06:48.039 [info] > git rev-parse --show-toplevel [2ms]
2025-01-24 11:06:48.049 [info] > git rev-parse --show-toplevel [5ms]
2025-01-24 11:06:48.057 [info] > git rev-parse --show-toplevel [3ms]
2025-01-24 11:06:48.534 [info] > git rev-parse --show-toplevel [473ms]
2025-01-24 11:06:48.544 [info] > git rev-parse --show-toplevel [4ms]
2025-01-24 11:06:48.551 [info] > git rev-parse --show-toplevel [2ms]
2025-01-24 11:06:48.559 [info] > git rev-parse --show-toplevel [2ms]
2025-01-24 11:06:48.568 [info] > git rev-parse --show-toplevel [5ms]
2025-01-24 11:06:48.575 [info] > git rev-parse --show-toplevel [3ms]
2025-01-24 11:06:48.583 [info] > git rev-parse --show-toplevel [4ms]
2025-01-24 11:06:48.593 [info] > git rev-parse --show-toplevel [5ms]
2025-01-24 11:06:48.601 [info] > git rev-parse --show-toplevel [3ms]
2025-01-24 11:06:48.739 [info] > git rev-parse --show-toplevel [133ms]
2025-01-24 11:06:50.760 [info] > git rev-parse --show-toplevel [73ms]
2025-01-24 11:06:50.772 [info] > git rev-parse --show-toplevel [5ms]
2025-01-24 11:06:50.780 [info] > git rev-parse --show-toplevel [3ms]
2025-01-24 11:06:50.798 [info] > git rev-parse --show-toplevel [13ms]
2025-01-24 11:06:50.806 [info] > git rev-parse --show-toplevel [3ms]
2025-01-24 11:06:50.807 [info] [Model][doInitialScan] Initial repository scan completed - repositories (1), closed repositories (0), parent repositories (0), unsafe repositories (0)
