2025-01-24 09:13:01.499 [info] [main] Log level: Info
2025-01-24 09:13:01.499 [info] [main] Validating found git in: "git"
2025-01-24 09:13:01.499 [info] [main] Using git "2.30.2" from "git"
2025-01-24 09:13:01.499 [info] [Model][doInitialScan] Initial repository scan started
2025-01-24 09:13:01.499 [info] > git rev-parse --show-toplevel [1344ms]
2025-01-24 09:13:01.510 [info] > git rev-parse --git-dir --git-common-dir [30ms]
2025-01-24 09:13:01.534 [info] [Model][openRepository] Opened repository: /var/www/html/Reservation_Restaurant
2025-01-24 09:13:01.567 [info] > git rev-parse --show-toplevel [19ms]
2025-01-24 09:13:01.569 [info] > git config --get commit.template [25ms]
2025-01-24 09:13:02.118 [info] > git rev-parse --show-toplevel [40ms]
2025-01-24 09:13:02.128 [info] > git for-each-ref --format=%(refname)%00%(upstream:short)%00%(objectname)%00%(upstream:track)%00%(upstream:remotename)%00%(upstream:remoteref) refs/heads/main refs/remotes/main [34ms]
2025-01-24 09:13:02.137 [info] > git rev-parse --show-toplevel [10ms]
2025-01-24 09:13:02.150 [info] [Model][doInitialScan] Initial repository scan completed - repositories (1), closed repositories (0), parent repositories (0), unsafe repositories (0)
2025-01-24 09:13:02.342 [info] > git status -z -uall [42ms]
2025-01-24 09:13:02.342 [info] > git for-each-ref --sort -committerdate --format %(refname) %(objectname) %(*objectname) [31ms]
2025-01-24 09:13:02.396 [info] > git for-each-ref --format=%(refname)%00%(upstream:short)%00%(objectname)%00%(upstream:track)%00%(upstream:remotename)%00%(upstream:remoteref) refs/heads/main refs/remotes/main [21ms]
2025-01-24 09:13:02.411 [info] > git config --get commit.template [18ms]
2025-01-24 09:13:02.424 [info] > git config --local branch.main.vscode-merge-base [17ms]
2025-01-24 09:13:02.437 [info] > git for-each-ref --format=%(refname)%00%(upstream:short)%00%(objectname)%00%(upstream:track)%00%(upstream:remotename)%00%(upstream:remoteref) refs/heads/main refs/remotes/main [13ms]
2025-01-24 09:13:02.649 [info] > git status -z -uall [185ms]
2025-01-24 09:13:02.649 [info] > git for-each-ref --format=%(refname)%00%(upstream:short)%00%(objectname)%00%(upstream:track)%00%(upstream:remotename)%00%(upstream:remoteref) refs/heads/origin/main refs/remotes/origin/main [214ms]
2025-01-24 09:13:02.730 [info] > git check-ignore -v -z --stdin [48ms]
2025-01-24 09:13:02.731 [info] > git merge-base refs/heads/main refs/remotes/origin/main [75ms]
2025-01-24 09:13:02.737 [info] > git for-each-ref --sort -committerdate --format %(refname) %(objectname) %(*objectname) [267ms]
2025-01-24 09:13:02.760 [info] > git merge-base refs/heads/main refs/remotes/origin/main [13ms]
2025-01-24 09:13:02.764 [info] > git diff --name-status -z --diff-filter=ADMR 3a3c79c74d12ff3ccb1f3bac39f5a44771720030...refs/remotes/origin/main [28ms]
2025-01-24 09:13:03.037 [info] > git show --textconv :front/index.html [129ms]
2025-01-24 09:13:03.037 [info] > git diff --name-status -z --diff-filter=ADMR 3a3c79c74d12ff3ccb1f3bac39f5a44771720030...refs/remotes/origin/main [273ms]
2025-01-24 09:13:03.056 [info] > git ls-files --stage -- /var/www/html/Reservation_Restaurant/front/index.html [142ms]
2025-01-24 09:13:03.066 [info] > git cat-file -s 61bf2bc1b400ad500242a00b15cc1f410de05e21 [6ms]
2025-01-24 09:13:03.301 [info] > git blame --root --incremental 3a3c79c74d12ff3ccb1f3bac39f5a44771720030 -- /var/www/html/Reservation_Restaurant/front/index.html [114ms]
2025-01-24 09:44:04.122 [info] > git fetch [539ms]
2025-01-24 09:44:04.143 [info] > git config --get commit.template [8ms]
2025-01-24 09:44:04.146 [info] > git for-each-ref --format=%(refname)%00%(upstream:short)%00%(objectname)%00%(upstream:track)%00%(upstream:remotename)%00%(upstream:remoteref) refs/heads/main refs/remotes/main [6ms]
2025-01-24 09:44:04.160 [info] > git status -z -uall [9ms]
2025-01-24 09:44:04.176 [info] > git for-each-ref --sort -committerdate --format %(refname) %(objectname) %(*objectname) [16ms]
2025-01-24 10:55:34.431 [info] > git config --get commit.template [35ms]
2025-01-24 10:55:34.444 [info] > git ls-files --stage -- /var/www/html/Reservation_Restaurant/front/index.html [17ms]
2025-01-24 10:55:34.454 [info] > git for-each-ref --format=%(refname)%00%(upstream:short)%00%(objectname)%00%(upstream:track)%00%(upstream:remotename)%00%(upstream:remoteref) refs/heads/main refs/remotes/main [12ms]
2025-01-24 10:55:34.483 [info] > git status -z -uall [21ms]
2025-01-24 10:55:34.484 [info] > git cat-file -s 61bf2bc1b400ad500242a00b15cc1f410de05e21 [30ms]
2025-01-24 10:55:34.502 [info] > git for-each-ref --sort -committerdate --format %(refname) %(objectname) %(*objectname) [19ms]
2025-01-24 10:55:34.520 [info] > git show --textconv :front/index.html [18ms]
2025-01-24 10:55:34.954 [info] > git fetch [574ms]
2025-01-24 10:55:34.979 [info] > git config --get commit.template [18ms]
2025-01-24 10:55:34.984 [info] > git for-each-ref --format=%(refname)%00%(upstream:short)%00%(objectname)%00%(upstream:track)%00%(upstream:remotename)%00%(upstream:remoteref) refs/heads/main refs/remotes/main [7ms]
2025-01-24 10:55:34.998 [info] > git status -z -uall [8ms]
2025-01-24 10:55:35.003 [info] > git for-each-ref --sort -committerdate --format %(refname) %(objectname) %(*objectname) [6ms]
2025-01-24 10:55:36.188 [info] > git ls-files --stage -- /var/www/html/Reservation_Restaurant/front/index.html [3ms]
2025-01-24 10:55:36.195 [info] > git cat-file -s 61bf2bc1b400ad500242a00b15cc1f410de05e21 [3ms]
2025-01-24 10:55:36.211 [info] > git show --textconv :front/index.html [7ms]
2025-01-24 10:55:39.541 [info] > git config --get commit.template [8ms]
2025-01-24 10:55:39.544 [info] > git for-each-ref --format=%(refname)%00%(upstream:short)%00%(objectname)%00%(upstream:track)%00%(upstream:remotename)%00%(upstream:remoteref) refs/heads/main refs/remotes/main [4ms]
2025-01-24 10:55:39.556 [info] > git status -z -uall [8ms]
2025-01-24 10:55:39.559 [info] > git for-each-ref --sort -committerdate --format %(refname) %(objectname) %(*objectname) [4ms]
