2025-01-31 09:11:51.700 [info] [main] Log level: Info
2025-01-31 09:11:51.701 [info] [main] Validating found git in: "git"
2025-01-31 09:11:51.701 [info] [main] Using git "2.30.2" from "git"
2025-01-31 09:11:51.701 [info] [Model][doInitialScan] Initial repository scan started
2025-01-31 09:11:51.701 [info] > git rev-parse --show-toplevel [2551ms]
2025-01-31 09:11:51.701 [info] > git rev-parse --git-dir --git-common-dir [126ms]
2025-01-31 09:11:51.701 [info] [Model][openRepository] Opened repository: /var/www/html/TPCSS1
2025-01-31 09:11:51.701 [info] > git rev-parse --show-toplevel [75ms]
2025-01-31 09:11:51.701 [info] [Model][doInitialScan] Initial repository scan completed - repositories (1), closed repositories (0), parent repositories (0), unsafe repositories (0)
2025-01-31 09:11:51.701 [info] > git config --get commit.template [104ms]
2025-01-31 09:11:51.834 [info] > git rev-parse --show-toplevel [127ms]
2025-01-31 09:11:52.108 [info] > git for-each-ref --format=%(refname)%00%(upstream:short)%00%(objectname)%00%(upstream:track)%00%(upstream:remotename)%00%(upstream:remoteref) refs/heads/main refs/remotes/main [304ms]
2025-01-31 09:11:52.771 [info] > git show --textconv :tp info/tp1/main.js [28ms]
2025-01-31 09:11:52.774 [info] > git check-ignore -v -z --stdin [13ms]
2025-01-31 09:11:52.775 [info] > git ls-files --stage -- /var/www/html/TPCSS1/tp info/tp1/main.js [25ms]
2025-01-31 09:11:53.109 [info] > git status -z -uall [259ms]
2025-01-31 09:11:53.110 [info] > git blame --root --incremental e820efb32d5933e1ea774e1268cca360065bac2d -- /var/www/html/TPCSS1/tp info/tp1/main.js [216ms]
2025-01-31 09:11:53.110 [info] fatal: no such path tp info/tp1/main.js in e820efb32d5933e1ea774e1268cca360065bac2d
2025-01-31 09:11:53.113 [info] > git for-each-ref --sort -committerdate --format %(refname) %(objectname) %(*objectname) [238ms]
2025-01-31 09:11:53.141 [info] > git fetch [1583ms]
2025-01-31 09:11:53.187 [info] > git for-each-ref --format=%(refname)%00%(upstream:short)%00%(objectname)%00%(upstream:track)%00%(upstream:remotename)%00%(upstream:remoteref) refs/heads/main refs/remotes/main [51ms]
2025-01-31 09:11:53.224 [info] > git config --get commit.template [67ms]
2025-01-31 09:11:53.224 [info] > git config --get commit.template [76ms]
2025-01-31 09:11:53.470 [info] > git config --local branch.main.vscode-merge-base [273ms]
2025-01-31 09:11:53.471 [warning] [Git][config] git config failed: Failed to execute git
2025-01-31 09:11:53.514 [info] > git for-each-ref --format=%(refname)%00%(upstream:short)%00%(objectname)%00%(upstream:track)%00%(upstream:remotename)%00%(upstream:remoteref) refs/heads/main refs/remotes/main [25ms]
2025-01-31 09:11:53.520 [info] > git for-each-ref --format=%(refname)%00%(upstream:short)%00%(objectname)%00%(upstream:track)%00%(upstream:remotename)%00%(upstream:remoteref) refs/heads/main refs/remotes/main [38ms]
2025-01-31 09:11:53.971 [info] > git status -z -uall [275ms]
2025-01-31 09:11:53.972 [info] > git for-each-ref --format=%(refname)%00%(upstream:short)%00%(objectname)%00%(upstream:track)%00%(upstream:remotename)%00%(upstream:remoteref) refs/heads/main refs/remotes/main [262ms]
2025-01-31 09:11:53.978 [info] > git for-each-ref --sort -committerdate --format %(refname) %(objectname) %(*objectname) [275ms]
2025-01-31 09:11:54.004 [info] > git config --local branch.main.vscode-merge-base [27ms]
2025-01-31 09:11:54.005 [warning] [Git][config] git config failed: Failed to execute git
2025-01-31 09:11:54.009 [info] > git reflog main --grep-reflog=branch: Created from *. [533ms]
2025-01-31 09:11:54.174 [info] > git reflog main --grep-reflog=branch: Created from *. [166ms]
2025-01-31 09:11:54.183 [info] > git for-each-ref --format=%(refname)%00%(upstream:short)%00%(objectname)%00%(upstream:track)%00%(upstream:remotename)%00%(upstream:remoteref) refs/heads/main refs/remotes/main [195ms]
2025-01-31 09:11:54.200 [info] > git symbolic-ref --short refs/remotes/origin/HEAD [18ms]
2025-01-31 09:11:54.200 [info] fatal: ref refs/remotes/origin/HEAD is not a symbolic ref
2025-01-31 09:11:54.200 [warning] [Repository][getDefaultBranch] Failed to get default branch details: Failed to execute git.
2025-01-31 09:11:54.207 [info] > git symbolic-ref --short refs/remotes/origin/HEAD [191ms]
2025-01-31 09:11:54.207 [info] fatal: ref refs/remotes/origin/HEAD is not a symbolic ref
2025-01-31 09:11:54.207 [warning] [Repository][getDefaultBranch] Failed to get default branch details: Failed to execute git.
2025-01-31 09:11:54.216 [info] > git merge-base refs/heads/main refs/remotes/Origine/main [10ms]
2025-01-31 09:11:54.222 [info] > git config --local branch.main.vscode-merge-base [34ms]
2025-01-31 09:11:54.222 [warning] [Git][config] git config failed: Failed to execute git
2025-01-31 09:11:54.229 [info] > git diff --name-status -z --diff-filter=ADMR e820efb32d5933e1ea774e1268cca360065bac2d...refs/remotes/Origine/main [8ms]
2025-01-31 09:11:54.230 [info] > git merge-base refs/heads/main refs/remotes/Origine/main [18ms]
2025-01-31 09:11:54.357 [info] > git reflog main --grep-reflog=branch: Created from *. [130ms]
2025-01-31 09:11:54.527 [info] > git diff --name-status -z --diff-filter=ADMR e820efb32d5933e1ea774e1268cca360065bac2d...refs/remotes/Origine/main [289ms]
2025-01-31 09:11:54.560 [info] > git symbolic-ref --short refs/remotes/origin/HEAD [199ms]
2025-01-31 09:11:54.560 [info] fatal: ref refs/remotes/origin/HEAD is not a symbolic ref
2025-01-31 09:11:54.560 [warning] [Repository][getDefaultBranch] Failed to get default branch details: Failed to execute git.
2025-01-31 09:12:10.279 [info] > git ls-files --stage -- /var/www/html/TPCSS1/tp info/tp1/main.js [9ms]
2025-01-31 09:12:10.294 [info] > git show --textconv :tp info/tp1/main.js [4ms]
2025-01-31 09:14:09.157 [info] > git config --get commit.template [15ms]
2025-01-31 09:14:09.161 [info] > git for-each-ref --format=%(refname)%00%(upstream:short)%00%(objectname)%00%(upstream:track)%00%(upstream:remotename)%00%(upstream:remoteref) refs/heads/main refs/remotes/main [11ms]
2025-01-31 09:14:09.177 [info] > git status -z -uall [11ms]
2025-01-31 09:14:09.186 [info] > git for-each-ref --sort -committerdate --format %(refname) %(objectname) %(*objectname) [8ms]
2025-01-31 09:14:10.723 [info] > git check-ignore -v -z --stdin [16ms]
2025-01-31 09:14:11.320 [info] > git log --format=%H%n%aN%n%aE%n%at%n%ct%n%P%n%D%n%B -z --shortstat -n50 --skip=0 --topo-order --decorate=full --stdin [1177ms]
2025-01-31 09:14:17.145 [info] > git show --textconv :tp info/tp1/tp1.html [12ms]
2025-01-31 09:14:17.160 [info] > git ls-files --stage -- /var/www/html/TPCSS1/tp info/tp1/tp1.html [8ms]
2025-01-31 09:14:17.170 [info] > git cat-file -s 93eaec535562b51948c0682a68b16a20eaa5eb8b [4ms]
2025-01-31 09:14:17.212 [info] > git blame --root --incremental e820efb32d5933e1ea774e1268cca360065bac2d -- /var/www/html/TPCSS1/tp info/tp1/tp1.html [10ms]
2025-01-31 09:14:25.263 [info] > git show --textconv :tp info/tp1/tp1.css [77ms]
2025-01-31 09:14:25.264 [info] > git ls-files --stage -- /var/www/html/TPCSS1/tp info/tp1/tp1.css [68ms]
2025-01-31 09:14:25.293 [info] > git cat-file -s 085f785d1c50465792ca4cf2bed7a836b4d6d1e9 [14ms]
2025-01-31 09:14:28.351 [info] > git show --textconv :tp info/tp1/tp1.html [9ms]
2025-01-31 09:14:28.354 [info] > git ls-files --stage -- /var/www/html/TPCSS1/tp info/tp1/tp1.html [5ms]
2025-01-31 09:14:28.362 [info] > git cat-file -s 93eaec535562b51948c0682a68b16a20eaa5eb8b [3ms]
2025-01-31 09:14:29.206 [info] > git config --get commit.template [15ms]
2025-01-31 09:14:29.207 [info] > git for-each-ref --format=%(refname)%00%(upstream:short)%00%(objectname)%00%(upstream:track)%00%(upstream:remotename)%00%(upstream:remoteref) refs/heads/main refs/remotes/main [10ms]
2025-01-31 09:14:29.222 [info] > git status -z -uall [9ms]
2025-01-31 09:14:29.227 [info] > git for-each-ref --sort -committerdate --format %(refname) %(objectname) %(*objectname) [6ms]
2025-01-31 09:14:30.017 [info] > git log --format=%H%n%aN%n%aE%n%at%n%ct%n%P%n%D%n%B -z --shortstat -n50 --skip=0 --topo-order --decorate=full --stdin [63ms]
2025-01-31 09:14:31.454 [info] > git add -A -- /var/www/html/TPCSS1/tp info/tp1/tp1.css /var/www/html/TPCSS1/tp info/tp1/tp1.js /var/www/html/TPCSS1/tp info/tp1/main.js [7ms]
2025-01-31 09:14:31.477 [info] > git config --get commit.template [11ms]
2025-01-31 09:14:31.480 [info] > git for-each-ref --format=%(refname)%00%(upstream:short)%00%(objectname)%00%(upstream:track)%00%(upstream:remotename)%00%(upstream:remoteref) refs/heads/main refs/remotes/main [9ms]
2025-01-31 09:14:31.495 [info] > git status -z -uall [10ms]
2025-01-31 09:14:31.499 [info] > git for-each-ref --sort -committerdate --format %(refname) %(objectname) %(*objectname) [5ms]
2025-01-31 09:14:32.781 [info] > git ls-files --stage -- /var/www/html/TPCSS1/tp info/tp1/tp1.html [5ms]
2025-01-31 09:14:32.791 [info] > git cat-file -s 93eaec535562b51948c0682a68b16a20eaa5eb8b [6ms]
2025-01-31 09:14:32.806 [info] > git show --textconv :tp info/tp1/tp1.html [4ms]
2025-01-31 09:14:34.253 [info] > git config --get commit.template [10ms]
2025-01-31 09:14:34.256 [info] > git for-each-ref --format=%(refname)%00%(upstream:short)%00%(objectname)%00%(upstream:track)%00%(upstream:remotename)%00%(upstream:remoteref) refs/heads/main refs/remotes/main [5ms]
2025-01-31 09:14:34.272 [info] > git status -z -uall [11ms]
2025-01-31 09:14:34.277 [info] > git for-each-ref --sort -committerdate --format %(refname) %(objectname) %(*objectname) [6ms]
2025-01-31 09:14:35.704 [info] > git -c user.useConfigOnly=true commit --quiet --allow-empty-message --file - [35ms]
2025-01-31 09:14:35.713 [info] > git config --get commit.template [2ms]
2025-01-31 09:14:35.732 [info] > git config --get commit.template [9ms]
2025-01-31 09:14:35.736 [info] > git for-each-ref --format=%(refname)%00%(upstream:short)%00%(objectname)%00%(upstream:track)%00%(upstream:remotename)%00%(upstream:remoteref) refs/heads/main refs/remotes/main [7ms]
2025-01-31 09:14:35.759 [info] > git status -z -uall [17ms]
2025-01-31 09:14:35.766 [info] > git for-each-ref --sort -committerdate --format %(refname) %(objectname) %(*objectname) [10ms]
2025-01-31 09:14:35.810 [info] > git merge-base refs/heads/main refs/remotes/Origine/main [17ms]
2025-01-31 09:14:35.821 [info] > git blame --root --incremental 0bbb4e2a66c586beef3ac94ed83c65e541d75708 -- /var/www/html/TPCSS1/tp info/tp1/tp1.html [43ms]
2025-01-31 09:14:35.827 [info] > git diff --name-status -z --diff-filter=ADMR e820efb32d5933e1ea774e1268cca360065bac2d...refs/remotes/Origine/main [5ms]
2025-01-31 09:14:35.882 [info] > git config --get commit.template [12ms]
2025-01-31 09:14:35.893 [info] > git for-each-ref --format=%(refname)%00%(upstream:short)%00%(objectname)%00%(upstream:track)%00%(upstream:remotename)%00%(upstream:remoteref) refs/heads/main refs/remotes/main [13ms]
2025-01-31 09:14:35.916 [info] > git status -z -uall [14ms]
2025-01-31 09:14:35.925 [info] > git for-each-ref --sort -committerdate --format %(refname) %(objectname) %(*objectname) [13ms]
2025-01-31 09:14:35.947 [info] > git log --format=%H%n%aN%n%aE%n%at%n%ct%n%P%n%D%n%B -z --shortstat -n50 --skip=0 --topo-order --decorate=full --stdin [108ms]
2025-01-31 09:14:36.978 [info] > git ls-files --stage -- /var/www/html/TPCSS1/tp info/tp1/tp1.html [6ms]
2025-01-31 09:14:36.985 [info] > git cat-file -s 93eaec535562b51948c0682a68b16a20eaa5eb8b [3ms]
2025-01-31 09:14:37.001 [info] > git show --textconv :tp info/tp1/tp1.html [4ms]
2025-01-31 09:14:38.981 [info] > git log --oneline --cherry main...main@{upstream} -- [6ms]
2025-01-31 09:14:39.562 [info] > git pull --tags Origine main [572ms]
2025-01-31 09:14:39.562 [info] hint: Pulling without specifying how to reconcile divergent branches is
hint: discouraged. You can squelch this message by running one of the following
hint: commands sometime before your next pull:
hint: 
hint:   git config pull.rebase false  # merge (the default strategy)
hint:   git config pull.rebase true   # rebase
hint:   git config pull.ff only       # fast-forward only
hint: 
hint: You can replace "git config" with "git config --global" to set a default
hint: preference for all repositories. You can also pass --rebase, --no-rebase,
hint: or --ff-only on the command line to override the configured default per
hint: invocation.
From https://github.com/Brevart-eloi/site1
 * branch            main       -> FETCH_HEAD
2025-01-31 09:14:40.874 [info] > git push Origine main:main [1306ms]
2025-01-31 09:14:40.874 [info] remote: This repository moved. Please use the new location:        
remote:   https://github.com/Brevart-eloi/TPCSS1.git        
To https://github.com/Brevart-eloi/site1.git
   e820efb..0bbb4e2  main -> main
2025-01-31 09:14:40.892 [info] > git config --get commit.template [6ms]
2025-01-31 09:14:40.895 [info] > git for-each-ref --format=%(refname)%00%(upstream:short)%00%(objectname)%00%(upstream:track)%00%(upstream:remotename)%00%(upstream:remoteref) refs/heads/main refs/remotes/main [4ms]
2025-01-31 09:14:40.910 [info] > git status -z -uall [10ms]
2025-01-31 09:14:40.914 [info] > git for-each-ref --sort -committerdate --format %(refname) %(objectname) %(*objectname) [6ms]
2025-01-31 09:14:40.970 [info] > git merge-base refs/heads/main refs/remotes/Origine/main [22ms]
2025-01-31 09:14:40.986 [info] > git ls-files --stage -- /var/www/html/TPCSS1/tp info/tp1/tp1.html [22ms]
2025-01-31 09:14:40.995 [info] > git diff --name-status -z --diff-filter=ADMR 0bbb4e2a66c586beef3ac94ed83c65e541d75708...refs/remotes/Origine/main [18ms]
2025-01-31 09:14:41.000 [info] > git cat-file -s 93eaec535562b51948c0682a68b16a20eaa5eb8b [6ms]
2025-01-31 09:14:41.032 [info] > git show --textconv :tp info/tp1/tp1.html [13ms]
2025-01-31 09:14:41.096 [info] > git log --format=%H%n%aN%n%aE%n%at%n%ct%n%P%n%D%n%B -z --shortstat -n50 --skip=0 --topo-order --decorate=full --stdin [111ms]
2025-01-31 09:14:42.086 [info] > git config --get commit.template [12ms]
2025-01-31 09:14:42.089 [info] > git for-each-ref --format=%(refname)%00%(upstream:short)%00%(objectname)%00%(upstream:track)%00%(upstream:remotename)%00%(upstream:remoteref) refs/heads/main refs/remotes/main [4ms]
2025-01-31 09:14:42.107 [info] > git status -z -uall [13ms]
2025-01-31 09:14:42.111 [info] > git for-each-ref --sort -committerdate --format %(refname) %(objectname) %(*objectname) [5ms]
2025-01-31 09:14:42.183 [info] > git ls-files --stage -- /var/www/html/TPCSS1/tp info/tp1/tp1.html [3ms]
2025-01-31 09:14:42.190 [info] > git cat-file -s 93eaec535562b51948c0682a68b16a20eaa5eb8b [3ms]
2025-01-31 09:14:42.211 [info] > git show --textconv :tp info/tp1/tp1.html [6ms]
2025-01-31 09:14:54.428 [info] > git fetch [430ms]
2025-01-31 09:14:54.448 [info] > git config --get commit.template [8ms]
2025-01-31 09:14:54.451 [info] > git for-each-ref --format=%(refname)%00%(upstream:short)%00%(objectname)%00%(upstream:track)%00%(upstream:remotename)%00%(upstream:remoteref) refs/heads/main refs/remotes/main [5ms]
2025-01-31 09:14:54.467 [info] > git status -z -uall [10ms]
2025-01-31 09:14:54.478 [info] > git for-each-ref --sort -committerdate --format %(refname) %(objectname) %(*objectname) [12ms]
2025-01-31 09:14:55.580 [info] > git config --get commit.template [13ms]
2025-01-31 09:14:55.583 [info] > git for-each-ref --format=%(refname)%00%(upstream:short)%00%(objectname)%00%(upstream:track)%00%(upstream:remotename)%00%(upstream:remoteref) refs/heads/main refs/remotes/main [4ms]
2025-01-31 09:14:55.606 [info] > git status -z -uall [17ms]
2025-01-31 09:14:55.610 [info] > git for-each-ref --sort -committerdate --format %(refname) %(objectname) %(*objectname) [5ms]
2025-01-31 09:14:55.690 [info] > git ls-files --stage -- /var/www/html/TPCSS1/tp info/tp1/tp1.html [7ms]
2025-01-31 09:14:55.705 [info] > git cat-file -s 93eaec535562b51948c0682a68b16a20eaa5eb8b [7ms]
2025-01-31 09:14:55.732 [info] > git show --textconv :tp info/tp1/tp1.html [9ms]
2025-01-31 09:17:54.998 [info] > git fetch [492ms]
2025-01-31 09:17:55.016 [info] > git config --get commit.template [8ms]
2025-01-31 09:17:55.019 [info] > git for-each-ref --format=%(refname)%00%(upstream:short)%00%(objectname)%00%(upstream:track)%00%(upstream:remotename)%00%(upstream:remoteref) refs/heads/main refs/remotes/main [4ms]
2025-01-31 09:17:55.033 [info] > git status -z -uall [9ms]
2025-01-31 09:17:55.041 [info] > git for-each-ref --sort -committerdate --format %(refname) %(objectname) %(*objectname) [11ms]
2025-01-31 09:17:56.148 [info] > git config --get commit.template [9ms]
2025-01-31 09:17:56.157 [info] > git for-each-ref --format=%(refname)%00%(upstream:short)%00%(objectname)%00%(upstream:track)%00%(upstream:remotename)%00%(upstream:remoteref) refs/heads/main refs/remotes/main [4ms]
2025-01-31 09:17:56.179 [info] > git status -z -uall [17ms]
2025-01-31 09:17:56.191 [info] > git for-each-ref --sort -committerdate --format %(refname) %(objectname) %(*objectname) [19ms]
2025-01-31 09:17:56.273 [info] > git ls-files --stage -- /var/www/html/TPCSS1/tp info/tp1/tp1.html [4ms]
2025-01-31 09:17:56.281 [info] > git cat-file -s 93eaec535562b51948c0682a68b16a20eaa5eb8b [3ms]
2025-01-31 09:17:56.331 [info] > git show --textconv :tp info/tp1/tp1.html [5ms]
2025-01-31 09:18:12.950 [info] > git config --get commit.template [11ms]
2025-01-31 09:18:12.953 [info] > git for-each-ref --format=%(refname)%00%(upstream:short)%00%(objectname)%00%(upstream:track)%00%(upstream:remotename)%00%(upstream:remoteref) refs/heads/main refs/remotes/main [5ms]
2025-01-31 09:18:12.967 [info] > git status -z -uall [9ms]
2025-01-31 09:18:12.971 [info] > git for-each-ref --sort -committerdate --format %(refname) %(objectname) %(*objectname) [5ms]
2025-01-31 09:18:15.627 [info] > git log --format=%H%n%aN%n%aE%n%at%n%ct%n%P%n%D%n%B -z --shortstat -n50 --skip=0 --topo-order --decorate=full --stdin [56ms]
2025-01-31 09:18:27.952 [info] > git add -A -- /var/www/html/TPCSS1/tp info/tp1/tp1.html [8ms]
2025-01-31 09:18:27.971 [info] > git config --get commit.template [12ms]
2025-01-31 09:18:27.974 [info] > git for-each-ref --format=%(refname)%00%(upstream:short)%00%(objectname)%00%(upstream:track)%00%(upstream:remotename)%00%(upstream:remoteref) refs/heads/main refs/remotes/main [4ms]
2025-01-31 09:18:27.989 [info] > git status -z -uall [10ms]
2025-01-31 09:18:27.993 [info] > git for-each-ref --sort -committerdate --format %(refname) %(objectname) %(*objectname) [5ms]
2025-01-31 09:18:28.340 [info] > git show --textconv HEAD:tp info/tp1/tp1.html [18ms]
2025-01-31 09:18:28.349 [info] > git ls-tree -l HEAD -- /var/www/html/TPCSS1/tp info/tp1/tp1.html [15ms]
2025-01-31 09:18:28.647 [info] > git -c user.useConfigOnly=true commit --quiet --allow-empty-message --file - [14ms]
2025-01-31 09:18:28.655 [info] > git config --get commit.template [2ms]
2025-01-31 09:18:28.672 [info] > git config --get commit.template [10ms]
2025-01-31 09:18:28.681 [info] > git for-each-ref --format=%(refname)%00%(upstream:short)%00%(objectname)%00%(upstream:track)%00%(upstream:remotename)%00%(upstream:remoteref) refs/heads/main refs/remotes/main [3ms]
2025-01-31 09:18:28.694 [info] > git status -z -uall [7ms]
2025-01-31 09:18:28.703 [info] > git for-each-ref --sort -committerdate --format %(refname) %(objectname) %(*objectname) [10ms]
2025-01-31 09:18:28.758 [info] > git merge-base refs/heads/main refs/remotes/Origine/main [19ms]
2025-01-31 09:18:28.764 [info] > git blame --root --incremental 11da9e66ccff864a2067ef0cdb7a7da5178b40d4 -- /var/www/html/TPCSS1/tp info/tp1/tp1.html [35ms]
2025-01-31 09:18:28.768 [info] > git diff --name-status -z --diff-filter=ADMR 0bbb4e2a66c586beef3ac94ed83c65e541d75708...refs/remotes/Origine/main [4ms]
2025-01-31 09:18:28.842 [info] > git config --get commit.template [11ms]
2025-01-31 09:18:28.852 [info] > git for-each-ref --format=%(refname)%00%(upstream:short)%00%(objectname)%00%(upstream:track)%00%(upstream:remotename)%00%(upstream:remoteref) refs/heads/main refs/remotes/main [12ms]
2025-01-31 09:18:28.878 [info] > git status -z -uall [15ms]
2025-01-31 09:18:28.883 [info] > git for-each-ref --sort -committerdate --format %(refname) %(objectname) %(*objectname) [6ms]
2025-01-31 09:18:28.945 [info] > git log --format=%H%n%aN%n%aE%n%at%n%ct%n%P%n%D%n%B -z --shortstat -n50 --skip=0 --topo-order --decorate=full --stdin [153ms]
2025-01-31 09:18:29.195 [info] > git config --get commit.template [9ms]
2025-01-31 09:18:29.198 [info] > git for-each-ref --format=%(refname)%00%(upstream:short)%00%(objectname)%00%(upstream:track)%00%(upstream:remotename)%00%(upstream:remoteref) refs/heads/main refs/remotes/main [4ms]
2025-01-31 09:18:29.212 [info] > git status -z -uall [9ms]
2025-01-31 09:18:29.216 [info] > git for-each-ref --sort -committerdate --format %(refname) %(objectname) %(*objectname) [4ms]
2025-01-31 09:18:30.765 [info] > git log --oneline --cherry main...main@{upstream} -- [4ms]
2025-01-31 09:18:30.790 [info] > git ls-files --stage -- /var/www/html/TPCSS1/tp info/tp1/tp1.html [5ms]
2025-01-31 09:18:30.806 [info] > git cat-file -s 4defb3f759ba1ca087b09cf0d9a642c986d2cf49 [7ms]
2025-01-31 09:18:30.824 [info] > git show --textconv :tp info/tp1/tp1.html [5ms]
2025-01-31 09:18:31.235 [info] > git pull --tags Origine main [465ms]
2025-01-31 09:18:31.235 [info] hint: Pulling without specifying how to reconcile divergent branches is
hint: discouraged. You can squelch this message by running one of the following
hint: commands sometime before your next pull:
hint: 
hint:   git config pull.rebase false  # merge (the default strategy)
hint:   git config pull.rebase true   # rebase
hint:   git config pull.ff only       # fast-forward only
hint: 
hint: You can replace "git config" with "git config --global" to set a default
hint: preference for all repositories. You can also pass --rebase, --no-rebase,
hint: or --ff-only on the command line to override the configured default per
hint: invocation.
From https://github.com/Brevart-eloi/site1
 * branch            main       -> FETCH_HEAD
2025-01-31 09:18:32.494 [info] > git push Origine main:main [1253ms]
2025-01-31 09:18:32.494 [info] remote: This repository moved. Please use the new location:        
remote:   https://github.com/Brevart-eloi/TPCSS1.git        
To https://github.com/Brevart-eloi/site1.git
   0bbb4e2..11da9e6  main -> main
2025-01-31 09:18:32.514 [info] > git config --get commit.template [9ms]
2025-01-31 09:18:32.519 [info] > git for-each-ref --format=%(refname)%00%(upstream:short)%00%(objectname)%00%(upstream:track)%00%(upstream:remotename)%00%(upstream:remoteref) refs/heads/main refs/remotes/main [6ms]
2025-01-31 09:18:32.553 [info] > git status -z -uall [29ms]
2025-01-31 09:18:32.555 [info] > git for-each-ref --sort -committerdate --format %(refname) %(objectname) %(*objectname) [16ms]
2025-01-31 09:18:32.582 [info] > git ls-files --stage -- /var/www/html/TPCSS1/tp info/tp1/tp1.html [30ms]
2025-01-31 09:18:32.593 [info] > git merge-base refs/heads/main refs/remotes/Origine/main [14ms]
2025-01-31 09:18:32.603 [info] > git cat-file -s 4defb3f759ba1ca087b09cf0d9a642c986d2cf49 [12ms]
2025-01-31 09:18:32.614 [info] > git diff --name-status -z --diff-filter=ADMR 11da9e66ccff864a2067ef0cdb7a7da5178b40d4...refs/remotes/Origine/main [14ms]
2025-01-31 09:18:32.637 [info] > git show --textconv :tp info/tp1/tp1.html [9ms]
2025-01-31 09:18:32.692 [info] > git log --format=%H%n%aN%n%aE%n%at%n%ct%n%P%n%D%n%B -z --shortstat -n50 --skip=0 --topo-order --decorate=full --stdin [79ms]
2025-01-31 09:18:33.787 [info] > git ls-files --stage -- /var/www/html/TPCSS1/tp info/tp1/tp1.html [4ms]
2025-01-31 09:18:33.794 [info] > git cat-file -s 4defb3f759ba1ca087b09cf0d9a642c986d2cf49 [3ms]
2025-01-31 09:18:33.812 [info] > git show --textconv :tp info/tp1/tp1.html [7ms]
2025-01-31 09:18:34.235 [info] > git config --get commit.template [7ms]
2025-01-31 09:18:34.238 [info] > git for-each-ref --format=%(refname)%00%(upstream:short)%00%(objectname)%00%(upstream:track)%00%(upstream:remotename)%00%(upstream:remoteref) refs/heads/main refs/remotes/main [5ms]
2025-01-31 09:18:34.258 [info] > git status -z -uall [10ms]
2025-01-31 09:18:34.262 [info] > git for-each-ref --sort -committerdate --format %(refname) %(objectname) %(*objectname) [5ms]
