2025-01-15 14:26:34.005 [info] [main] Log level: Info
2025-01-15 14:26:34.005 [info] [main] Validating found git in: "git"
2025-01-15 14:26:34.006 [info] [main] Using git "2.30.2" from "git"
2025-01-15 14:26:34.006 [info] [Model][doInitialScan] Initial repository scan started
2025-01-15 14:26:34.006 [info] > git rev-parse --show-toplevel [222ms]
2025-01-15 14:26:34.006 [info] > git rev-parse --git-dir --git-common-dir [67ms]
2025-01-15 14:26:34.006 [info] [Model][openRepository] Opened repository: /var/www/html/TP_js
2025-01-15 14:26:34.324 [info] > git rev-parse --show-toplevel [290ms]
2025-01-15 14:26:34.325 [info] > git config --get commit.template [306ms]
2025-01-15 14:26:35.142 [info] > git check-ignore -v -z --stdin [15ms]
2025-01-15 14:26:35.145 [info] > git fetch [1155ms]
2025-01-15 14:26:35.147 [info] > git for-each-ref --format=%(refname)%00%(upstream:short)%00%(objectname)%00%(upstream:track)%00%(upstream:remotename)%00%(upstream:remoteref) refs/heads/exo_java refs/remotes/exo_java [792ms]
2025-01-15 14:26:35.177 [info] > git config --get commit.template [23ms]
2025-01-15 14:26:35.179 [info] > git rev-parse --show-toplevel [15ms]
2025-01-15 14:26:35.232 [info] > git for-each-ref --format=%(refname)%00%(upstream:short)%00%(objectname)%00%(upstream:track)%00%(upstream:remotename)%00%(upstream:remoteref) refs/heads/exo_java refs/remotes/exo_java [35ms]
2025-01-15 14:26:35.239 [info] > git for-each-ref --format=%(refname)%00%(upstream:short)%00%(objectname)%00%(upstream:track)%00%(upstream:remotename)%00%(upstream:remoteref) refs/heads/exo_java refs/remotes/exo_java [55ms]
2025-01-15 14:26:35.243 [info] > git config --get commit.template [29ms]
2025-01-15 14:26:35.243 [info] > git rev-parse --show-toplevel [37ms]
2025-01-15 14:26:35.434 [info] > git rev-parse --show-toplevel [183ms]
2025-01-15 14:26:35.435 [info] > git config --local branch.exo_java.vscode-merge-base [196ms]
2025-01-15 14:26:35.435 [warning] [Git][config] git config failed: Failed to execute git
2025-01-15 14:26:35.572 [info] > git for-each-ref --format=%(refname)%00%(upstream:short)%00%(objectname)%00%(upstream:track)%00%(upstream:remotename)%00%(upstream:remoteref) refs/heads/exo_java refs/remotes/exo_java [159ms]
2025-01-15 14:26:35.605 [info] > git rev-parse --show-toplevel [145ms]
2025-01-15 14:26:35.605 [info] > git for-each-ref --format=%(refname)%00%(upstream:short)%00%(objectname)%00%(upstream:track)%00%(upstream:remotename)%00%(upstream:remoteref) refs/heads/exo_java refs/remotes/exo_java [153ms]
2025-01-15 14:26:35.614 [info] > git reflog exo_java --grep-reflog=branch: Created from *. [172ms]
2025-01-15 14:26:35.650 [info] > git config --local branch.exo_java.vscode-merge-base [36ms]
2025-01-15 14:26:35.650 [warning] [Git][config] git config failed: Failed to execute git
2025-01-15 14:26:35.658 [info] > git rev-parse --show-toplevel [30ms]
2025-01-15 14:26:35.660 [info] > git symbolic-ref --short refs/remotes/origin/HEAD [40ms]
2025-01-15 14:26:35.660 [info] fatal: ref refs/remotes/origin/HEAD is not a symbolic ref
2025-01-15 14:26:35.660 [warning] [Repository][getDefaultBranch] Failed to get default branch details: Failed to execute git.
2025-01-15 14:26:35.859 [info] > git status -z -uall [181ms]
2025-01-15 14:26:35.862 [info] > git reflog exo_java --grep-reflog=branch: Created from *. [207ms]
2025-01-15 14:26:35.882 [info] > git rev-parse --show-toplevel [26ms]
2025-01-15 14:26:35.883 [info] > git for-each-ref --sort -committerdate --format %(refname) %(objectname) %(*objectname) [196ms]
2025-01-15 14:26:35.936 [info] > git merge-base refs/heads/exo_java refs/remotes/origin/exo_java [267ms]
2025-01-15 14:26:36.020 [info] > git diff --name-status -z --diff-filter=ADMR fc43896cdae20e9d2944c3a25159474e9df10f0a...refs/remotes/origin/exo_java [77ms]
2025-01-15 14:26:36.021 [info] > git merge-base refs/heads/exo_java refs/remotes/origin/exo_java [120ms]
2025-01-15 14:26:36.028 [info] > git symbolic-ref --short refs/remotes/origin/HEAD [160ms]
2025-01-15 14:26:36.028 [info] fatal: ref refs/remotes/origin/HEAD is not a symbolic ref
2025-01-15 14:26:36.028 [warning] [Repository][getDefaultBranch] Failed to get default branch details: Failed to execute git.
2025-01-15 14:26:36.034 [info] > git rev-parse --show-toplevel [60ms]
2025-01-15 14:26:36.047 [info] > git diff --name-status -z --diff-filter=ADMR fc43896cdae20e9d2944c3a25159474e9df10f0a...refs/remotes/origin/exo_java [20ms]
2025-01-15 14:26:36.053 [info] > git rev-parse --show-toplevel [7ms]
2025-01-15 14:26:36.066 [info] > git rev-parse --show-toplevel [7ms]
2025-01-15 14:26:36.352 [info] > git rev-parse --show-toplevel [280ms]
2025-01-15 14:26:36.662 [info] > git rev-parse --show-toplevel [96ms]
2025-01-15 14:26:36.686 [info] [Model][doInitialScan] Initial repository scan completed - repositories (1), closed repositories (0), parent repositories (0), unsafe repositories (0)
2025-01-15 14:26:36.759 [info] > git show --textconv :exo11/exo11.html [40ms]
2025-01-15 14:26:36.777 [info] > git ls-files --stage -- /var/www/html/TP_js/exo11/exo11.html [22ms]
2025-01-15 14:26:36.909 [info] > git cat-file -s 37d0856c969e6f3744e9ffc360399805662f4870 [103ms]
2025-01-15 14:26:37.026 [info] > git blame --root --incremental fc43896cdae20e9d2944c3a25159474e9df10f0a -- /var/www/html/TP_js/exo11/exo11.html [38ms]
2025-01-15 14:29:37.373 [info] > git fetch [504ms]
2025-01-15 14:29:37.393 [info] > git config --get commit.template [11ms]
2025-01-15 14:29:37.397 [info] > git for-each-ref --format=%(refname)%00%(upstream:short)%00%(objectname)%00%(upstream:track)%00%(upstream:remotename)%00%(upstream:remoteref) refs/heads/exo_java refs/remotes/exo_java [6ms]
2025-01-15 14:29:37.413 [info] > git status -z -uall [10ms]
2025-01-15 14:29:37.420 [info] > git for-each-ref --sort -committerdate --format %(refname) %(objectname) %(*objectname) [10ms]
2025-01-15 14:29:38.524 [info] > git config --get commit.template [7ms]
2025-01-15 14:29:38.527 [info] > git for-each-ref --format=%(refname)%00%(upstream:short)%00%(objectname)%00%(upstream:track)%00%(upstream:remotename)%00%(upstream:remoteref) refs/heads/exo_java refs/remotes/exo_java [5ms]
2025-01-15 14:29:38.539 [info] > git status -z -uall [8ms]
2025-01-15 14:29:38.544 [info] > git for-each-ref --sort -committerdate --format %(refname) %(objectname) %(*objectname) [6ms]
2025-01-15 14:29:38.617 [info] > git ls-files --stage -- /var/www/html/TP_js/exo11/exo11.html [4ms]
2025-01-15 14:29:38.629 [info] > git cat-file -s 37d0856c969e6f3744e9ffc360399805662f4870 [4ms]
2025-01-15 14:29:38.648 [info] > git show --textconv :exo11/exo11.html [7ms]
2025-01-15 14:39:08.308 [info] > git fetch [469ms]
2025-01-15 14:39:08.325 [info] > git config --get commit.template [8ms]
2025-01-15 14:39:08.328 [info] > git for-each-ref --format=%(refname)%00%(upstream:short)%00%(objectname)%00%(upstream:track)%00%(upstream:remotename)%00%(upstream:remoteref) refs/heads/exo_java refs/remotes/exo_java [5ms]
2025-01-15 14:39:08.351 [info] > git status -z -uall [18ms]
2025-01-15 14:39:08.352 [info] > git for-each-ref --sort -committerdate --format %(refname) %(objectname) %(*objectname) [11ms]
2025-01-15 14:39:09.457 [info] > git config --get commit.template [13ms]
2025-01-15 14:39:09.461 [info] > git for-each-ref --format=%(refname)%00%(upstream:short)%00%(objectname)%00%(upstream:track)%00%(upstream:remotename)%00%(upstream:remoteref) refs/heads/exo_java refs/remotes/exo_java [6ms]
2025-01-15 14:39:09.475 [info] > git status -z -uall [9ms]
2025-01-15 14:39:09.480 [info] > git for-each-ref --sort -committerdate --format %(refname) %(objectname) %(*objectname) [7ms]
2025-01-15 14:39:09.559 [info] > git ls-files --stage -- /var/www/html/TP_js/exo11/exo11.html [6ms]
2025-01-15 14:39:09.567 [info] > git cat-file -s 37d0856c969e6f3744e9ffc360399805662f4870 [3ms]
2025-01-15 14:39:09.581 [info] > git show --textconv :exo11/exo11.html [4ms]
2025-01-15 14:41:23.334 [info] > git show --textconv :exo11/exo11.js [625ms]
2025-01-15 14:41:23.335 [info] > git ls-files --stage -- /var/www/html/TP_js/exo11/exo11.js [612ms]
2025-01-15 14:41:23.626 [info] > git cat-file -s 66da35dbe3526ce2bd4e6d76554826af4b22ee42 [238ms]
2025-01-15 14:41:23.819 [info] > git blame --root --incremental fc43896cdae20e9d2944c3a25159474e9df10f0a -- /var/www/html/TP_js/exo11/exo11.js [72ms]
2025-01-15 14:41:25.424 [info] > git config --get commit.template [32ms]
2025-01-15 14:41:25.507 [info] > git for-each-ref --format=%(refname)%00%(upstream:short)%00%(objectname)%00%(upstream:track)%00%(upstream:remotename)%00%(upstream:remoteref) refs/heads/exo_java refs/remotes/exo_java [38ms]
2025-01-15 14:41:25.627 [info] > git status -z -uall [84ms]
2025-01-15 14:41:25.627 [info] > git for-each-ref --sort -committerdate --format %(refname) %(objectname) %(*objectname) [44ms]
2025-01-15 14:41:38.917 [info] > git config --get commit.template [11ms]
2025-01-15 14:41:38.921 [info] > git for-each-ref --format=%(refname)%00%(upstream:short)%00%(objectname)%00%(upstream:track)%00%(upstream:remotename)%00%(upstream:remoteref) refs/heads/exo_java refs/remotes/exo_java [6ms]
2025-01-15 14:41:38.937 [info] > git status -z -uall [10ms]
2025-01-15 14:41:38.941 [info] > git for-each-ref --sort -committerdate --format %(refname) %(objectname) %(*objectname) [6ms]
2025-01-15 14:41:43.979 [info] > git config --get commit.template [11ms]
2025-01-15 14:41:43.983 [info] > git for-each-ref --format=%(refname)%00%(upstream:short)%00%(objectname)%00%(upstream:track)%00%(upstream:remotename)%00%(upstream:remoteref) refs/heads/exo_java refs/remotes/exo_java [5ms]
2025-01-15 14:41:44.026 [info] > git status -z -uall [37ms]
2025-01-15 14:41:44.027 [info] > git for-each-ref --sort -committerdate --format %(refname) %(objectname) %(*objectname) [28ms]
2025-01-15 14:41:49.054 [info] > git config --get commit.template [11ms]
2025-01-15 14:41:49.057 [info] > git for-each-ref --format=%(refname)%00%(upstream:short)%00%(objectname)%00%(upstream:track)%00%(upstream:remotename)%00%(upstream:remoteref) refs/heads/exo_java refs/remotes/exo_java [5ms]
2025-01-15 14:41:49.077 [info] > git status -z -uall [13ms]
2025-01-15 14:41:49.081 [info] > git for-each-ref --sort -committerdate --format %(refname) %(objectname) %(*objectname) [5ms]
2025-01-15 14:41:54.110 [info] > git config --get commit.template [10ms]
2025-01-15 14:41:54.114 [info] > git for-each-ref --format=%(refname)%00%(upstream:short)%00%(objectname)%00%(upstream:track)%00%(upstream:remotename)%00%(upstream:remoteref) refs/heads/exo_java refs/remotes/exo_java [4ms]
2025-01-15 14:41:54.135 [info] > git status -z -uall [9ms]
2025-01-15 14:41:54.139 [info] > git for-each-ref --sort -committerdate --format %(refname) %(objectname) %(*objectname) [5ms]
2025-01-15 14:42:09.433 [info] > git fetch [1060ms]
2025-01-15 14:42:09.453 [info] > git config --get commit.template [9ms]
2025-01-15 14:42:09.457 [info] > git for-each-ref --format=%(refname)%00%(upstream:short)%00%(objectname)%00%(upstream:track)%00%(upstream:remotename)%00%(upstream:remoteref) refs/heads/exo_java refs/remotes/exo_java [7ms]
2025-01-15 14:42:09.479 [info] > git status -z -uall [15ms]
2025-01-15 14:42:09.483 [info] > git for-each-ref --sort -committerdate --format %(refname) %(objectname) %(*objectname) [6ms]
2025-01-15 14:42:10.598 [info] > git ls-files --stage -- /var/www/html/TP_js/exo11/exo11.js [4ms]
2025-01-15 14:42:10.606 [info] > git cat-file -s 66da35dbe3526ce2bd4e6d76554826af4b22ee42 [3ms]
2025-01-15 14:42:10.622 [info] > git show --textconv :exo11/exo11.js [3ms]
2025-01-15 14:42:30.207 [info] > git show --textconv :exo11/exo11.html [17ms]
2025-01-15 14:42:30.212 [info] > git ls-files --stage -- /var/www/html/TP_js/exo11/exo11.html [13ms]
2025-01-15 14:42:30.226 [info] > git cat-file -s 37d0856c969e6f3744e9ffc360399805662f4870 [7ms]
2025-01-15 14:42:34.790 [info] > git config --get commit.template [20ms]
2025-01-15 14:42:34.797 [info] > git for-each-ref --format=%(refname)%00%(upstream:short)%00%(objectname)%00%(upstream:track)%00%(upstream:remotename)%00%(upstream:remoteref) refs/heads/exo_java refs/remotes/exo_java [10ms]
2025-01-15 14:42:34.838 [info] > git status -z -uall [21ms]
2025-01-15 14:42:34.847 [info] > git for-each-ref --sort -committerdate --format %(refname) %(objectname) %(*objectname) [12ms]
2025-01-15 14:42:58.253 [info] > git config --get commit.template [30ms]
2025-01-15 14:42:58.255 [info] > git for-each-ref --format=%(refname)%00%(upstream:short)%00%(objectname)%00%(upstream:track)%00%(upstream:remotename)%00%(upstream:remoteref) refs/heads/exo_java refs/remotes/exo_java [8ms]
2025-01-15 14:42:58.276 [info] > git status -z -uall [12ms]
2025-01-15 14:42:58.281 [info] > git for-each-ref --sort -committerdate --format %(refname) %(objectname) %(*objectname) [5ms]
2025-01-15 14:43:07.234 [info] > git show --textconv :exo11/exo11.css [36ms]
2025-01-15 14:43:07.235 [info] > git ls-files --stage -- /var/www/html/TP_js/exo11/exo11.css [25ms]
2025-01-15 14:43:07.245 [info] > git cat-file -s 9be674c32b01e21964664ce85d0f5e85ce7c78c8 [4ms]
2025-01-15 14:43:07.264 [info] > git blame --root --incremental fc43896cdae20e9d2944c3a25159474e9df10f0a -- /var/www/html/TP_js/exo11/exo11.css [5ms]
2025-01-15 14:43:10.886 [info] > git show --textconv :exo11/exo11.html [11ms]
2025-01-15 14:43:10.890 [info] > git ls-files --stage -- /var/www/html/TP_js/exo11/exo11.html [5ms]
2025-01-15 14:43:10.902 [info] > git cat-file -s 37d0856c969e6f3744e9ffc360399805662f4870 [3ms]
2025-01-15 14:43:11.754 [info] > git config --get commit.template [9ms]
2025-01-15 14:43:11.757 [info] > git for-each-ref --format=%(refname)%00%(upstream:short)%00%(objectname)%00%(upstream:track)%00%(upstream:remotename)%00%(upstream:remoteref) refs/heads/exo_java refs/remotes/exo_java [4ms]
2025-01-15 14:43:11.781 [info] > git status -z -uall [17ms]
2025-01-15 14:43:11.784 [info] > git for-each-ref --sort -committerdate --format %(refname) %(objectname) %(*objectname) [9ms]
2025-01-15 14:43:11.831 [info] > git show --textconv :exo11/exo11.js [12ms]
2025-01-15 14:43:11.834 [info] > git ls-files --stage -- /var/www/html/TP_js/exo11/exo11.js [4ms]
2025-01-15 14:43:11.842 [info] > git cat-file -s 66da35dbe3526ce2bd4e6d76554826af4b22ee42 [2ms]
2025-01-15 14:44:20.076 [info] > git show --textconv :exo11/exo11.html [11ms]
2025-01-15 14:44:20.080 [info] > git ls-files --stage -- /var/www/html/TP_js/exo11/exo11.html [5ms]
2025-01-15 14:44:20.089 [info] > git cat-file -s 37d0856c969e6f3744e9ffc360399805662f4870 [2ms]
2025-01-15 14:44:57.352 [info] > git show --textconv :exo11/exo11.js [12ms]
2025-01-15 14:44:57.356 [info] > git ls-files --stage -- /var/www/html/TP_js/exo11/exo11.js [5ms]
2025-01-15 14:44:57.385 [info] > git cat-file -s 66da35dbe3526ce2bd4e6d76554826af4b22ee42 [23ms]
2025-01-15 14:45:09.114 [info] > git config --get commit.template [12ms]
2025-01-15 14:45:09.118 [info] > git for-each-ref --format=%(refname)%00%(upstream:short)%00%(objectname)%00%(upstream:track)%00%(upstream:remotename)%00%(upstream:remoteref) refs/heads/exo_java refs/remotes/exo_java [6ms]
2025-01-15 14:45:09.135 [info] > git status -z -uall [11ms]
2025-01-15 14:45:09.139 [info] > git for-each-ref --sort -committerdate --format %(refname) %(objectname) %(*objectname) [5ms]
2025-01-15 14:45:09.952 [info] > git fetch [457ms]
2025-01-15 14:45:09.969 [info] > git config --get commit.template [8ms]
2025-01-15 14:45:09.972 [info] > git for-each-ref --format=%(refname)%00%(upstream:short)%00%(objectname)%00%(upstream:track)%00%(upstream:remotename)%00%(upstream:remoteref) refs/heads/exo_java refs/remotes/exo_java [4ms]
2025-01-15 14:45:09.991 [info] > git status -z -uall [13ms]
2025-01-15 14:45:09.995 [info] > git for-each-ref --sort -committerdate --format %(refname) %(objectname) %(*objectname) [7ms]
2025-01-15 14:45:11.204 [info] > git ls-files --stage -- /var/www/html/TP_js/exo11/exo11.js [4ms]
2025-01-15 14:45:11.213 [info] > git cat-file -s 66da35dbe3526ce2bd4e6d76554826af4b22ee42 [2ms]
2025-01-15 14:45:11.228 [info] > git show --textconv :exo11/exo11.js [4ms]
2025-01-15 14:45:14.162 [info] > git config --get commit.template [9ms]
2025-01-15 14:45:14.165 [info] > git for-each-ref --format=%(refname)%00%(upstream:short)%00%(objectname)%00%(upstream:track)%00%(upstream:remotename)%00%(upstream:remoteref) refs/heads/exo_java refs/remotes/exo_java [4ms]
2025-01-15 14:45:14.181 [info] > git status -z -uall [10ms]
2025-01-15 14:45:14.185 [info] > git for-each-ref --sort -committerdate --format %(refname) %(objectname) %(*objectname) [7ms]
2025-01-15 14:45:34.846 [info] > git config --get commit.template [20ms]
2025-01-15 14:45:34.849 [info] > git for-each-ref --format=%(refname)%00%(upstream:short)%00%(objectname)%00%(upstream:track)%00%(upstream:remotename)%00%(upstream:remoteref) refs/heads/exo_java refs/remotes/exo_java [5ms]
2025-01-15 14:45:34.868 [info] > git status -z -uall [11ms]
2025-01-15 14:45:34.872 [info] > git for-each-ref --sort -committerdate --format %(refname) %(objectname) %(*objectname) [8ms]
2025-01-15 14:48:10.478 [info] > git fetch [457ms]
2025-01-15 14:48:10.498 [info] > git config --get commit.template [9ms]
2025-01-15 14:48:10.502 [info] > git for-each-ref --format=%(refname)%00%(upstream:short)%00%(objectname)%00%(upstream:track)%00%(upstream:remotename)%00%(upstream:remoteref) refs/heads/exo_java refs/remotes/exo_java [5ms]
2025-01-15 14:48:10.519 [info] > git status -z -uall [10ms]
2025-01-15 14:48:10.523 [info] > git for-each-ref --sort -committerdate --format %(refname) %(objectname) %(*objectname) [5ms]
2025-01-15 14:48:11.621 [info] > git config --get commit.template [9ms]
2025-01-15 14:48:11.624 [info] > git for-each-ref --format=%(refname)%00%(upstream:short)%00%(objectname)%00%(upstream:track)%00%(upstream:remotename)%00%(upstream:remoteref) refs/heads/exo_java refs/remotes/exo_java [4ms]
2025-01-15 14:48:11.643 [info] > git status -z -uall [13ms]
2025-01-15 14:48:11.649 [info] > git for-each-ref --sort -committerdate --format %(refname) %(objectname) %(*objectname) [11ms]
2025-01-15 14:48:11.733 [info] > git ls-files --stage -- /var/www/html/TP_js/exo11/exo11.js [5ms]
2025-01-15 14:48:11.741 [info] > git cat-file -s 66da35dbe3526ce2bd4e6d76554826af4b22ee42 [3ms]
2025-01-15 14:48:11.758 [info] > git show --textconv :exo11/exo11.js [5ms]
2025-01-15 14:49:53.262 [info] > git show --textconv :exo10/exo10.js [38ms]
2025-01-15 14:49:53.271 [info] > git ls-files --stage -- /var/www/html/TP_js/exo10/exo10.js [34ms]
2025-01-15 14:49:53.299 [info] > git cat-file -s 76dbf1926eb814e827f06978183259f8c9b8cf84 [5ms]
2025-01-15 14:49:53.338 [info] > git blame --root --incremental fc43896cdae20e9d2944c3a25159474e9df10f0a -- /var/www/html/TP_js/exo10/exo10.js [14ms]
2025-01-15 14:51:51.952 [info] > git fetch [472ms]
2025-01-15 14:51:51.973 [info] > git config --get commit.template [10ms]
2025-01-15 14:51:51.977 [info] > git for-each-ref --format=%(refname)%00%(upstream:short)%00%(objectname)%00%(upstream:track)%00%(upstream:remotename)%00%(upstream:remoteref) refs/heads/exo_java refs/remotes/exo_java [5ms]
2025-01-15 14:51:52.005 [info] > git status -z -uall [22ms]
2025-01-15 14:51:52.005 [info] > git for-each-ref --sort -committerdate --format %(refname) %(objectname) %(*objectname) [12ms]
2025-01-15 14:51:53.099 [info] > git config --get commit.template [10ms]
2025-01-15 14:51:53.102 [info] > git for-each-ref --format=%(refname)%00%(upstream:short)%00%(objectname)%00%(upstream:track)%00%(upstream:remotename)%00%(upstream:remoteref) refs/heads/exo_java refs/remotes/exo_java [4ms]
2025-01-15 14:51:53.119 [info] > git status -z -uall [10ms]
2025-01-15 14:51:53.123 [info] > git for-each-ref --sort -committerdate --format %(refname) %(objectname) %(*objectname) [5ms]
2025-01-15 14:51:53.197 [info] > git ls-files --stage -- /var/www/html/TP_js/exo10/exo10.js [3ms]
2025-01-15 14:51:53.213 [info] > git cat-file -s 76dbf1926eb814e827f06978183259f8c9b8cf84 [6ms]
2025-01-15 14:51:53.237 [info] > git show --textconv :exo10/exo10.js [9ms]
2025-01-15 15:00:32.166 [info] > git fetch [492ms]
2025-01-15 15:00:32.208 [info] > git for-each-ref --format=%(refname)%00%(upstream:short)%00%(objectname)%00%(upstream:track)%00%(upstream:remotename)%00%(upstream:remoteref) refs/heads/exo_java refs/remotes/exo_java [11ms]
2025-01-15 15:00:32.208 [info] > git config --get commit.template [20ms]
2025-01-15 15:00:32.231 [info] > git status -z -uall [16ms]
2025-01-15 15:00:32.237 [info] > git for-each-ref --sort -committerdate --format %(refname) %(objectname) %(*objectname) [14ms]
2025-01-15 15:00:33.323 [info] > git config --get commit.template [9ms]
2025-01-15 15:00:33.326 [info] > git for-each-ref --format=%(refname)%00%(upstream:short)%00%(objectname)%00%(upstream:track)%00%(upstream:remotename)%00%(upstream:remoteref) refs/heads/exo_java refs/remotes/exo_java [4ms]
2025-01-15 15:00:33.348 [info] > git status -z -uall [9ms]
2025-01-15 15:00:33.352 [info] > git for-each-ref --sort -committerdate --format %(refname) %(objectname) %(*objectname) [6ms]
2025-01-15 15:00:33.416 [info] > git ls-files --stage -- /var/www/html/TP_js/exo10/exo10.js [3ms]
2025-01-15 15:00:33.429 [info] > git cat-file -s 76dbf1926eb814e827f06978183259f8c9b8cf84 [4ms]
2025-01-15 15:00:33.449 [info] > git show --textconv :exo10/exo10.js [4ms]
2025-01-15 15:25:14.507 [info] > git fetch [479ms]
2025-01-15 15:25:14.526 [info] > git config --get commit.template [10ms]
2025-01-15 15:25:14.535 [info] > git for-each-ref --format=%(refname)%00%(upstream:short)%00%(objectname)%00%(upstream:track)%00%(upstream:remotename)%00%(upstream:remoteref) refs/heads/exo_java refs/remotes/exo_java [3ms]
2025-01-15 15:25:14.555 [info] > git status -z -uall [15ms]
2025-01-15 15:25:14.560 [info] > git for-each-ref --sort -committerdate --format %(refname) %(objectname) %(*objectname) [7ms]
2025-01-15 15:25:15.517 [info] > git log --format=%H%n%aN%n%aE%n%at%n%ct%n%P%n%D%n%B -z --shortstat -n50 --skip=0 --topo-order --decorate=full --stdin [64ms]
2025-01-15 15:25:15.653 [info] > git config --get commit.template [10ms]
2025-01-15 15:25:15.655 [info] > git for-each-ref --format=%(refname)%00%(upstream:short)%00%(objectname)%00%(upstream:track)%00%(upstream:remotename)%00%(upstream:remoteref) refs/heads/exo_java refs/remotes/exo_java [4ms]
2025-01-15 15:25:15.671 [info] > git status -z -uall [9ms]
2025-01-15 15:25:15.675 [info] > git for-each-ref --sort -committerdate --format %(refname) %(objectname) %(*objectname) [4ms]
2025-01-15 15:25:16.170 [info] > git ls-files --stage -- /var/www/html/TP_js/exo10/exo10.js [3ms]
2025-01-15 15:25:16.178 [info] > git cat-file -s 76dbf1926eb814e827f06978183259f8c9b8cf84 [3ms]
2025-01-15 15:25:16.194 [info] > git show --textconv :exo10/exo10.js [3ms]
2025-01-15 15:25:17.366 [info] > git add -A -- /var/www/html/TP_js/exo11/exo11.css /var/www/html/TP_js/exo11/exo11.html /var/www/html/TP_js/exo11/exo11.js [7ms]
2025-01-15 15:25:17.386 [info] > git config --get commit.template [8ms]
2025-01-15 15:25:17.389 [info] > git for-each-ref --format=%(refname)%00%(upstream:short)%00%(objectname)%00%(upstream:track)%00%(upstream:remotename)%00%(upstream:remoteref) refs/heads/exo_java refs/remotes/exo_java [5ms]
2025-01-15 15:25:17.407 [info] > git status -z -uall [10ms]
2025-01-15 15:25:17.411 [info] > git for-each-ref --sort -committerdate --format %(refname) %(objectname) %(*objectname) [5ms]
2025-01-15 15:25:18.589 [info] > git ls-files --stage -- /var/www/html/TP_js/exo10/exo10.js [3ms]
2025-01-15 15:25:18.598 [info] > git cat-file -s 76dbf1926eb814e827f06978183259f8c9b8cf84 [5ms]
2025-01-15 15:25:18.611 [info] > git show --textconv :exo10/exo10.js [3ms]
2025-01-15 15:25:20.696 [info] > git config --get commit.template [9ms]
2025-01-15 15:25:20.699 [info] > git for-each-ref --format=%(refname)%00%(upstream:short)%00%(objectname)%00%(upstream:track)%00%(upstream:remotename)%00%(upstream:remoteref) refs/heads/exo_java refs/remotes/exo_java [4ms]
2025-01-15 15:25:20.717 [info] > git status -z -uall [12ms]
2025-01-15 15:25:20.722 [info] > git for-each-ref --sort -committerdate --format %(refname) %(objectname) %(*objectname) [5ms]
2025-01-15 15:25:49.859 [info] > git -c user.useConfigOnly=true commit --quiet --allow-empty-message --file - [17ms]
2025-01-15 15:25:49.869 [info] > git config --get commit.template [3ms]
2025-01-15 15:25:49.888 [info] > git config --get commit.template [8ms]
2025-01-15 15:25:49.897 [info] > git for-each-ref --format=%(refname)%00%(upstream:short)%00%(objectname)%00%(upstream:track)%00%(upstream:remotename)%00%(upstream:remoteref) refs/heads/exo_java refs/remotes/exo_java [4ms]
2025-01-15 15:25:49.919 [info] > git status -z -uall [16ms]
2025-01-15 15:25:49.923 [info] > git for-each-ref --sort -committerdate --format %(refname) %(objectname) %(*objectname) [5ms]
2025-01-15 15:25:49.971 [info] > git merge-base refs/heads/exo_java refs/remotes/origin/exo_java [11ms]
2025-01-15 15:25:49.987 [info] > git blame --root --incremental a83aa937ecdfcd53ba08b218ffb775c4c261b268 -- /var/www/html/TP_js/exo10/exo10.js [48ms]
2025-01-15 15:25:49.993 [info] > git diff --name-status -z --diff-filter=ADMR fc43896cdae20e9d2944c3a25159474e9df10f0a...refs/remotes/origin/exo_java [7ms]
2025-01-15 15:25:50.058 [info] > git log --format=%H%n%aN%n%aE%n%at%n%ct%n%P%n%D%n%B -z --shortstat -n50 --skip=0 --topo-order --decorate=full --stdin [39ms]
2025-01-15 15:25:50.063 [info] > git config --get commit.template [17ms]
2025-01-15 15:25:50.067 [info] > git for-each-ref --format=%(refname)%00%(upstream:short)%00%(objectname)%00%(upstream:track)%00%(upstream:remotename)%00%(upstream:remoteref) refs/heads/exo_java refs/remotes/exo_java [8ms]
2025-01-15 15:25:50.092 [info] > git status -z -uall [15ms]
2025-01-15 15:25:50.095 [info] > git for-each-ref --sort -committerdate --format %(refname) %(objectname) %(*objectname) [9ms]
2025-01-15 15:25:52.966 [info] > git log --oneline --cherry exo_java...exo_java@{upstream} -- [5ms]
2025-01-15 15:25:52.997 [info] > git ls-files --stage -- /var/www/html/TP_js/exo10/exo10.js [6ms]
2025-01-15 15:25:53.014 [info] > git cat-file -s 76dbf1926eb814e827f06978183259f8c9b8cf84 [7ms]
2025-01-15 15:25:53.033 [info] > git show --textconv :exo10/exo10.js [4ms]
2025-01-15 15:25:53.645 [info] > git pull --tags origin exo_java [669ms]
2025-01-15 15:25:53.645 [info] hint: Pulling without specifying how to reconcile divergent branches is
hint: discouraged. You can squelch this message by running one of the following
hint: commands sometime before your next pull:
hint: 
hint:   git config pull.rebase false  # merge (the default strategy)
hint:   git config pull.rebase true   # rebase
hint:   git config pull.ff only       # fast-forward only
hint: 
hint: You can replace "git config" with "git config --global" to set a default
hint: preference for all repositories. You can also pass --rebase, --no-rebase,
hint: or --ff-only on the command line to override the configured default per
hint: invocation.
From https://github.com/Brevart-eloi/exo_java
 * branch            exo_java   -> FETCH_HEAD
2025-01-15 15:25:54.847 [info] > git ls-files --stage -- /var/www/html/TP_js/exo10/exo10.js [3ms]
2025-01-15 15:25:54.855 [info] > git cat-file -s 76dbf1926eb814e827f06978183259f8c9b8cf84 [3ms]
2025-01-15 15:25:54.876 [info] > git show --textconv :exo10/exo10.js [11ms]
2025-01-15 15:25:54.926 [info] > git push origin exo_java:exo_java [1275ms]
2025-01-15 15:25:54.926 [info] To https://github.com/Brevart-eloi/exo_java.git
   fc43896..a83aa93  exo_java -> exo_java
2025-01-15 15:25:54.943 [info] > git config --get commit.template [9ms]
2025-01-15 15:25:54.946 [info] > git for-each-ref --format=%(refname)%00%(upstream:short)%00%(objectname)%00%(upstream:track)%00%(upstream:remotename)%00%(upstream:remoteref) refs/heads/exo_java refs/remotes/exo_java [3ms]
2025-01-15 15:25:54.961 [info] > git status -z -uall [10ms]
2025-01-15 15:25:54.964 [info] > git for-each-ref --sort -committerdate --format %(refname) %(objectname) %(*objectname) [6ms]
2025-01-15 15:25:55.008 [info] > git merge-base refs/heads/exo_java refs/remotes/origin/exo_java [14ms]
2025-01-15 15:25:55.052 [info] > git diff --name-status -z --diff-filter=ADMR a83aa937ecdfcd53ba08b218ffb775c4c261b268...refs/remotes/origin/exo_java [28ms]
2025-01-15 15:25:55.078 [info] > git log --format=%H%n%aN%n%aE%n%at%n%ct%n%P%n%D%n%B -z --shortstat -n50 --skip=0 --topo-order --decorate=full --stdin [33ms]
2025-01-15 15:25:56.147 [info] > git config --get commit.template [8ms]
2025-01-15 15:25:56.149 [info] > git for-each-ref --format=%(refname)%00%(upstream:short)%00%(objectname)%00%(upstream:track)%00%(upstream:remotename)%00%(upstream:remoteref) refs/heads/exo_java refs/remotes/exo_java [3ms]
2025-01-15 15:25:56.164 [info] > git status -z -uall [9ms]
2025-01-15 15:25:56.167 [info] > git for-each-ref --sort -committerdate --format %(refname) %(objectname) %(*objectname) [5ms]
2025-01-15 15:25:56.242 [info] > git ls-files --stage -- /var/www/html/TP_js/exo10/exo10.js [2ms]
2025-01-15 15:25:56.255 [info] > git cat-file -s 76dbf1926eb814e827f06978183259f8c9b8cf84 [4ms]
2025-01-15 15:25:56.271 [info] > git show --textconv :exo10/exo10.js [4ms]
