2025-01-24 11:07:18.321 [info] [main] Log level: Info
2025-01-24 11:07:18.321 [info] [main] Validating found git in: "git"
2025-01-24 11:07:18.321 [info] [main] Using git "2.30.2" from "git"
2025-01-24 11:07:18.321 [info] [Model][doInitialScan] Initial repository scan started
2025-01-24 11:07:18.321 [info] > git rev-parse --show-toplevel [105ms]
2025-01-24 11:07:18.321 [info] > git rev-parse --git-dir --git-common-dir [3140ms]
2025-01-24 11:07:18.321 [info] [Model][openRepository] Opened repository: /home/debian
2025-01-24 11:07:18.321 [info] [Model][doInitialScan] Initial repository scan completed - repositories (1), closed repositories (0), parent repositories (0), unsafe repositories (0)
2025-01-24 11:07:18.321 [info] > git fetch [2666ms]
2025-01-24 11:07:18.321 [info] > git config --get commit.template [3270ms]
2025-01-24 11:07:18.360 [info] > git check-ignore -v -z --stdin [751ms]
2025-01-24 11:07:18.371 [info] > git config --get commit.template [745ms]
2025-01-24 11:07:18.392 [info] [Git][getRemotes] No remotes found in the git config file
2025-01-24 11:07:18.604 [info] > git show --textconv :serverweb/server.js [93ms]
2025-01-24 11:07:20.190 [info] [Git][getRemotes] No remotes found in the git config file
2025-01-24 11:07:20.270 [info] > git ls-files --stage -- /home/debian/serverweb/server.js [1744ms]
2025-01-24 11:07:20.293 [info] > git for-each-ref --format=%(refname)%00%(upstream:short)%00%(objectname)%00%(upstream:track)%00%(upstream:remotename)%00%(upstream:remoteref) refs/heads/master refs/remotes/master [1902ms]
2025-01-24 11:07:20.294 [warning] [Git][getBranch] No such branch: master
2025-01-24 11:07:20.784 [info] > git for-each-ref --format=%(refname)%00%(upstream:short)%00%(objectname)%00%(upstream:track)%00%(upstream:remotename)%00%(upstream:remoteref) refs/heads/master refs/remotes/master [448ms]
2025-01-24 11:07:20.784 [warning] [Git][getBranch] No such branch: master
2025-01-24 11:07:20.804 [error] [GitHistoryProvider][resolveHEADMergeBase] Failed to resolve merge base for master: Error: No such branch: master.
2025-01-24 11:07:20.810 [info] > git for-each-ref --format=%(refname)%00%(upstream:short)%00%(objectname)%00%(upstream:track)%00%(upstream:remotename)%00%(upstream:remoteref) refs/heads/master refs/remotes/master [620ms]
2025-01-24 11:07:20.811 [warning] [Git][getBranch] No such branch: master
2025-01-24 11:07:20.972 [info] > git config --get commit.template [191ms]
2025-01-24 11:07:26.115 [info] [Git][getRemotes] No remotes found in the git config file
2025-01-24 11:07:37.548 [info] > git for-each-ref --format=%(refname)%00%(upstream:short)%00%(objectname)%00%(upstream:track)%00%(upstream:remotename)%00%(upstream:remoteref) refs/heads/master refs/remotes/master [11434ms]
2025-01-24 11:07:37.549 [warning] [Git][getBranch] No such branch: master
2025-01-24 11:07:38.622 [info] > git for-each-ref --sort -committerdate --format %(refname) %(objectname) %(*objectname) [1042ms]
2025-01-24 11:07:38.995 [info] > git status -z -uall [1432ms] (cancelled)
2025-01-24 11:07:39.260 [info] > git check-ignore -v -z --stdin [368ms]
